2025-12-28T09:27:02.8717912Z Current runner version: '2.330.0'
2025-12-28T09:27:02.8752515Z ##[group]Runner Image Provisioner
2025-12-28T09:27:02.8754182Z Hosted Compute Agent
2025-12-28T09:27:02.8755077Z Version: 20251211.462
2025-12-28T09:27:02.8756068Z Commit: 6cbad8c2bb55d58165063d031ccabf57e2d2db61
2025-12-28T09:27:02.8757360Z Build Date: 2025-12-11T16:28:49Z
2025-12-28T09:27:02.8758573Z Worker ID: {c5bcb760-98ef-440e-b048-edc15dc2b22b}
2025-12-28T09:27:02.8759830Z ##[endgroup]
2025-12-28T09:27:02.8760863Z ##[group]Operating System
2025-12-28T09:27:02.8761848Z Ubuntu
2025-12-28T09:27:02.8762620Z 24.04.3
2025-12-28T09:27:02.8763601Z LTS
2025-12-28T09:27:02.8764103Z ##[endgroup]
2025-12-28T09:27:02.8764641Z ##[group]Runner Image
2025-12-28T09:27:02.8765201Z Image: ubuntu-24.04
2025-12-28T09:27:02.8765732Z Version: 20251215.174.1
2025-12-28T09:27:02.8766743Z Included Software: https://github.com/actions/runner-images/blob/ubuntu24/20251215.174/images/ubuntu/Ubuntu2404-Readme.md
2025-12-28T09:27:02.8768323Z Image Release: https://github.com/actions/runner-images/releases/tag/ubuntu24%2F20251215.174
2025-12-28T09:27:02.8769295Z ##[endgroup]
2025-12-28T09:27:02.8770222Z ##[group]GITHUB_TOKEN Permissions
2025-12-28T09:27:02.8772226Z Metadata: read
2025-12-28T09:27:02.8772842Z ##[endgroup]
2025-12-28T09:27:02.8775194Z Secret source: Actions
2025-12-28T09:27:02.8776238Z Prepare workflow directory
2025-12-28T09:27:02.9187311Z Prepare all required actions
2025-12-28T09:27:02.9241661Z Getting action download info
2025-12-28T09:27:03.2468941Z Download action repository 'actions/download-artifact@v4' (SHA:d3f86a106a0bac45b974a628896c90dbdf5c8093)
2025-12-28T09:27:03.9424914Z Download action repository 'pypa/gh-action-pypi-publish@release/v1' (SHA:ed0c53931b1dc9bd32cbe73a98c7f6766f8a527e)
2025-12-28T09:27:04.3631753Z Getting action download info
2025-12-28T09:27:04.4987370Z Download action repository 'actions/setup-python@a26af69be951a213d495a4c3e4e4022e16d87065' (SHA:a26af69be951a213d495a4c3e4e4022e16d87065)
2025-12-28T09:27:04.6139416Z Complete job name: publish
2025-12-28T09:27:04.6858286Z ##[group]Run actions/download-artifact@v4
2025-12-28T09:27:04.6859566Z with:
2025-12-28T09:27:04.6860218Z   pattern: wheels-*
2025-12-28T09:27:04.6860924Z   path: dist
2025-12-28T09:27:04.6861579Z   merge-multiple: true
2025-12-28T09:27:04.6862382Z   repository: petrasvestartas/wood_nano
2025-12-28T09:27:04.6863438Z   run-id: 20551663192
2025-12-28T09:27:04.6864508Z ##[endgroup]
2025-12-28T09:27:05.0381113Z Found 5 artifact(s)
2025-12-28T09:27:05.0383669Z Filtering artifacts by pattern 'wheels-*'
2025-12-28T09:27:05.0401157Z Preparing to download the following artifacts:
2025-12-28T09:27:05.0404924Z - wheels-windows (ID: 4978106117, Size: 6271946, Expected Digest: sha256:6db878941933caff5b938c241af0c65b92b6619c70a56e21ad6784ddc806bfa1)
2025-12-28T09:27:05.0410392Z - wheels-manylinux (ID: 4978096116, Size: 7621372, Expected Digest: sha256:91e1a4b7af5ab0eaa29eccb8d5b2fe483647620be41c32b8066c6a7b6b04bac3)
2025-12-28T09:27:05.0416137Z - wheels-mac-intel (ID: 4978088817, Size: 6610473, Expected Digest: sha256:0b57e3cb0f19ead354c79b2ca88a68bb5429240d5588e44125e438fbbd9e6cea)
2025-12-28T09:27:05.0421304Z - wheels-mac-arm (ID: 4978080376, Size: 6759221, Expected Digest: sha256:88115f64fc81205baad26da7aa286223e4274f193dd5fb99bc9448604113ff18)
2025-12-28T09:27:05.1476929Z Redirecting to blob download url: https://productionresultssa8.blob.core.windows.net/actions-results/b2439eb9-ccca-447f-8044-9d1cf45c088d/workflow-job-run-83596649-5f34-5772-92dd-5664a7a3416b/artifacts/81d765cdce25c2dc02d0fbc9eddb540988f0ceb151736fc92e247f5b007b7b14.zip
2025-12-28T09:27:05.1482256Z Starting download of artifact to: /home/runner/work/wood_nano/wood_nano/dist
2025-12-28T09:27:05.1780934Z Redirecting to blob download url: https://productionresultssa8.blob.core.windows.net/actions-results/b2439eb9-ccca-447f-8044-9d1cf45c088d/workflow-job-run-d3530e90-3f25-535a-ad73-6914a0b68c2a/artifacts/1b019fe22b2a2c21df93f2a4a9a4c37c57418324b434cebce43608766435523b.zip
2025-12-28T09:27:05.1786133Z Starting download of artifact to: /home/runner/work/wood_nano/wood_nano/dist
2025-12-28T09:27:05.1823183Z Redirecting to blob download url: https://productionresultssa8.blob.core.windows.net/actions-results/b2439eb9-ccca-447f-8044-9d1cf45c088d/workflow-job-run-e1fe9c58-a204-5dd6-86ec-72ba2ef9576a/artifacts/9310f38c7b074bd291b9dd7fe4484ccd2934371bc2d5382878a50c6f6fbc3047.zip
2025-12-28T09:27:05.1828271Z Starting download of artifact to: /home/runner/work/wood_nano/wood_nano/dist
2025-12-28T09:27:05.2052397Z Redirecting to blob download url: https://productionresultssa8.blob.core.windows.net/actions-results/b2439eb9-ccca-447f-8044-9d1cf45c088d/workflow-job-run-82ffd29e-41a5-5764-b199-566a7ecbe186/artifacts/6e0ad3a904aad4ef2448f181bee3d09c37ba00c40fde6bdc4f1b1167f5ff3bf5.zip
2025-12-28T09:27:05.2057106Z Starting download of artifact to: /home/runner/work/wood_nano/wood_nano/dist
2025-12-28T09:27:05.2826901Z (node:2002) [DEP0005] DeprecationWarning: Buffer() is deprecated due to security and usability issues. Please use the Buffer.alloc(), Buffer.allocUnsafe(), or Buffer.from() methods instead.
2025-12-28T09:27:05.2830154Z (Use `node --trace-deprecation ...` to show where the warning was created)
2025-12-28T09:27:05.6600646Z SHA256 digest of downloaded artifact is 6db878941933caff5b938c241af0c65b92b6619c70a56e21ad6784ddc806bfa1
2025-12-28T09:27:05.6604624Z Artifact download completed successfully.
2025-12-28T09:27:05.7163454Z SHA256 digest of downloaded artifact is 88115f64fc81205baad26da7aa286223e4274f193dd5fb99bc9448604113ff18
2025-12-28T09:27:05.7167485Z Artifact download completed successfully.
2025-12-28T09:27:05.7267780Z SHA256 digest of downloaded artifact is 0b57e3cb0f19ead354c79b2ca88a68bb5429240d5588e44125e438fbbd9e6cea
2025-12-28T09:27:05.7269782Z Artifact download completed successfully.
2025-12-28T09:27:05.7311028Z SHA256 digest of downloaded artifact is 91e1a4b7af5ab0eaa29eccb8d5b2fe483647620be41c32b8066c6a7b6b04bac3
2025-12-28T09:27:05.7315076Z Artifact download completed successfully.
2025-12-28T09:27:05.7323409Z Total of 4 artifact(s) downloaded
2025-12-28T09:27:05.7325321Z Download artifact has finished successfully
2025-12-28T09:27:05.7611318Z ##[group]Run actions/download-artifact@v4
2025-12-28T09:27:05.7612539Z with:
2025-12-28T09:27:05.7613573Z   name: sdist
2025-12-28T09:27:05.7614445Z   path: dist
2025-12-28T09:27:05.7615350Z   merge-multiple: false
2025-12-28T09:27:05.7616403Z   repository: petrasvestartas/wood_nano
2025-12-28T09:27:05.7617569Z   run-id: 20551663192
2025-12-28T09:27:05.7618503Z ##[endgroup]
2025-12-28T09:27:05.9585145Z Downloading single artifact
2025-12-28T09:27:06.0996350Z Preparing to download the following artifacts:
2025-12-28T09:27:06.0998953Z - sdist (ID: 4978067913, Size: 103385371, Expected Digest: sha256:6ff45e74626116038b925d96c4de906fe94a17cec7dd60c124507e7f3e4b0337)
2025-12-28T09:27:06.1859334Z Redirecting to blob download url: https://productionresultssa8.blob.core.windows.net/actions-results/b2439eb9-ccca-447f-8044-9d1cf45c088d/workflow-job-run-1725d797-c254-5658-b334-b8deabd31ace/artifacts/714772a9f82b2aeb4fa5f7092d00fe4ac4c9cdeb6800840b6ed39ea64c4d785a.zip
2025-12-28T09:27:06.1865668Z Starting download of artifact to: /home/runner/work/wood_nano/wood_nano/dist
2025-12-28T09:27:06.3550661Z (node:2014) [DEP0005] DeprecationWarning: Buffer() is deprecated due to security and usability issues. Please use the Buffer.alloc(), Buffer.allocUnsafe(), or Buffer.from() methods instead.
2025-12-28T09:27:06.3554859Z (Use `node --trace-deprecation ...` to show where the warning was created)
2025-12-28T09:27:08.0822422Z SHA256 digest of downloaded artifact is 6ff45e74626116038b925d96c4de906fe94a17cec7dd60c124507e7f3e4b0337
2025-12-28T09:27:08.0823384Z Artifact download completed successfully.
2025-12-28T09:27:08.0823759Z Total of 1 artifact(s) downloaded
2025-12-28T09:27:08.0830377Z Download artifact has finished successfully
2025-12-28T09:27:08.0977815Z ##[group]Run ls -lhR dist
2025-12-28T09:27:08.0978172Z [36;1mls -lhR dist[0m
2025-12-28T09:27:08.1014684Z shell: /usr/bin/bash -e {0}
2025-12-28T09:27:08.1015207Z ##[endgroup]
2025-12-28T09:27:08.1099964Z dist:
2025-12-28T09:27:08.1100316Z total 120M
2025-12-28T09:27:08.1101057Z -rw-r--r-- 1 runner runner 1.7M Dec 28 09:27 wood_nano-0.3.3-cp310-cp310-macosx_11_0_arm64.whl
2025-12-28T09:27:08.1102012Z -rw-r--r-- 1 runner runner 1.9M Dec 28 09:27 wood_nano-0.3.3-cp310-cp310-manylinux_2_28_x86_64.whl
2025-12-28T09:27:08.1103181Z -rw-r--r-- 1 runner runner 1.5M Dec 28 09:27 wood_nano-0.3.3-cp310-cp310-win_amd64.whl
2025-12-28T09:27:08.1104280Z -rw-r--r-- 1 runner runner 1.6M Dec 28 09:27 wood_nano-0.3.3-cp311-cp311-macosx_11_0_arm64.whl
2025-12-28T09:27:08.1105118Z -rw-r--r-- 1 runner runner 1.9M Dec 28 09:27 wood_nano-0.3.3-cp311-cp311-manylinux_2_28_x86_64.whl
2025-12-28T09:27:08.1105702Z -rw-r--r-- 1 runner runner 1.5M Dec 28 09:27 wood_nano-0.3.3-cp311-cp311-win_amd64.whl
2025-12-28T09:27:08.1106260Z -rw-r--r-- 1 runner runner 1.7M Dec 28 09:27 wood_nano-0.3.3-cp312-abi3-macosx_11_0_arm64.whl
2025-12-28T09:27:08.1106807Z -rw-r--r-- 1 runner runner 1.9M Dec 28 09:27 wood_nano-0.3.3-cp312-abi3-manylinux_2_28_x86_64.whl
2025-12-28T09:27:08.1107332Z -rw-r--r-- 1 runner runner 1.5M Dec 28 09:27 wood_nano-0.3.3-cp312-abi3-win_amd64.whl
2025-12-28T09:27:08.1107841Z -rw-r--r-- 1 runner runner 1.7M Dec 28 09:27 wood_nano-0.3.3-cp39-cp39-macosx_11_0_arm64.whl
2025-12-28T09:27:08.1108356Z -rw-r--r-- 1 runner runner 1.9M Dec 28 09:27 wood_nano-0.3.3-cp39-cp39-manylinux_2_28_x86_64.whl
2025-12-28T09:27:08.1108847Z -rw-r--r-- 1 runner runner 1.5M Dec 28 09:27 wood_nano-0.3.3-cp39-cp39-win_amd64.whl
2025-12-28T09:27:08.1109295Z -rw-r--r-- 1 runner runner 100M Dec 28 09:27 wood_nano-0.3.3.tar.gz
2025-12-28T09:27:08.1325909Z ##[group]Run pypa/gh-action-pypi-publish@release/v1
2025-12-28T09:27:08.1326271Z with:
2025-12-28T09:27:08.1326473Z   user: __token__
2025-12-28T09:27:08.1326755Z   repository_url: https://upload.pypi.org/legacy/
2025-12-28T09:27:08.1327058Z   packages_dir: dist
2025-12-28T09:27:08.1327284Z   verify_metadata: true
2025-12-28T09:27:08.1327529Z   skip_existing: false
2025-12-28T09:27:08.1327780Z   verbose: false
2025-12-28T09:27:08.1327983Z   print_hash: false
2025-12-28T09:27:08.1328205Z   attestations: true
2025-12-28T09:27:08.1328416Z ##[endgroup]
2025-12-28T09:27:08.1417105Z ##[group]Run # Reset path if needed
2025-12-28T09:27:08.1417434Z [36;1m# Reset path if needed[0m
2025-12-28T09:27:08.1417832Z [36;1m# https://github.com/pypa/gh-action-pypi-publish/issues/112[0m
2025-12-28T09:27:08.1418238Z [36;1mif [[ $PATH != *"/usr/bin"* ]]; then[0m
2025-12-28T09:27:08.1418611Z [36;1m  echo "\$PATH=$PATH. Resetting \$PATH for GitHub Actions."[0m
2025-12-28T09:27:08.1419092Z [36;1m  PATH="/usr/local/sbin:/usr/local/bin:/usr/sbin:/usr/bin:/sbin:/bin"[0m
2025-12-28T09:27:08.1419486Z [36;1m  echo "PATH=$PATH" >>"$GITHUB_ENV"[0m
2025-12-28T09:27:08.1419858Z [36;1m  echo "$PATH" >>"$GITHUB_PATH"[0m
2025-12-28T09:27:08.1420192Z [36;1m  echo "\$PATH reset. \$PATH=$PATH"[0m
2025-12-28T09:27:08.1420460Z [36;1mfi[0m
2025-12-28T09:27:08.1454290Z shell: /usr/bin/bash --noprofile --norc -e -o pipefail {0}
2025-12-28T09:27:08.1454663Z ##[endgroup]
2025-12-28T09:27:08.1531281Z ##[group]Run # 🔎 Discover pre-installed Python
2025-12-28T09:27:08.1531639Z [36;1m# 🔎 Discover pre-installed Python[0m
2025-12-28T09:27:08.1532080Z [36;1mecho "python-path=$(command -v python3 || :)" | tee -a "${GITHUB_OUTPUT}"[0m
2025-12-28T09:27:08.1561321Z shell: /usr/bin/bash --noprofile --norc -e -o pipefail {0}
2025-12-28T09:27:08.1561691Z ##[endgroup]
2025-12-28T09:27:08.1620336Z python-path=/usr/bin/python3
2025-12-28T09:27:08.1706278Z ##[group]Run # Create Docker container action
2025-12-28T09:27:08.1706660Z [36;1m# Create Docker container action[0m
2025-12-28T09:27:08.1707252Z [36;1m/usr/bin/python3 '/home/runner/work/_actions/pypa/gh-action-pypi-publish/release/v1/create-docker-action.py'[0m
2025-12-28T09:27:08.1738614Z shell: /usr/bin/bash --noprofile --norc -e -o pipefail {0}
2025-12-28T09:27:08.1738995Z env:
2025-12-28T09:27:08.1739205Z   REF: release/v1
2025-12-28T09:27:08.1739646Z   REPO: pypa/gh-action-pypi-publish
2025-12-28T09:27:08.1739929Z   REPO_ID: 786381711
2025-12-28T09:27:08.1740149Z ##[endgroup]
2025-12-28T09:27:08.2167164Z ##[group]Run ./.github/.tmp/.generated-actions/run-pypi-publish-in-docker-container
2025-12-28T09:27:08.2167608Z with:
2025-12-28T09:27:08.2167813Z   user: __token__
2025-12-28T09:27:08.2168091Z   repository-url: https://upload.pypi.org/legacy/
2025-12-28T09:27:08.2168407Z   packages-dir: dist
2025-12-28T09:27:08.2168640Z   verify-metadata: true
2025-12-28T09:27:08.2168871Z   skip-existing: false
2025-12-28T09:27:08.2169092Z   verbose: false
2025-12-28T09:27:08.2169314Z   print-hash: false
2025-12-28T09:27:08.2169524Z   attestations: true
2025-12-28T09:27:08.2169732Z ##[endgroup]
2025-12-28T09:27:08.2299723Z ##[command]/usr/bin/docker run --name ghcriopypaghactionpypipublishreleasev1_c2a19e --label 2d0f25 --workdir /github/workspace --rm -e "INPUT_USER" -e "INPUT_PASSWORD" -e "INPUT_REPOSITORY-URL" -e "INPUT_PACKAGES-DIR" -e "INPUT_VERIFY-METADATA" -e "INPUT_SKIP-EXISTING" -e "INPUT_VERBOSE" -e "INPUT_PRINT-HASH" -e "INPUT_ATTESTATIONS" -e "HOME" -e "GITHUB_JOB" -e "GITHUB_REF" -e "GITHUB_SHA" -e "GITHUB_REPOSITORY" -e "GITHUB_REPOSITORY_OWNER" -e "GITHUB_REPOSITORY_OWNER_ID" -e "GITHUB_RUN_ID" -e "GITHUB_RUN_NUMBER" -e "GITHUB_RETENTION_DAYS" -e "GITHUB_RUN_ATTEMPT" -e "GITHUB_ACTOR_ID" -e "GITHUB_ACTOR" -e "GITHUB_WORKFLOW" -e "GITHUB_HEAD_REF" -e "GITHUB_BASE_REF" -e "GITHUB_EVENT_NAME" -e "GITHUB_SERVER_URL" -e "GITHUB_API_URL" -e "GITHUB_GRAPHQL_URL" -e "GITHUB_REF_NAME" -e "GITHUB_REF_PROTECTED" -e "GITHUB_REF_TYPE" -e "GITHUB_WORKFLOW_REF" -e "GITHUB_WORKFLOW_SHA" -e "GITHUB_REPOSITORY_ID" -e "GITHUB_TRIGGERING_ACTOR" -e "GITHUB_WORKSPACE" -e "GITHUB_ACTION" -e "GITHUB_EVENT_PATH" -e "GITHUB_ACTION_REPOSITORY" -e "GITHUB_ACTION_REF" -e "GITHUB_PATH" -e "GITHUB_ENV" -e "GITHUB_STEP_SUMMARY" -e "GITHUB_STATE" -e "GITHUB_OUTPUT" -e "GITHUB_ACTION_PATH" -e "RUNNER_OS" -e "RUNNER_ARCH" -e "RUNNER_NAME" -e "RUNNER_ENVIRONMENT" -e "RUNNER_TOOL_CACHE" -e "RUNNER_TEMP" -e "RUNNER_WORKSPACE" -e "ACTIONS_RUNTIME_URL" -e "ACTIONS_RUNTIME_TOKEN" -e "ACTIONS_CACHE_URL" -e "ACTIONS_ID_TOKEN_REQUEST_URL" -e "ACTIONS_ID_TOKEN_REQUEST_TOKEN" -e "ACTIONS_RESULTS_URL" -e GITHUB_ACTIONS=true -e CI=true -v "/var/run/docker.sock":"/var/run/docker.sock" -v "/home/runner/work/_temp":"/github/runner_temp" -v "/home/runner/work/_temp/_github_home":"/github/home" -v "/home/runner/work/_temp/_github_workflow":"/github/workflow" -v "/home/runner/work/_temp/_runner_file_commands":"/github/file_commands" -v "/home/runner/work/wood_nano/wood_nano":"/github/workspace" ghcr.io/pypa/gh-action-pypi-publish:release-v1
2025-12-28T09:27:08.4440228Z Unable to find image 'ghcr.io/pypa/gh-action-pypi-publish:release-v1' locally
2025-12-28T09:27:08.7671434Z release-v1: Pulling from pypa/gh-action-pypi-publish
2025-12-28T09:27:08.7694982Z 6e0d6626b028: Pulling fs layer
2025-12-28T09:27:08.7696531Z 7b1ad37e982c: Pulling fs layer
2025-12-28T09:27:08.7697088Z 31b0d2470ce1: Pulling fs layer
2025-12-28T09:27:08.7697585Z 8c141999d083: Pulling fs layer
2025-12-28T09:27:08.7698054Z 6ad5a334a1c3: Pulling fs layer
2025-12-28T09:27:08.7699676Z 1d9261df0a43: Pulling fs layer
2025-12-28T09:27:08.7700219Z 8d984121c369: Pulling fs layer
2025-12-28T09:27:08.7700785Z 96c84f895532: Pulling fs layer
2025-12-28T09:27:08.7701257Z 912833a16df9: Pulling fs layer
2025-12-28T09:27:08.7701719Z 15b5df32596c: Pulling fs layer
2025-12-28T09:27:08.7702171Z d4289cea1034: Pulling fs layer
2025-12-28T09:27:08.7702633Z 8380019ec1fc: Pulling fs layer
2025-12-28T09:27:08.7703399Z f5d447a84c58: Pulling fs layer
2025-12-28T09:27:08.7703887Z 4f4fb700ef54: Pulling fs layer
2025-12-28T09:27:08.7704317Z 912833a16df9: Waiting
2025-12-28T09:27:08.7704716Z 15b5df32596c: Waiting
2025-12-28T09:27:08.7705109Z d4289cea1034: Waiting
2025-12-28T09:27:08.7705494Z 8380019ec1fc: Waiting
2025-12-28T09:27:08.7705865Z 8c141999d083: Waiting
2025-12-28T09:27:08.7706236Z f5d447a84c58: Waiting
2025-12-28T09:27:08.7706609Z 4f4fb700ef54: Waiting
2025-12-28T09:27:08.7707364Z 6ad5a334a1c3: Waiting
2025-12-28T09:27:08.7707751Z 1d9261df0a43: Waiting
2025-12-28T09:27:08.7708126Z 8d984121c369: Waiting
2025-12-28T09:27:08.7708499Z 96c84f895532: Waiting
2025-12-28T09:27:08.8621358Z 7b1ad37e982c: Verifying Checksum
2025-12-28T09:27:08.8629097Z 7b1ad37e982c: Download complete
2025-12-28T09:27:08.9049964Z 31b0d2470ce1: Verifying Checksum
2025-12-28T09:27:08.9051532Z 31b0d2470ce1: Download complete
2025-12-28T09:27:08.9476625Z 8c141999d083: Verifying Checksum
2025-12-28T09:27:08.9477886Z 8c141999d083: Download complete
2025-12-28T09:27:08.9635985Z 6e0d6626b028: Verifying Checksum
2025-12-28T09:27:08.9636541Z 6e0d6626b028: Download complete
2025-12-28T09:27:08.9916958Z 6ad5a334a1c3: Verifying Checksum
2025-12-28T09:27:08.9918850Z 6ad5a334a1c3: Download complete
2025-12-28T09:27:09.0528484Z 8d984121c369: Download complete
2025-12-28T09:27:09.0771031Z 96c84f895532: Verifying Checksum
2025-12-28T09:27:09.0772101Z 96c84f895532: Download complete
2025-12-28T09:27:09.1091209Z 1d9261df0a43: Verifying Checksum
2025-12-28T09:27:09.1092714Z 1d9261df0a43: Download complete
2025-12-28T09:27:09.1426155Z 912833a16df9: Verifying Checksum
2025-12-28T09:27:09.1431609Z 912833a16df9: Download complete
2025-12-28T09:27:09.1606452Z 15b5df32596c: Verifying Checksum
2025-12-28T09:27:09.1607321Z 15b5df32596c: Download complete
2025-12-28T09:27:09.1951246Z d4289cea1034: Verifying Checksum
2025-12-28T09:27:09.1952310Z d4289cea1034: Download complete
2025-12-28T09:27:09.2341090Z 8380019ec1fc: Verifying Checksum
2025-12-28T09:27:09.2345037Z 8380019ec1fc: Download complete
2025-12-28T09:27:09.2429890Z f5d447a84c58: Verifying Checksum
2025-12-28T09:27:09.2430446Z f5d447a84c58: Download complete
2025-12-28T09:27:09.2733615Z 4f4fb700ef54: Verifying Checksum
2025-12-28T09:27:09.2734166Z 4f4fb700ef54: Download complete
2025-12-28T09:27:10.0321002Z 6e0d6626b028: Pull complete
2025-12-28T09:27:13.1791371Z 7b1ad37e982c: Pull complete
2025-12-28T09:27:13.7814612Z 31b0d2470ce1: Pull complete
2025-12-28T09:27:13.7934834Z 8c141999d083: Pull complete
2025-12-28T09:27:13.8058021Z 6ad5a334a1c3: Pull complete
2025-12-28T09:27:15.0391656Z 1d9261df0a43: Pull complete
2025-12-28T09:27:15.0491297Z 8d984121c369: Pull complete
2025-12-28T09:27:15.0608156Z 96c84f895532: Pull complete
2025-12-28T09:27:15.0716657Z 912833a16df9: Pull complete
2025-12-28T09:27:15.0808203Z 15b5df32596c: Pull complete
2025-12-28T09:27:15.0921317Z d4289cea1034: Pull complete
2025-12-28T09:27:15.1015163Z 8380019ec1fc: Pull complete
2025-12-28T09:27:15.1128676Z f5d447a84c58: Pull complete
2025-12-28T09:27:15.1210740Z 4f4fb700ef54: Pull complete
2025-12-28T09:27:15.1245190Z Digest: sha256:10b09cfb1f96809cac141fcd2b0800184ce6bb17aee65e4ff4ab77db03d6203d
2025-12-28T09:27:15.1258107Z Status: Downloaded newer image for ghcr.io/pypa/gh-action-pypi-publish:release-v1
2025-12-28T09:27:17.2704812Z Checking dist/wood_nano-0.3.3-cp310-cp310-macosx_11_0_arm64.whl: [32mPASSED[0m
2025-12-28T09:27:17.2789943Z Checking dist/wood_nano-0.3.3-cp310-cp310-manylinux_2_28_x86_64.whl: [32mPASSED[0m
2025-12-28T09:27:17.2860305Z Checking dist/wood_nano-0.3.3-cp310-cp310-win_amd64.whl: [32mPASSED[0m
2025-12-28T09:27:17.2935581Z Checking dist/wood_nano-0.3.3-cp311-cp311-macosx_11_0_arm64.whl: [32mPASSED[0m
2025-12-28T09:27:17.3020381Z Checking dist/wood_nano-0.3.3-cp311-cp311-manylinux_2_28_x86_64.whl: [32mPASSED[0m
2025-12-28T09:27:17.3093156Z Checking dist/wood_nano-0.3.3-cp311-cp311-win_amd64.whl: [32mPASSED[0m
2025-12-28T09:27:17.3169628Z Checking dist/wood_nano-0.3.3-cp312-abi3-macosx_11_0_arm64.whl: [32mPASSED[0m
2025-12-28T09:27:17.3253881Z Checking dist/wood_nano-0.3.3-cp312-abi3-manylinux_2_28_x86_64.whl: [32mPASSED[0m
2025-12-28T09:27:17.3325607Z Checking dist/wood_nano-0.3.3-cp312-abi3-win_amd64.whl: [32mPASSED[0m
2025-12-28T09:27:17.3401175Z Checking dist/wood_nano-0.3.3-cp39-cp39-macosx_11_0_arm64.whl: [32mPASSED[0m
2025-12-28T09:27:17.3484768Z Checking dist/wood_nano-0.3.3-cp39-cp39-manylinux_2_28_x86_64.whl: [32mPASSED[0m
2025-12-28T09:27:17.3556238Z Checking dist/wood_nano-0.3.3-cp39-cp39-win_amd64.whl: [32mPASSED[0m
2025-12-28T09:27:18.3599014Z Checking dist/wood_nano-0.3.3.tar.gz: [32mPASSED[0m
2025-12-28T09:27:18.3985284Z ##[notice]Generating and uploading digital attestations
2025-12-28T09:27:19.3385511Z Fulcio client using URL: https://fulcio.sigstore.dev
2025-12-28T09:27:19.3402425Z TUF metadata: /root/.local/share/sigstore-python/tuf/https%3A%2F%2Ftuf-repo-cdn.sigstore.dev
2025-12-28T09:27:19.3403768Z TUF targets cache: /root/.cache/sigstore-python/tuf/https%3A%2F%2Ftuf-repo-cdn.sigstore.dev
2025-12-28T09:27:19.5841337Z Found and verified trusted root
2025-12-28T09:27:19.5898014Z Generating ephemeral keys...
2025-12-28T09:27:19.5903354Z Requesting ephemeral certificate...
2025-12-28T09:27:19.5903841Z Retrieving signed certificate...
2025-12-28T09:27:19.7469036Z Found <Name(O=sigstore.dev,CN=sigstore-intermediate)> as issuer, verifying if it is a ca
2025-12-28T09:27:19.7470197Z attempting to verify SCT with key ID dd3d306ac6c7113263191e1c99673702a24a5eb8de3cadff878a72802f29ee8e
2025-12-28T09:27:19.7473795Z Successfully verified SCT...
2025-12-28T09:27:19.8235949Z DSSE PAE: b'DSSEv1 28 application/vnd.in-toto+json 257 {"_type":"https://in-toto.io/Statement/v1","subject":[{"name":"wood_nano-0.3.3.tar.gz","digest":{"sha256":"4a19520115ebf2837700f2ca355de2a557d19bdd9c65e76bc86776eb1047fc04"}}],"predicateType":"https://docs.pypi.org/attestations/publish/v1","predicate":null}'
2025-12-28T09:27:19.8341265Z proposed: {"apiVersion": "0.0.1", "kind": "dsse", "spec": {"proposedContent": {"envelope": "{\"payload\": \"eyJfdHlwZSI6Imh0dHBzOi8vaW4tdG90by5pby9TdGF0ZW1lbnQvdjEiLCJzdWJqZWN0IjpbeyJuYW1lIjoid29vZF9uYW5vLTAuMy4zLnRhci5neiIsImRpZ2VzdCI6eyJzaGEyNTYiOiI0YTE5NTIwMTE1ZWJmMjgzNzcwMGYyY2EzNTVkZTJhNTU3ZDE5YmRkOWM2NWU3NmJjODY3NzZlYjEwNDdmYzA0In19XSwicHJlZGljYXRlVHlwZSI6Imh0dHBzOi8vZG9jcy5weXBpLm9yZy9hdHRlc3RhdGlvbnMvcHVibGlzaC92MSIsInByZWRpY2F0ZSI6bnVsbH0=\", \"payloadType\": \"application/vnd.in-toto+json\", \"signatures\": [{\"sig\": \"MEQCIBZvLeIquLkrT5EmIqJw0eL3ZENs33KXd72XfEgetGoAAiAvgjNhSF6/vwNVuDaApGWSqVyjkIbs2/fhEAiZk8ZQSA==\"}]}", "verifiers": ["LS0tLS1CRUdJTiBDRVJUSUZJQ0FURS0tLS0tCk1JSUc5ekNDQm4yZ0F3SUJBZ0lVQmlyeHhwR1ozOEZPWm1XdW4xTjQ1MnBTd09rd0NnWUlLb1pJemowRUF3TXcKTnpFVk1CTUdBMVVFQ2hNTWMybG5jM1J2Y21VdVpHVjJNUjR3SEFZRFZRUURFeFZ6YVdkemRHOXlaUzFwYm5SbApjbTFsWkdsaGRHVXdIaGNOTWpVeE1qSTRNRGt5TnpFNVdoY05NalV4TWpJNE1Ea3pOekU1V2pBQU1Ga3dFd1lICktvWkl6ajBDQVFZSUtvWkl6ajBEQVFjRFFnQUVndG1sb21TN1VuZ0l5eWdoTnJiN0g5OUk2aDdlNHJwQndxcUQKNURncER5OHV1ekJhTFQvOGcrM0d1ZVZMbzJxNjBMeUN5VUZjbXlPaTVEYk9nSGVaUWFPQ0Jad3dnZ1dZTUE0RwpBMVVkRHdFQi93UUVBd0lIZ0RBVEJnTlZIU1VFRERBS0JnZ3JCZ0VGQlFjREF6QWRCZ05WSFE0RUZnUVUreWdyCkk5Nk5Gd0Y4QVJHa050bVB2RCtNVndrd0h3WURWUjBqQkJnd0ZvQVUzOVBwejFZa0VaYjVxTmpwS0ZXaXhpNFkKWkQ4d2FRWURWUjBSQVFIL0JGOHdYWVpiYUhSMGNITTZMeTluYVhSb2RXSXVZMjl0TDNCbGRISmhjM1psYzNSaApjblJoY3k5M2IyOWtYMjVoYm04dkxtZHBkR2gxWWk5M2IzSnJabXh2ZDNNdmNtVnNaV0Z6WlM1NWJXeEFjbVZtCmN5OTBZV2R6TDNZd0xqTXVNekE1QmdvckJnRUVBWU8vTUFFQkJDdG9kSFJ3Y3pvdkwzUnZhMlZ1TG1GamRHbHYKYm5NdVoybDBhSFZpZFhObGNtTnZiblJsYm5RdVkyOXRNQklHQ2lzR0FRUUJnNzh3QVFJRUJIQjFjMmd3TmdZSwpLd1lCQkFHRHZ6QUJBd1FvWlRrd05XVm1PVFZrTVRObVpXUXpZbUpqWXpCbE9XUmpOV1JrTXpSaU9XVTJaV1poCk1UZ3lPVEFWQmdvckJnRUVBWU8vTUFFRUJBZFNaV3hsWVhObE1DY0dDaXNHQVFRQmc3OHdBUVVFR1hCbGRISmgKYzNabGMzUmhjblJoY3k5M2IyOWtYMjVoYm04d0hnWUtLd1lCQkFHRHZ6QUJCZ1FRY21WbWN5OTBZV2R6TDNZdwpMak11TXpBN0Jnb3JCZ0VFQVlPL01BRUlCQzBNSzJoMGRIQnpPaTh2ZEc5clpXNHVZV04wYVc5dWN5NW5hWFJvCmRXSjFjMlZ5WTI5dWRHVnVkQzVqYjIwd2F3WUtLd1lCQkFHRHZ6QUJDUVJkREZ0b2RIUndjem92TDJkcGRHaDEKWWk1amIyMHZjR1YwY21GemRtVnpkR0Z5ZEdGekwzZHZiMlJmYm1GdWJ5OHVaMmwwYUhWaUwzZHZjbXRtYkc5MwpjeTl5Wld4bFlYTmxMbmx0YkVCeVpXWnpMM1JoWjNNdmRqQXVNeTR6TURnR0Npc0dBUVFCZzc4d0FRb0VLZ3dvClpUa3dOV1ZtT1RWa01UTm1aV1F6WW1Kall6QmxPV1JqTldSa016UmlPV1UyWldaaE1UZ3lPVEFkQmdvckJnRUUKQVlPL01BRUxCQThNRFdkcGRHaDFZaTFvYjNOMFpXUXdQQVlLS3dZQkJBR0R2ekFCREFRdURDeG9kSFJ3Y3pvdgpMMmRwZEdoMVlpNWpiMjB2Y0dWMGNtRnpkbVZ6ZEdGeWRHRnpMM2R2YjJSZmJtRnViekE0QmdvckJnRUVBWU8vCk1BRU5CQ29NS0dVNU1EVmxaamsxWkRFelptVmtNMkppWTJNd1pUbGtZelZrWkRNMFlqbGxObVZtWVRFNE1qa3cKSUFZS0t3WUJCQUdEdnpBQkRnUVNEQkJ5WldaekwzUmhaM012ZGpBdU15NHpNQmtHQ2lzR0FRUUJnNzh3QVE4RQpDd3dKTnpnMk16Z3hOekV4TURJR0Npc0dBUVFCZzc4d0FSQUVKQXdpYUhSMGNITTZMeTluYVhSb2RXSXVZMjl0CkwzQmxkSEpoYzNabGMzUmhjblJoY3pBWUJnb3JCZ0VFQVlPL01BRVJCQW9NQ0RFNE1ERXpPVGcxTUdzR0Npc0cKQVFRQmc3OHdBUklFWFF4YmFIUjBjSE02THk5bmFYUm9kV0l1WTI5dEwzQmxkSEpoYzNabGMzUmhjblJoY3k5MwpiMjlrWDI1aGJtOHZMbWRwZEdoMVlpOTNiM0pyWm14dmQzTXZjbVZzWldGelpTNTViV3hBY21WbWN5OTBZV2R6CkwzWXdMak11TXpBNEJnb3JCZ0VFQVlPL01BRVRCQ29NS0dVNU1EVmxaamsxWkRFelptVmtNMkppWTJNd1pUbGsKWXpWa1pETTBZamxsTm1WbVlURTRNamt3RkFZS0t3WUJCQUdEdnpBQkZBUUdEQVJ3ZFhOb01HQUdDaXNHQVFRQgpnNzh3QVJVRVVneFFhSFIwY0hNNkx5OW5hWFJvZFdJdVkyOXRMM0JsZEhKaGMzWmxjM1JoY25SaGN5OTNiMjlrClgyNWhibTh2WVdOMGFXOXVjeTl5ZFc1ekx6SXdOVFV4TmpZek1Ua3lMMkYwZEdWdGNIUnpMekV3RmdZS0t3WUIKQkFHRHZ6QUJGZ1FJREFad2RXSnNhV013RkFZS0t3WUJCQUdEdnpBQkZ3UUdEQVJ3ZVhCcE1JR0xCZ29yQmdFRQpBZFo1QWdRQ0JIMEVld0I1QUhjQTNUMHdhc2JIRVRKakdSNGNtV2MzQXFKS1hyamVQSzMvaDRweWdDOHA3bzRBCkFBR2JaRWlmaHdBQUJBTUFTREJHQWlFQXNBRnorVldQSDNmcDZHOEU5QjdYUi9hSXJ6dytxQ2FYN252TkROemUKNGh3Q0lRRDhUSVRCanBqL2lNbU5IK3NSS3RhUlc3clBGVUdKeVhJbzRwOEc1UXdQSGpBS0JnZ3Foa2pPUFFRRApBd05vQURCbEFqRUFsZXFZZ2Z0d0FRZFcxWnBDT0dKYk50VDVKVjBYeS9CUHpzcUFIYVMyN1hiUFpPMUx2VSt1Cjd4SnB1SDZubFBLRkFqQjJMRktsVC82OGNYdlBTV0xHRDNXN3ZOYS9MS1lCeHNGNFVtVHRMT1VuTE8ybHlXbHYKZGNYckcveVEyWlV5YmM4PQotLS0tLUVORCBDRVJUSUZJQ0FURS0tLS0tCg=="]}, "signatures": null, "envelopeHash": null, "payloadHash": null}}
2025-12-28T09:27:20.2368964Z integrated: {'108e9186e8c5677a93bf5c5a132e2add6388382fe1b6c1bb0b78e5786707e020c89287240a3b5441': {'body': 'eyJhcGlWZXJzaW9uIjoiMC4wLjEiLCJraW5kIjoiZHNzZSIsInNwZWMiOnsiZW52ZWxvcGVIYXNoIjp7ImFsZ29yaXRobSI6InNoYTI1NiIsInZhbHVlIjoiZGQzZTJhM2Y4MjYwNmYzMTFkNjQ3NTBmNmY5Yjg0MTUzMTVjODE4NDRjOWMzZDI2OWYyNTg5MzdlMzE1OTI1NiJ9LCJwYXlsb2FkSGFzaCI6eyJhbGdvcml0aG0iOiJzaGEyNTYiLCJ2YWx1ZSI6ImM5MDI0NTNkYTQ2NzU2NTQzOTM0MDdmZmM3OWJmZDBmNzU3YmZjOWY1ODFjZjAzNDJmZjNjZjdhMjRmODkyZDgifSwic2lnbmF0dXJlcyI6W3sic2lnbmF0dXJlIjoiTUVRQ0lCWnZMZUlxdUxrclQ1RW1JcUp3MGVMM1pFTnMzM0tYZDcyWGZFZ2V0R29BQWlBdmdqTmhTRjYvdndOVnVEYUFwR1dTcVZ5amtJYnMyL2ZoRUFpWms4WlFTQT09IiwidmVyaWZpZXIiOiJMUzB0TFMxQ1JVZEpUaUJEUlZKVVNVWkpRMEZVUlMwdExTMHRDazFKU1VjNWVrTkRRbTR5WjBGM1NVSkJaMGxWUW1seWVIaHdSMW96T0VaUFdtMVhkVzR4VGpRMU1uQlRkMDlyZDBObldVbExiMXBKZW1vd1JVRjNUWGNLVG5wRlZrMUNUVWRCTVZWRlEyaE5UV015Ykc1ak0xSjJZMjFWZFZwSFZqSk5ValIzU0VGWlJGWlJVVVJGZUZaNllWZGtlbVJIT1hsYVV6RndZbTVTYkFwamJURnNXa2RzYUdSSFZYZElhR05PVFdwVmVFMXFTVFJOUkd0NVRucEZOVmRvWTA1TmFsVjRUV3BKTkUxRWEzcE9la1UxVjJwQlFVMUdhM2RGZDFsSUNrdHZXa2w2YWpCRFFWRlpTVXR2V2tsNmFqQkVRVkZqUkZGblFVVm5kRzFzYjIxVE4xVnVaMGw1ZVdkb1RuSmlOMGc1T1VrMmFEZGxOSEp3UW5keGNVUUtOVVJuY0VSNU9IVjFla0poVEZRdk9HY3JNMGQxWlZaTWJ6SnhOakJNZVVONVZVWmpiWGxQYVRWRVlrOW5TR1ZhVVdGUFEwSmFkM2RuWjFkWlRVRTBSd3BCTVZWa1JIZEZRaTkzVVVWQmQwbElaMFJCVkVKblRsWklVMVZGUkVSQlMwSm5aM0pDWjBWR1FsRmpSRUY2UVdSQ1owNVdTRkUwUlVablVWVXJlV2R5Q2trNU5rNUdkMFk0UVZKSGEwNTBiVkIyUkN0TlZuZHJkMGgzV1VSV1VqQnFRa0puZDBadlFWVXpPVkJ3ZWpGWmEwVmFZalZ4VG1wd1MwWlhhWGhwTkZrS1drUTRkMkZSV1VSV1VqQlNRVkZJTDBKR09IZFlXVnBpWVVoU01HTklUVFpNZVRsdVlWaFNiMlJYU1hWWk1qbDBURE5DYkdSSVNtaGpNMXBzWXpOU2FBcGpibEpvWTNrNU0ySXlPV3RZTWpWb1ltMDRka3h0WkhCa1IyZ3hXV2s1TTJJelNuSmFiWGgyWkROTmRtTnRWbk5hVjBaNldsTTFOV0pYZUVGamJWWnRDbU41T1RCWlYyUjZURE5aZDB4cVRYVk5la0UxUW1kdmNrSm5SVVZCV1U4dlRVRkZRa0pEZEc5a1NGSjNZM3B2ZGt3elVuWmhNbFoxVEcxR2FtUkhiSFlLWW01TmRWb3liREJoU0ZacFpGaE9iR050VG5aaWJsSnNZbTVSZFZreU9YUk5Ra2xIUTJselIwRlJVVUpuTnpoM1FWRkpSVUpJUWpGak1tZDNUbWRaU3dwTGQxbENRa0ZIUkhaNlFVSkJkMUZ2V2xScmQwNVhWbTFQVkZaclRWUk9iVnBYVVhwWmJVcHFXWHBDYkU5WFVtcE9WMUpyVFhwU2FVOVhWVEphVjFwb0NrMVVaM2xQVkVGV1FtZHZja0puUlVWQldVOHZUVUZGUlVKQlpGTmFWM2hzV1ZoT2JFMURZMGREYVhOSFFWRlJRbWMzT0hkQlVWVkZSMWhDYkdSSVNtZ0tZek5hYkdNelVtaGpibEpvWTNrNU0ySXlPV3RZTWpWb1ltMDRkMGhuV1V0TGQxbENRa0ZIUkhaNlFVSkNaMUZSWTIxV2JXTjVPVEJaVjJSNlRETlpkd3BNYWsxMVRYcEJOMEpuYjNKQ1owVkZRVmxQTDAxQlJVbENRekJOU3pKb01HUklRbnBQYVRoMlpFYzVjbHBYTkhWWlYwNHdZVmM1ZFdONU5XNWhXRkp2Q21SWFNqRmpNbFo1V1RJNWRXUkhWblZrUXpWcVlqSXdkMkYzV1V0TGQxbENRa0ZIUkhaNlFVSkRVVkprUkVaMGIyUklVbmRqZW05MlRESmtjR1JIYURFS1dXazFhbUl5TUhaalIxWXdZMjFHZW1SdFZucGtSMFo1WkVkR2Vrd3paSFppTWxKbVltMUdkV0o1T0hWYU1td3dZVWhXYVV3elpIWmpiWFJ0WWtjNU13cGplVGw1V2xkNGJGbFlUbXhNYm14MFlrVkNlVnBYV25wTU0xSm9Xak5OZG1ScVFYVk5lVFI2VFVSblIwTnBjMGRCVVZGQ1p6YzRkMEZSYjBWTFozZHZDbHBVYTNkT1YxWnRUMVJXYTAxVVRtMWFWMUY2V1cxS2FsbDZRbXhQVjFKcVRsZFNhMDE2VW1sUFYxVXlXbGRhYUUxVVozbFBWRUZrUW1kdmNrSm5SVVVLUVZsUEwwMUJSVXhDUVRoTlJGZGtjR1JIYURGWmFURnZZak5PTUZwWFVYZFFRVmxMUzNkWlFrSkJSMFIyZWtGQ1JFRlJkVVJEZUc5a1NGSjNZM3B2ZGdwTU1tUndaRWRvTVZscE5XcGlNakIyWTBkV01HTnRSbnBrYlZaNlpFZEdlV1JIUm5wTU0yUjJZakpTWm1KdFJuVmlla0UwUW1kdmNrSm5SVVZCV1U4dkNrMUJSVTVDUTI5TlMwZFZOVTFFVm14YWFtc3hXa1JGZWxwdFZtdE5Na3BwV1RKTmQxcFViR3RaZWxacldrUk5NRmxxYkd4T2JWWnRXVlJGTkUxcWEzY0tTVUZaUzB0M1dVSkNRVWRFZG5wQlFrUm5VVk5FUWtKNVdsZGFla3d6VW1oYU0wMTJaR3BCZFUxNU5IcE5RbXRIUTJselIwRlJVVUpuTnpoM1FWRTRSUXBEZDNkS1RucG5NazE2WjNoT2VrVjRUVVJKUjBOcGMwZEJVVkZDWnpjNGQwRlNRVVZLUVhkcFlVaFNNR05JVFRaTWVUbHVZVmhTYjJSWFNYVlpNamwwQ2t3elFteGtTRXBvWXpOYWJHTXpVbWhqYmxKb1kzcEJXVUpuYjNKQ1owVkZRVmxQTDAxQlJWSkNRVzlOUTBSRk5FMUVSWHBQVkdjeFRVZHpSME5wYzBjS1FWRlJRbWMzT0hkQlVrbEZXRkY0WW1GSVVqQmpTRTAyVEhrNWJtRllVbTlrVjBsMVdUSTVkRXd6UW14a1NFcG9Zek5hYkdNelVtaGpibEpvWTNrNU13cGlNamxyV0RJMWFHSnRPSFpNYldSd1pFZG9NVmxwT1ROaU0wcHlXbTE0ZG1RelRYWmpiVlp6V2xkR2VscFROVFZpVjNoQlkyMVdiV041T1RCWlYyUjZDa3d6V1hkTWFrMTFUWHBCTkVKbmIzSkNaMFZGUVZsUEwwMUJSVlJDUTI5TlMwZFZOVTFFVm14YWFtc3hXa1JGZWxwdFZtdE5Na3BwV1RKTmQxcFViR3NLV1hwV2ExcEVUVEJaYW14c1RtMVdiVmxVUlRSTmFtdDNSa0ZaUzB0M1dVSkNRVWRFZG5wQlFrWkJVVWRFUVZKM1pGaE9iMDFIUVVkRGFYTkhRVkZSUWdwbk56aDNRVkpWUlZWbmVGRmhTRkl3WTBoTk5reDVPVzVoV0ZKdlpGZEpkVmt5T1hSTU0wSnNaRWhLYUdNeldteGpNMUpvWTI1U2FHTjVPVE5pTWpsckNsZ3lOV2hpYlRoMldWZE9NR0ZYT1hWamVUbDVaRmMxZWt4NlNYZE9WRlY0VG1wWmVrMVVhM2xNTWtZd1pFZFdkR05JVW5wTWVrVjNSbWRaUzB0M1dVSUtRa0ZIUkhaNlFVSkdaMUZKUkVGYWQyUlhTbk5oVjAxM1JrRlpTMHQzV1VKQ1FVZEVkbnBCUWtaM1VVZEVRVkozWlZoQ2NFMUpSMHhDWjI5eVFtZEZSUXBCWkZvMVFXZFJRMEpJTUVWbGQwSTFRVWhqUVROVU1IZGhjMkpJUlZSS2FrZFNOR050VjJNelFYRktTMWh5YW1WUVN6TXZhRFJ3ZVdkRE9IQTNielJCQ2tGQlIySmFSV2xtYUhkQlFVSkJUVUZUUkVKSFFXbEZRWE5CUm5vclZsZFFTRE5tY0RaSE9FVTVRamRZVWk5aFNYSjZkeXR4UTJGWU4yNTJUa1JPZW1VS05HaDNRMGxSUkRoVVNWUkNhbkJxTDJsTmJVNUlLM05TUzNSaFVsYzNjbEJHVlVkS2VWaEpielJ3T0VjMVVYZFFTR3BCUzBKblozRm9hMnBQVUZGUlJBcEJkMDV2UVVSQ2JFRnFSVUZzWlhGWloyWjBkMEZSWkZjeFduQkRUMGRLWWs1MFZEVktWakJZZVM5Q1VIcHpjVUZJWVZNeU4xaGlVRnBQTVV4MlZTdDFDamQ0U25CMVNEWnViRkJMUmtGcVFqSk1Sa3RzVkM4Mk9HTllkbEJUVjB4SFJETlhOM1pPWVM5TVMxbENlSE5HTkZWdFZIUk1UMVZ1VEU4eWJIbFhiSFlLWkdOWWNrY3ZlVkV5V2xWNVltTTRQUW90TFMwdExVVk9SQ0JEUlZKVVNVWkpRMEZVUlMwdExTMHRDZz09In1dfX0=', 'integratedTime': 1766914040, 'logID': 'c0d23d6ad406973f9559f3ba2d1ca01f84147d8ffc5b8445c224f98b9591801d', 'logIndex': 780720608, 'verification': {'inclusionProof': {'checkpoint': 'rekor.sigstore.dev - 1193050959916656506\n658816347\nk+O3Z2ZDAyBJC0buwIZCJRw4wx27vgFBH8J6tWEZECI=\n\n— rekor.sigstore.dev wNI9ajBEAiBO/PAvWuzTDLiS7ZB/snA91AfHyn2S2Msyj4Ee2Ybu4AIgOPsbUMfHyZYiA3XKH6bBCrtJ2LghKNWtR7sLMXbtz90=\n', 'hashes': ['3537eb88a4defb67f3cdc0ad2708fc709be404a2589c61e42fa340056b9bc2d3', 'b5a87019bf268b4dd988e433200c5807573b61068abb868086dddc8aee8dccd9', '7bbcb8438ebc7d2d237fa582ad5f9e1f5488822ae52678f50c6f8092fa87eb6d', '9d1c7154d1036550d3d43ef4697db75136ccd3c1bf9595b3db35b75f130c4bd6', 'f50493dbc0ad96333b6eb90ced3388eb058d26863ff4649ddfdd29b748ebc752', 'e75b9cf267d98d0de2085151bea791bcd2cd96681186908bcb3bfff448707fc0', 'c022e710ba18142e87fa06d6768ed4737631aff3eba0585eaeac63d885ea1553', '4f34b2fafdc154dce8a8af76138c0f2d8b5a30f1421b25eba216743c9c4d9422', '0ded781a98b92cc48690b35b3440d2605b51821ab786d6afe54d25bda8c9db50', '53da579c09be9fda11f450e4119f2c554593a5d7af1c8388cdc6839a8df28e4f', '4337dd8cdc86a768eae779a378d22a47d02ee919a2430ed1704a9641e598306f', 'df9138e7262fd4d912b223b3931dbdb10aea00eba1dda60b171d9066e3cf10f3', 'cfbba0a0230e6f1b5481a31253b9ca76258578880a7c83047591c76a1e0d0dba', '5fabe4c73d29a312b60c8951babffb2db11dcf78835e3e5063f80b93f7b05e30', '6665246241c1cb507bdb726b12088abdea5374762b3facb66b8a0e0d8be2e556', '4f80ea583e36840b4dfaf5fc8ca096aa80b899e13825e908f4bc5818270fcb53'], 'logIndex': 658816346, 'rootHash': '93e3b76766430320490b46eec08642251c38c31dbbbe01411fc27ab561191022', 'treeSize': 658816347}, 'signedEntryTimestamp': 'MEUCIH+JwgWn+UPoDNTH9vaG6j9DIAmjPWxNajLLnF/4HYNyAiEAhUcBQnNhNav7me43u2ogKI5+uB/D63lLHan7e1Mnego='}}}
2025-12-28T09:27:20.2567739Z Transparency log entry created with index: 780720608
2025-12-28T09:27:20.2569325Z DSSE PAE: b'DSSEv1 28 application/vnd.in-toto+json 284 {"_type":"https://in-toto.io/Statement/v1","subject":[{"name":"wood_nano-0.3.3-cp310-cp310-macosx_11_0_arm64.whl","digest":{"sha256":"5a093cb6c8607e82834305529e3fe3fe085cd332f2dea9864b841342b004668a"}}],"predicateType":"https://docs.pypi.org/attestations/publish/v1","predicate":null}'
2025-12-28T09:27:20.2662394Z proposed: {"apiVersion": "0.0.1", "kind": "dsse", "spec": {"proposedContent": {"envelope": "{\"payload\": \"eyJfdHlwZSI6Imh0dHBzOi8vaW4tdG90by5pby9TdGF0ZW1lbnQvdjEiLCJzdWJqZWN0IjpbeyJuYW1lIjoid29vZF9uYW5vLTAuMy4zLWNwMzEwLWNwMzEwLW1hY29zeF8xMV8wX2FybTY0LndobCIsImRpZ2VzdCI6eyJzaGEyNTYiOiI1YTA5M2NiNmM4NjA3ZTgyODM0MzA1NTI5ZTNmZTNmZTA4NWNkMzMyZjJkZWE5ODY0Yjg0MTM0MmIwMDQ2NjhhIn19XSwicHJlZGljYXRlVHlwZSI6Imh0dHBzOi8vZG9jcy5weXBpLm9yZy9hdHRlc3RhdGlvbnMvcHVibGlzaC92MSIsInByZWRpY2F0ZSI6bnVsbH0=\", \"payloadType\": \"application/vnd.in-toto+json\", \"signatures\": [{\"sig\": \"MEYCIQC8LjnCxIhXJ4Ggz7HnvYN3opWzRyinGaN/DY7S/PHzEgIhAJxpzw4VQO2FE1VmzrqhLHbdvoLEOIGeYR2w0DJ3rc2J\"}]}", "verifiers": ["LS0tLS1CRUdJTiBDRVJUSUZJQ0FURS0tLS0tCk1JSUc5ekNDQm4yZ0F3SUJBZ0lVQmlyeHhwR1ozOEZPWm1XdW4xTjQ1MnBTd09rd0NnWUlLb1pJemowRUF3TXcKTnpFVk1CTUdBMVVFQ2hNTWMybG5jM1J2Y21VdVpHVjJNUjR3SEFZRFZRUURFeFZ6YVdkemRHOXlaUzFwYm5SbApjbTFsWkdsaGRHVXdIaGNOTWpVeE1qSTRNRGt5TnpFNVdoY05NalV4TWpJNE1Ea3pOekU1V2pBQU1Ga3dFd1lICktvWkl6ajBDQVFZSUtvWkl6ajBEQVFjRFFnQUVndG1sb21TN1VuZ0l5eWdoTnJiN0g5OUk2aDdlNHJwQndxcUQKNURncER5OHV1ekJhTFQvOGcrM0d1ZVZMbzJxNjBMeUN5VUZjbXlPaTVEYk9nSGVaUWFPQ0Jad3dnZ1dZTUE0RwpBMVVkRHdFQi93UUVBd0lIZ0RBVEJnTlZIU1VFRERBS0JnZ3JCZ0VGQlFjREF6QWRCZ05WSFE0RUZnUVUreWdyCkk5Nk5Gd0Y4QVJHa050bVB2RCtNVndrd0h3WURWUjBqQkJnd0ZvQVUzOVBwejFZa0VaYjVxTmpwS0ZXaXhpNFkKWkQ4d2FRWURWUjBSQVFIL0JGOHdYWVpiYUhSMGNITTZMeTluYVhSb2RXSXVZMjl0TDNCbGRISmhjM1psYzNSaApjblJoY3k5M2IyOWtYMjVoYm04dkxtZHBkR2gxWWk5M2IzSnJabXh2ZDNNdmNtVnNaV0Z6WlM1NWJXeEFjbVZtCmN5OTBZV2R6TDNZd0xqTXVNekE1QmdvckJnRUVBWU8vTUFFQkJDdG9kSFJ3Y3pvdkwzUnZhMlZ1TG1GamRHbHYKYm5NdVoybDBhSFZpZFhObGNtTnZiblJsYm5RdVkyOXRNQklHQ2lzR0FRUUJnNzh3QVFJRUJIQjFjMmd3TmdZSwpLd1lCQkFHRHZ6QUJBd1FvWlRrd05XVm1PVFZrTVRObVpXUXpZbUpqWXpCbE9XUmpOV1JrTXpSaU9XVTJaV1poCk1UZ3lPVEFWQmdvckJnRUVBWU8vTUFFRUJBZFNaV3hsWVhObE1DY0dDaXNHQVFRQmc3OHdBUVVFR1hCbGRISmgKYzNabGMzUmhjblJoY3k5M2IyOWtYMjVoYm04d0hnWUtLd1lCQkFHRHZ6QUJCZ1FRY21WbWN5OTBZV2R6TDNZdwpMak11TXpBN0Jnb3JCZ0VFQVlPL01BRUlCQzBNSzJoMGRIQnpPaTh2ZEc5clpXNHVZV04wYVc5dWN5NW5hWFJvCmRXSjFjMlZ5WTI5dWRHVnVkQzVqYjIwd2F3WUtLd1lCQkFHRHZ6QUJDUVJkREZ0b2RIUndjem92TDJkcGRHaDEKWWk1amIyMHZjR1YwY21GemRtVnpkR0Z5ZEdGekwzZHZiMlJmYm1GdWJ5OHVaMmwwYUhWaUwzZHZjbXRtYkc5MwpjeTl5Wld4bFlYTmxMbmx0YkVCeVpXWnpMM1JoWjNNdmRqQXVNeTR6TURnR0Npc0dBUVFCZzc4d0FRb0VLZ3dvClpUa3dOV1ZtT1RWa01UTm1aV1F6WW1Kall6QmxPV1JqTldSa016UmlPV1UyWldaaE1UZ3lPVEFkQmdvckJnRUUKQVlPL01BRUxCQThNRFdkcGRHaDFZaTFvYjNOMFpXUXdQQVlLS3dZQkJBR0R2ekFCREFRdURDeG9kSFJ3Y3pvdgpMMmRwZEdoMVlpNWpiMjB2Y0dWMGNtRnpkbVZ6ZEdGeWRHRnpMM2R2YjJSZmJtRnViekE0QmdvckJnRUVBWU8vCk1BRU5CQ29NS0dVNU1EVmxaamsxWkRFelptVmtNMkppWTJNd1pUbGtZelZrWkRNMFlqbGxObVZtWVRFNE1qa3cKSUFZS0t3WUJCQUdEdnpBQkRnUVNEQkJ5WldaekwzUmhaM012ZGpBdU15NHpNQmtHQ2lzR0FRUUJnNzh3QVE4RQpDd3dKTnpnMk16Z3hOekV4TURJR0Npc0dBUVFCZzc4d0FSQUVKQXdpYUhSMGNITTZMeTluYVhSb2RXSXVZMjl0CkwzQmxkSEpoYzNabGMzUmhjblJoY3pBWUJnb3JCZ0VFQVlPL01BRVJCQW9NQ0RFNE1ERXpPVGcxTUdzR0Npc0cKQVFRQmc3OHdBUklFWFF4YmFIUjBjSE02THk5bmFYUm9kV0l1WTI5dEwzQmxkSEpoYzNabGMzUmhjblJoY3k5MwpiMjlrWDI1aGJtOHZMbWRwZEdoMVlpOTNiM0pyWm14dmQzTXZjbVZzWldGelpTNTViV3hBY21WbWN5OTBZV2R6CkwzWXdMak11TXpBNEJnb3JCZ0VFQVlPL01BRVRCQ29NS0dVNU1EVmxaamsxWkRFelptVmtNMkppWTJNd1pUbGsKWXpWa1pETTBZamxsTm1WbVlURTRNamt3RkFZS0t3WUJCQUdEdnpBQkZBUUdEQVJ3ZFhOb01HQUdDaXNHQVFRQgpnNzh3QVJVRVVneFFhSFIwY0hNNkx5OW5hWFJvZFdJdVkyOXRMM0JsZEhKaGMzWmxjM1JoY25SaGN5OTNiMjlrClgyNWhibTh2WVdOMGFXOXVjeTl5ZFc1ekx6SXdOVFV4TmpZek1Ua3lMMkYwZEdWdGNIUnpMekV3RmdZS0t3WUIKQkFHRHZ6QUJGZ1FJREFad2RXSnNhV013RkFZS0t3WUJCQUdEdnpBQkZ3UUdEQVJ3ZVhCcE1JR0xCZ29yQmdFRQpBZFo1QWdRQ0JIMEVld0I1QUhjQTNUMHdhc2JIRVRKakdSNGNtV2MzQXFKS1hyamVQSzMvaDRweWdDOHA3bzRBCkFBR2JaRWlmaHdBQUJBTUFTREJHQWlFQXNBRnorVldQSDNmcDZHOEU5QjdYUi9hSXJ6dytxQ2FYN252TkROemUKNGh3Q0lRRDhUSVRCanBqL2lNbU5IK3NSS3RhUlc3clBGVUdKeVhJbzRwOEc1UXdQSGpBS0JnZ3Foa2pPUFFRRApBd05vQURCbEFqRUFsZXFZZ2Z0d0FRZFcxWnBDT0dKYk50VDVKVjBYeS9CUHpzcUFIYVMyN1hiUFpPMUx2VSt1Cjd4SnB1SDZubFBLRkFqQjJMRktsVC82OGNYdlBTV0xHRDNXN3ZOYS9MS1lCeHNGNFVtVHRMT1VuTE8ybHlXbHYKZGNYckcveVEyWlV5YmM4PQotLS0tLUVORCBDRVJUSUZJQ0FURS0tLS0tCg=="]}, "signatures": null, "envelopeHash": null, "payloadHash": null}}
2025-12-28T09:27:20.5768257Z integrated: {'108e9186e8c5677afe0a5fa51d820473ee016d6c15f84308fd73162e3879c92487533f7fbfc460b0': {'body': 'eyJhcGlWZXJzaW9uIjoiMC4wLjEiLCJraW5kIjoiZHNzZSIsInNwZWMiOnsiZW52ZWxvcGVIYXNoIjp7ImFsZ29yaXRobSI6InNoYTI1NiIsInZhbHVlIjoiNWJjNDY0ZTJhOGYyNWQxOWE4NTViMDBjYzc2NjhjY2FhYTliZmY1NzY5ODFjN2MyMDQxY2ZhMDUzNDZjZGU5NSJ9LCJwYXlsb2FkSGFzaCI6eyJhbGdvcml0aG0iOiJzaGEyNTYiLCJ2YWx1ZSI6IjNlNzBlM2YzN2NmZjBlMzc3MDMxNGE3NGNlZDIzNzRkYWRmYjY3NWZiMjE4MTNkMzc5MjBjOTU2ZTMxYmM4ZTkifSwic2lnbmF0dXJlcyI6W3sic2lnbmF0dXJlIjoiTUVZQ0lRQzhMam5DeEloWEo0R2d6N0hudllOM29wV3pSeWluR2FOL0RZN1MvUEh6RWdJaEFKeHB6dzRWUU8yRkUxVm16cnFoTEhiZHZvTEVPSUdlWVIydzBESjNyYzJKIiwidmVyaWZpZXIiOiJMUzB0TFMxQ1JVZEpUaUJEUlZKVVNVWkpRMEZVUlMwdExTMHRDazFKU1VjNWVrTkRRbTR5WjBGM1NVSkJaMGxWUW1seWVIaHdSMW96T0VaUFdtMVhkVzR4VGpRMU1uQlRkMDlyZDBObldVbExiMXBKZW1vd1JVRjNUWGNLVG5wRlZrMUNUVWRCTVZWRlEyaE5UV015Ykc1ak0xSjJZMjFWZFZwSFZqSk5ValIzU0VGWlJGWlJVVVJGZUZaNllWZGtlbVJIT1hsYVV6RndZbTVTYkFwamJURnNXa2RzYUdSSFZYZElhR05PVFdwVmVFMXFTVFJOUkd0NVRucEZOVmRvWTA1TmFsVjRUV3BKTkUxRWEzcE9la1UxVjJwQlFVMUdhM2RGZDFsSUNrdHZXa2w2YWpCRFFWRlpTVXR2V2tsNmFqQkVRVkZqUkZGblFVVm5kRzFzYjIxVE4xVnVaMGw1ZVdkb1RuSmlOMGc1T1VrMmFEZGxOSEp3UW5keGNVUUtOVVJuY0VSNU9IVjFla0poVEZRdk9HY3JNMGQxWlZaTWJ6SnhOakJNZVVONVZVWmpiWGxQYVRWRVlrOW5TR1ZhVVdGUFEwSmFkM2RuWjFkWlRVRTBSd3BCTVZWa1JIZEZRaTkzVVVWQmQwbElaMFJCVkVKblRsWklVMVZGUkVSQlMwSm5aM0pDWjBWR1FsRmpSRUY2UVdSQ1owNVdTRkUwUlVablVWVXJlV2R5Q2trNU5rNUdkMFk0UVZKSGEwNTBiVkIyUkN0TlZuZHJkMGgzV1VSV1VqQnFRa0puZDBadlFWVXpPVkJ3ZWpGWmEwVmFZalZ4VG1wd1MwWlhhWGhwTkZrS1drUTRkMkZSV1VSV1VqQlNRVkZJTDBKR09IZFlXVnBpWVVoU01HTklUVFpNZVRsdVlWaFNiMlJYU1hWWk1qbDBURE5DYkdSSVNtaGpNMXBzWXpOU2FBcGpibEpvWTNrNU0ySXlPV3RZTWpWb1ltMDRka3h0WkhCa1IyZ3hXV2s1TTJJelNuSmFiWGgyWkROTmRtTnRWbk5hVjBaNldsTTFOV0pYZUVGamJWWnRDbU41T1RCWlYyUjZURE5aZDB4cVRYVk5la0UxUW1kdmNrSm5SVVZCV1U4dlRVRkZRa0pEZEc5a1NGSjNZM3B2ZGt3elVuWmhNbFoxVEcxR2FtUkhiSFlLWW01TmRWb3liREJoU0ZacFpGaE9iR050VG5aaWJsSnNZbTVSZFZreU9YUk5Ra2xIUTJselIwRlJVVUpuTnpoM1FWRkpSVUpJUWpGak1tZDNUbWRaU3dwTGQxbENRa0ZIUkhaNlFVSkJkMUZ2V2xScmQwNVhWbTFQVkZaclRWUk9iVnBYVVhwWmJVcHFXWHBDYkU5WFVtcE9WMUpyVFhwU2FVOVhWVEphVjFwb0NrMVVaM2xQVkVGV1FtZHZja0puUlVWQldVOHZUVUZGUlVKQlpGTmFWM2hzV1ZoT2JFMURZMGREYVhOSFFWRlJRbWMzT0hkQlVWVkZSMWhDYkdSSVNtZ0tZek5hYkdNelVtaGpibEpvWTNrNU0ySXlPV3RZTWpWb1ltMDRkMGhuV1V0TGQxbENRa0ZIUkhaNlFVSkNaMUZSWTIxV2JXTjVPVEJaVjJSNlRETlpkd3BNYWsxMVRYcEJOMEpuYjNKQ1owVkZRVmxQTDAxQlJVbENRekJOU3pKb01HUklRbnBQYVRoMlpFYzVjbHBYTkhWWlYwNHdZVmM1ZFdONU5XNWhXRkp2Q21SWFNqRmpNbFo1V1RJNWRXUkhWblZrUXpWcVlqSXdkMkYzV1V0TGQxbENRa0ZIUkhaNlFVSkRVVkprUkVaMGIyUklVbmRqZW05MlRESmtjR1JIYURFS1dXazFhbUl5TUhaalIxWXdZMjFHZW1SdFZucGtSMFo1WkVkR2Vrd3paSFppTWxKbVltMUdkV0o1T0hWYU1td3dZVWhXYVV3elpIWmpiWFJ0WWtjNU13cGplVGw1V2xkNGJGbFlUbXhNYm14MFlrVkNlVnBYV25wTU0xSm9Xak5OZG1ScVFYVk5lVFI2VFVSblIwTnBjMGRCVVZGQ1p6YzRkMEZSYjBWTFozZHZDbHBVYTNkT1YxWnRUMVJXYTAxVVRtMWFWMUY2V1cxS2FsbDZRbXhQVjFKcVRsZFNhMDE2VW1sUFYxVXlXbGRhYUUxVVozbFBWRUZrUW1kdmNrSm5SVVVLUVZsUEwwMUJSVXhDUVRoTlJGZGtjR1JIYURGWmFURnZZak5PTUZwWFVYZFFRVmxMUzNkWlFrSkJSMFIyZWtGQ1JFRlJkVVJEZUc5a1NGSjNZM3B2ZGdwTU1tUndaRWRvTVZscE5XcGlNakIyWTBkV01HTnRSbnBrYlZaNlpFZEdlV1JIUm5wTU0yUjJZakpTWm1KdFJuVmlla0UwUW1kdmNrSm5SVVZCV1U4dkNrMUJSVTVDUTI5TlMwZFZOVTFFVm14YWFtc3hXa1JGZWxwdFZtdE5Na3BwV1RKTmQxcFViR3RaZWxacldrUk5NRmxxYkd4T2JWWnRXVlJGTkUxcWEzY0tTVUZaUzB0M1dVSkNRVWRFZG5wQlFrUm5VVk5FUWtKNVdsZGFla3d6VW1oYU0wMTJaR3BCZFUxNU5IcE5RbXRIUTJselIwRlJVVUpuTnpoM1FWRTRSUXBEZDNkS1RucG5NazE2WjNoT2VrVjRUVVJKUjBOcGMwZEJVVkZDWnpjNGQwRlNRVVZLUVhkcFlVaFNNR05JVFRaTWVUbHVZVmhTYjJSWFNYVlpNamwwQ2t3elFteGtTRXBvWXpOYWJHTXpVbWhqYmxKb1kzcEJXVUpuYjNKQ1owVkZRVmxQTDAxQlJWSkNRVzlOUTBSRk5FMUVSWHBQVkdjeFRVZHpSME5wYzBjS1FWRlJRbWMzT0hkQlVrbEZXRkY0WW1GSVVqQmpTRTAyVEhrNWJtRllVbTlrVjBsMVdUSTVkRXd6UW14a1NFcG9Zek5hYkdNelVtaGpibEpvWTNrNU13cGlNamxyV0RJMWFHSnRPSFpNYldSd1pFZG9NVmxwT1ROaU0wcHlXbTE0ZG1RelRYWmpiVlp6V2xkR2VscFROVFZpVjNoQlkyMVdiV041T1RCWlYyUjZDa3d6V1hkTWFrMTFUWHBCTkVKbmIzSkNaMFZGUVZsUEwwMUJSVlJDUTI5TlMwZFZOVTFFVm14YWFtc3hXa1JGZWxwdFZtdE5Na3BwV1RKTmQxcFViR3NLV1hwV2ExcEVUVEJaYW14c1RtMVdiVmxVUlRSTmFtdDNSa0ZaUzB0M1dVSkNRVWRFZG5wQlFrWkJVVWRFUVZKM1pGaE9iMDFIUVVkRGFYTkhRVkZSUWdwbk56aDNRVkpWUlZWbmVGRmhTRkl3WTBoTk5reDVPVzVoV0ZKdlpGZEpkVmt5T1hSTU0wSnNaRWhLYUdNeldteGpNMUpvWTI1U2FHTjVPVE5pTWpsckNsZ3lOV2hpYlRoMldWZE9NR0ZYT1hWamVUbDVaRmMxZWt4NlNYZE9WRlY0VG1wWmVrMVVhM2xNTWtZd1pFZFdkR05JVW5wTWVrVjNSbWRaUzB0M1dVSUtRa0ZIUkhaNlFVSkdaMUZKUkVGYWQyUlhTbk5oVjAxM1JrRlpTMHQzV1VKQ1FVZEVkbnBCUWtaM1VVZEVRVkozWlZoQ2NFMUpSMHhDWjI5eVFtZEZSUXBCWkZvMVFXZFJRMEpJTUVWbGQwSTFRVWhqUVROVU1IZGhjMkpJUlZSS2FrZFNOR050VjJNelFYRktTMWh5YW1WUVN6TXZhRFJ3ZVdkRE9IQTNielJCQ2tGQlIySmFSV2xtYUhkQlFVSkJUVUZUUkVKSFFXbEZRWE5CUm5vclZsZFFTRE5tY0RaSE9FVTVRamRZVWk5aFNYSjZkeXR4UTJGWU4yNTJUa1JPZW1VS05HaDNRMGxSUkRoVVNWUkNhbkJxTDJsTmJVNUlLM05TUzNSaFVsYzNjbEJHVlVkS2VWaEpielJ3T0VjMVVYZFFTR3BCUzBKblozRm9hMnBQVUZGUlJBcEJkMDV2UVVSQ2JFRnFSVUZzWlhGWloyWjBkMEZSWkZjeFduQkRUMGRLWWs1MFZEVktWakJZZVM5Q1VIcHpjVUZJWVZNeU4xaGlVRnBQTVV4MlZTdDFDamQ0U25CMVNEWnViRkJMUmtGcVFqSk1Sa3RzVkM4Mk9HTllkbEJUVjB4SFJETlhOM1pPWVM5TVMxbENlSE5HTkZWdFZIUk1UMVZ1VEU4eWJIbFhiSFlLWkdOWWNrY3ZlVkV5V2xWNVltTTRQUW90TFMwdExVVk9SQ0JEUlZKVVNVWkpRMEZVUlMwdExTMHRDZz09In1dfX0=', 'integratedTime': 1766914040, 'logID': 'c0d23d6ad406973f9559f3ba2d1ca01f84147d8ffc5b8445c224f98b9591801d', 'logIndex': 780720609, 'verification': {'inclusionProof': {'checkpoint': 'rekor.sigstore.dev - 1193050959916656506\n658816348\nshWSg/kU1sU6Mdvpp/9awLCVL4XhVNgiF/nrhVagBcg=\n\n— rekor.sigstore.dev wNI9ajBGAiEAx0k5LBSE/eB52GKl6liFGB3zT52hzFn7mzWrcr7aLGECIQCyprGe5KfEk8gGemZqqPQ5JbBwW9OIF5tZw5sHz0o1Pw==\n', 'hashes': ['93bf5c5a132e2add6388382fe1b6c1bb0b78e5786707e020c89287240a3b5441', '3537eb88a4defb67f3cdc0ad2708fc709be404a2589c61e42fa340056b9bc2d3', 'b5a87019bf268b4dd988e433200c5807573b61068abb868086dddc8aee8dccd9', '7bbcb8438ebc7d2d237fa582ad5f9e1f5488822ae52678f50c6f8092fa87eb6d', '9d1c7154d1036550d3d43ef4697db75136ccd3c1bf9595b3db35b75f130c4bd6', 'f50493dbc0ad96333b6eb90ced3388eb058d26863ff4649ddfdd29b748ebc752', 'e75b9cf267d98d0de2085151bea791bcd2cd96681186908bcb3bfff448707fc0', 'c022e710ba18142e87fa06d6768ed4737631aff3eba0585eaeac63d885ea1553', '4f34b2fafdc154dce8a8af76138c0f2d8b5a30f1421b25eba216743c9c4d9422', '0ded781a98b92cc48690b35b3440d2605b51821ab786d6afe54d25bda8c9db50', '53da579c09be9fda11f450e4119f2c554593a5d7af1c8388cdc6839a8df28e4f', '4337dd8cdc86a768eae779a378d22a47d02ee919a2430ed1704a9641e598306f', 'df9138e7262fd4d912b223b3931dbdb10aea00eba1dda60b171d9066e3cf10f3', 'cfbba0a0230e6f1b5481a31253b9ca76258578880a7c83047591c76a1e0d0dba', '5fabe4c73d29a312b60c8951babffb2db11dcf78835e3e5063f80b93f7b05e30', '6665246241c1cb507bdb726b12088abdea5374762b3facb66b8a0e0d8be2e556', '4f80ea583e36840b4dfaf5fc8ca096aa80b899e13825e908f4bc5818270fcb53'], 'logIndex': 658816347, 'rootHash': 'b2159283f914d6c53a31dbe9a7ff5ac0b0952f85e154d82217f9eb8556a005c8', 'treeSize': 658816348}, 'signedEntryTimestamp': 'MEYCIQDXGCuLg0I6Nj1l8d+Jf+XCgCrkJ4kzVNQsoHzngslXrgIhAPWeT1+r0x99zxeyjiThPUf5Lb7T9dwifzHb6/gqYge+'}}}
2025-12-28T09:27:20.5967065Z Transparency log entry created with index: 780720609
2025-12-28T09:27:20.5968641Z DSSE PAE: b'DSSEv1 28 application/vnd.in-toto+json 275 {"_type":"https://in-toto.io/Statement/v1","subject":[{"name":"wood_nano-0.3.3-cp312-abi3-win_amd64.whl","digest":{"sha256":"f60bd12890b159200bf0693c9e4925b53dce055355ba37a52f65927ba4c9518c"}}],"predicateType":"https://docs.pypi.org/attestations/publish/v1","predicate":null}'
2025-12-28T09:27:20.6059950Z proposed: {"apiVersion": "0.0.1", "kind": "dsse", "spec": {"proposedContent": {"envelope": "{\"payload\": \"eyJfdHlwZSI6Imh0dHBzOi8vaW4tdG90by5pby9TdGF0ZW1lbnQvdjEiLCJzdWJqZWN0IjpbeyJuYW1lIjoid29vZF9uYW5vLTAuMy4zLWNwMzEyLWFiaTMtd2luX2FtZDY0LndobCIsImRpZ2VzdCI6eyJzaGEyNTYiOiJmNjBiZDEyODkwYjE1OTIwMGJmMDY5M2M5ZTQ5MjViNTNkY2UwNTUzNTViYTM3YTUyZjY1OTI3YmE0Yzk1MThjIn19XSwicHJlZGljYXRlVHlwZSI6Imh0dHBzOi8vZG9jcy5weXBpLm9yZy9hdHRlc3RhdGlvbnMvcHVibGlzaC92MSIsInByZWRpY2F0ZSI6bnVsbH0=\", \"payloadType\": \"application/vnd.in-toto+json\", \"signatures\": [{\"sig\": \"MEUCIQDwwIeg4zo6j+PG1V7f+qKp2LsktMLRmro0+WBN9sJPBAIgWaCTJiBkdZksDIiZwAdheyLAhDuMe6WVOfNXK1KV4hQ=\"}]}", "verifiers": ["LS0tLS1CRUdJTiBDRVJUSUZJQ0FURS0tLS0tCk1JSUc5ekNDQm4yZ0F3SUJBZ0lVQmlyeHhwR1ozOEZPWm1XdW4xTjQ1MnBTd09rd0NnWUlLb1pJemowRUF3TXcKTnpFVk1CTUdBMVVFQ2hNTWMybG5jM1J2Y21VdVpHVjJNUjR3SEFZRFZRUURFeFZ6YVdkemRHOXlaUzFwYm5SbApjbTFsWkdsaGRHVXdIaGNOTWpVeE1qSTRNRGt5TnpFNVdoY05NalV4TWpJNE1Ea3pOekU1V2pBQU1Ga3dFd1lICktvWkl6ajBDQVFZSUtvWkl6ajBEQVFjRFFnQUVndG1sb21TN1VuZ0l5eWdoTnJiN0g5OUk2aDdlNHJwQndxcUQKNURncER5OHV1ekJhTFQvOGcrM0d1ZVZMbzJxNjBMeUN5VUZjbXlPaTVEYk9nSGVaUWFPQ0Jad3dnZ1dZTUE0RwpBMVVkRHdFQi93UUVBd0lIZ0RBVEJnTlZIU1VFRERBS0JnZ3JCZ0VGQlFjREF6QWRCZ05WSFE0RUZnUVUreWdyCkk5Nk5Gd0Y4QVJHa050bVB2RCtNVndrd0h3WURWUjBqQkJnd0ZvQVUzOVBwejFZa0VaYjVxTmpwS0ZXaXhpNFkKWkQ4d2FRWURWUjBSQVFIL0JGOHdYWVpiYUhSMGNITTZMeTluYVhSb2RXSXVZMjl0TDNCbGRISmhjM1psYzNSaApjblJoY3k5M2IyOWtYMjVoYm04dkxtZHBkR2gxWWk5M2IzSnJabXh2ZDNNdmNtVnNaV0Z6WlM1NWJXeEFjbVZtCmN5OTBZV2R6TDNZd0xqTXVNekE1QmdvckJnRUVBWU8vTUFFQkJDdG9kSFJ3Y3pvdkwzUnZhMlZ1TG1GamRHbHYKYm5NdVoybDBhSFZpZFhObGNtTnZiblJsYm5RdVkyOXRNQklHQ2lzR0FRUUJnNzh3QVFJRUJIQjFjMmd3TmdZSwpLd1lCQkFHRHZ6QUJBd1FvWlRrd05XVm1PVFZrTVRObVpXUXpZbUpqWXpCbE9XUmpOV1JrTXpSaU9XVTJaV1poCk1UZ3lPVEFWQmdvckJnRUVBWU8vTUFFRUJBZFNaV3hsWVhObE1DY0dDaXNHQVFRQmc3OHdBUVVFR1hCbGRISmgKYzNabGMzUmhjblJoY3k5M2IyOWtYMjVoYm04d0hnWUtLd1lCQkFHRHZ6QUJCZ1FRY21WbWN5OTBZV2R6TDNZdwpMak11TXpBN0Jnb3JCZ0VFQVlPL01BRUlCQzBNSzJoMGRIQnpPaTh2ZEc5clpXNHVZV04wYVc5dWN5NW5hWFJvCmRXSjFjMlZ5WTI5dWRHVnVkQzVqYjIwd2F3WUtLd1lCQkFHRHZ6QUJDUVJkREZ0b2RIUndjem92TDJkcGRHaDEKWWk1amIyMHZjR1YwY21GemRtVnpkR0Z5ZEdGekwzZHZiMlJmYm1GdWJ5OHVaMmwwYUhWaUwzZHZjbXRtYkc5MwpjeTl5Wld4bFlYTmxMbmx0YkVCeVpXWnpMM1JoWjNNdmRqQXVNeTR6TURnR0Npc0dBUVFCZzc4d0FRb0VLZ3dvClpUa3dOV1ZtT1RWa01UTm1aV1F6WW1Kall6QmxPV1JqTldSa016UmlPV1UyWldaaE1UZ3lPVEFkQmdvckJnRUUKQVlPL01BRUxCQThNRFdkcGRHaDFZaTFvYjNOMFpXUXdQQVlLS3dZQkJBR0R2ekFCREFRdURDeG9kSFJ3Y3pvdgpMMmRwZEdoMVlpNWpiMjB2Y0dWMGNtRnpkbVZ6ZEdGeWRHRnpMM2R2YjJSZmJtRnViekE0QmdvckJnRUVBWU8vCk1BRU5CQ29NS0dVNU1EVmxaamsxWkRFelptVmtNMkppWTJNd1pUbGtZelZrWkRNMFlqbGxObVZtWVRFNE1qa3cKSUFZS0t3WUJCQUdEdnpBQkRnUVNEQkJ5WldaekwzUmhaM012ZGpBdU15NHpNQmtHQ2lzR0FRUUJnNzh3QVE4RQpDd3dKTnpnMk16Z3hOekV4TURJR0Npc0dBUVFCZzc4d0FSQUVKQXdpYUhSMGNITTZMeTluYVhSb2RXSXVZMjl0CkwzQmxkSEpoYzNabGMzUmhjblJoY3pBWUJnb3JCZ0VFQVlPL01BRVJCQW9NQ0RFNE1ERXpPVGcxTUdzR0Npc0cKQVFRQmc3OHdBUklFWFF4YmFIUjBjSE02THk5bmFYUm9kV0l1WTI5dEwzQmxkSEpoYzNabGMzUmhjblJoY3k5MwpiMjlrWDI1aGJtOHZMbWRwZEdoMVlpOTNiM0pyWm14dmQzTXZjbVZzWldGelpTNTViV3hBY21WbWN5OTBZV2R6CkwzWXdMak11TXpBNEJnb3JCZ0VFQVlPL01BRVRCQ29NS0dVNU1EVmxaamsxWkRFelptVmtNMkppWTJNd1pUbGsKWXpWa1pETTBZamxsTm1WbVlURTRNamt3RkFZS0t3WUJCQUdEdnpBQkZBUUdEQVJ3ZFhOb01HQUdDaXNHQVFRQgpnNzh3QVJVRVVneFFhSFIwY0hNNkx5OW5hWFJvZFdJdVkyOXRMM0JsZEhKaGMzWmxjM1JoY25SaGN5OTNiMjlrClgyNWhibTh2WVdOMGFXOXVjeTl5ZFc1ekx6SXdOVFV4TmpZek1Ua3lMMkYwZEdWdGNIUnpMekV3RmdZS0t3WUIKQkFHRHZ6QUJGZ1FJREFad2RXSnNhV013RkFZS0t3WUJCQUdEdnpBQkZ3UUdEQVJ3ZVhCcE1JR0xCZ29yQmdFRQpBZFo1QWdRQ0JIMEVld0I1QUhjQTNUMHdhc2JIRVRKakdSNGNtV2MzQXFKS1hyamVQSzMvaDRweWdDOHA3bzRBCkFBR2JaRWlmaHdBQUJBTUFTREJHQWlFQXNBRnorVldQSDNmcDZHOEU5QjdYUi9hSXJ6dytxQ2FYN252TkROemUKNGh3Q0lRRDhUSVRCanBqL2lNbU5IK3NSS3RhUlc3clBGVUdKeVhJbzRwOEc1UXdQSGpBS0JnZ3Foa2pPUFFRRApBd05vQURCbEFqRUFsZXFZZ2Z0d0FRZFcxWnBDT0dKYk50VDVKVjBYeS9CUHpzcUFIYVMyN1hiUFpPMUx2VSt1Cjd4SnB1SDZubFBLRkFqQjJMRktsVC82OGNYdlBTV0xHRDNXN3ZOYS9MS1lCeHNGNFVtVHRMT1VuTE8ybHlXbHYKZGNYckcveVEyWlV5YmM4PQotLS0tLUVORCBDRVJUSUZJQ0FURS0tLS0tCg=="]}, "signatures": null, "envelopeHash": null, "payloadHash": null}}
2025-12-28T09:27:20.7146258Z integrated: {'108e9186e8c5677adee887222f6dcf1151307dc9fdf73894abaab9bbdd0af7e26cd067d42318979a': {'body': 'eyJhcGlWZXJzaW9uIjoiMC4wLjEiLCJraW5kIjoiZHNzZSIsInNwZWMiOnsiZW52ZWxvcGVIYXNoIjp7ImFsZ29yaXRobSI6InNoYTI1NiIsInZhbHVlIjoiZDBlYzA1MzA4NjM2YTVlNmZhZTQ0N2IxNzk2MGZjOTUxNDU3NGFmOTYyNWI2ZTNkYmMyNWI5ZDVkNTFlODgwZiJ9LCJwYXlsb2FkSGFzaCI6eyJhbGdvcml0aG0iOiJzaGEyNTYiLCJ2YWx1ZSI6IjBiNTU4NDdjYTM1N2ExMTQ5ZWVjMTgwNmZlZjBlNDQ2ODllN2FkZGYxOGM0NThkMGFkNTQwNWY4MDllZDE3MzAifSwic2lnbmF0dXJlcyI6W3sic2lnbmF0dXJlIjoiTUVVQ0lRRHd3SWVnNHpvNmorUEcxVjdmK3FLcDJMc2t0TUxSbXJvMCtXQk45c0pQQkFJZ1dhQ1RKaUJrZFprc0RJaVp3QWRoZXlMQWhEdU1lNldWT2ZOWEsxS1Y0aFE9IiwidmVyaWZpZXIiOiJMUzB0TFMxQ1JVZEpUaUJEUlZKVVNVWkpRMEZVUlMwdExTMHRDazFKU1VjNWVrTkRRbTR5WjBGM1NVSkJaMGxWUW1seWVIaHdSMW96T0VaUFdtMVhkVzR4VGpRMU1uQlRkMDlyZDBObldVbExiMXBKZW1vd1JVRjNUWGNLVG5wRlZrMUNUVWRCTVZWRlEyaE5UV015Ykc1ak0xSjJZMjFWZFZwSFZqSk5ValIzU0VGWlJGWlJVVVJGZUZaNllWZGtlbVJIT1hsYVV6RndZbTVTYkFwamJURnNXa2RzYUdSSFZYZElhR05PVFdwVmVFMXFTVFJOUkd0NVRucEZOVmRvWTA1TmFsVjRUV3BKTkUxRWEzcE9la1UxVjJwQlFVMUdhM2RGZDFsSUNrdHZXa2w2YWpCRFFWRlpTVXR2V2tsNmFqQkVRVkZqUkZGblFVVm5kRzFzYjIxVE4xVnVaMGw1ZVdkb1RuSmlOMGc1T1VrMmFEZGxOSEp3UW5keGNVUUtOVVJuY0VSNU9IVjFla0poVEZRdk9HY3JNMGQxWlZaTWJ6SnhOakJNZVVONVZVWmpiWGxQYVRWRVlrOW5TR1ZhVVdGUFEwSmFkM2RuWjFkWlRVRTBSd3BCTVZWa1JIZEZRaTkzVVVWQmQwbElaMFJCVkVKblRsWklVMVZGUkVSQlMwSm5aM0pDWjBWR1FsRmpSRUY2UVdSQ1owNVdTRkUwUlVablVWVXJlV2R5Q2trNU5rNUdkMFk0UVZKSGEwNTBiVkIyUkN0TlZuZHJkMGgzV1VSV1VqQnFRa0puZDBadlFWVXpPVkJ3ZWpGWmEwVmFZalZ4VG1wd1MwWlhhWGhwTkZrS1drUTRkMkZSV1VSV1VqQlNRVkZJTDBKR09IZFlXVnBpWVVoU01HTklUVFpNZVRsdVlWaFNiMlJYU1hWWk1qbDBURE5DYkdSSVNtaGpNMXBzWXpOU2FBcGpibEpvWTNrNU0ySXlPV3RZTWpWb1ltMDRka3h0WkhCa1IyZ3hXV2s1TTJJelNuSmFiWGgyWkROTmRtTnRWbk5hVjBaNldsTTFOV0pYZUVGamJWWnRDbU41T1RCWlYyUjZURE5aZDB4cVRYVk5la0UxUW1kdmNrSm5SVVZCV1U4dlRVRkZRa0pEZEc5a1NGSjNZM3B2ZGt3elVuWmhNbFoxVEcxR2FtUkhiSFlLWW01TmRWb3liREJoU0ZacFpGaE9iR050VG5aaWJsSnNZbTVSZFZreU9YUk5Ra2xIUTJselIwRlJVVUpuTnpoM1FWRkpSVUpJUWpGak1tZDNUbWRaU3dwTGQxbENRa0ZIUkhaNlFVSkJkMUZ2V2xScmQwNVhWbTFQVkZaclRWUk9iVnBYVVhwWmJVcHFXWHBDYkU5WFVtcE9WMUpyVFhwU2FVOVhWVEphVjFwb0NrMVVaM2xQVkVGV1FtZHZja0puUlVWQldVOHZUVUZGUlVKQlpGTmFWM2hzV1ZoT2JFMURZMGREYVhOSFFWRlJRbWMzT0hkQlVWVkZSMWhDYkdSSVNtZ0tZek5hYkdNelVtaGpibEpvWTNrNU0ySXlPV3RZTWpWb1ltMDRkMGhuV1V0TGQxbENRa0ZIUkhaNlFVSkNaMUZSWTIxV2JXTjVPVEJaVjJSNlRETlpkd3BNYWsxMVRYcEJOMEpuYjNKQ1owVkZRVmxQTDAxQlJVbENRekJOU3pKb01HUklRbnBQYVRoMlpFYzVjbHBYTkhWWlYwNHdZVmM1ZFdONU5XNWhXRkp2Q21SWFNqRmpNbFo1V1RJNWRXUkhWblZrUXpWcVlqSXdkMkYzV1V0TGQxbENRa0ZIUkhaNlFVSkRVVkprUkVaMGIyUklVbmRqZW05MlRESmtjR1JIYURFS1dXazFhbUl5TUhaalIxWXdZMjFHZW1SdFZucGtSMFo1WkVkR2Vrd3paSFppTWxKbVltMUdkV0o1T0hWYU1td3dZVWhXYVV3elpIWmpiWFJ0WWtjNU13cGplVGw1V2xkNGJGbFlUbXhNYm14MFlrVkNlVnBYV25wTU0xSm9Xak5OZG1ScVFYVk5lVFI2VFVSblIwTnBjMGRCVVZGQ1p6YzRkMEZSYjBWTFozZHZDbHBVYTNkT1YxWnRUMVJXYTAxVVRtMWFWMUY2V1cxS2FsbDZRbXhQVjFKcVRsZFNhMDE2VW1sUFYxVXlXbGRhYUUxVVozbFBWRUZrUW1kdmNrSm5SVVVLUVZsUEwwMUJSVXhDUVRoTlJGZGtjR1JIYURGWmFURnZZak5PTUZwWFVYZFFRVmxMUzNkWlFrSkJSMFIyZWtGQ1JFRlJkVVJEZUc5a1NGSjNZM3B2ZGdwTU1tUndaRWRvTVZscE5XcGlNakIyWTBkV01HTnRSbnBrYlZaNlpFZEdlV1JIUm5wTU0yUjJZakpTWm1KdFJuVmlla0UwUW1kdmNrSm5SVVZCV1U4dkNrMUJSVTVDUTI5TlMwZFZOVTFFVm14YWFtc3hXa1JGZWxwdFZtdE5Na3BwV1RKTmQxcFViR3RaZWxacldrUk5NRmxxYkd4T2JWWnRXVlJGTkUxcWEzY0tTVUZaUzB0M1dVSkNRVWRFZG5wQlFrUm5VVk5FUWtKNVdsZGFla3d6VW1oYU0wMTJaR3BCZFUxNU5IcE5RbXRIUTJselIwRlJVVUpuTnpoM1FWRTRSUXBEZDNkS1RucG5NazE2WjNoT2VrVjRUVVJKUjBOcGMwZEJVVkZDWnpjNGQwRlNRVVZLUVhkcFlVaFNNR05JVFRaTWVUbHVZVmhTYjJSWFNYVlpNamwwQ2t3elFteGtTRXBvWXpOYWJHTXpVbWhqYmxKb1kzcEJXVUpuYjNKQ1owVkZRVmxQTDAxQlJWSkNRVzlOUTBSRk5FMUVSWHBQVkdjeFRVZHpSME5wYzBjS1FWRlJRbWMzT0hkQlVrbEZXRkY0WW1GSVVqQmpTRTAyVEhrNWJtRllVbTlrVjBsMVdUSTVkRXd6UW14a1NFcG9Zek5hYkdNelVtaGpibEpvWTNrNU13cGlNamxyV0RJMWFHSnRPSFpNYldSd1pFZG9NVmxwT1ROaU0wcHlXbTE0ZG1RelRYWmpiVlp6V2xkR2VscFROVFZpVjNoQlkyMVdiV041T1RCWlYyUjZDa3d6V1hkTWFrMTFUWHBCTkVKbmIzSkNaMFZGUVZsUEwwMUJSVlJDUTI5TlMwZFZOVTFFVm14YWFtc3hXa1JGZWxwdFZtdE5Na3BwV1RKTmQxcFViR3NLV1hwV2ExcEVUVEJaYW14c1RtMVdiVmxVUlRSTmFtdDNSa0ZaUzB0M1dVSkNRVWRFZG5wQlFrWkJVVWRFUVZKM1pGaE9iMDFIUVVkRGFYTkhRVkZSUWdwbk56aDNRVkpWUlZWbmVGRmhTRkl3WTBoTk5reDVPVzVoV0ZKdlpGZEpkVmt5T1hSTU0wSnNaRWhLYUdNeldteGpNMUpvWTI1U2FHTjVPVE5pTWpsckNsZ3lOV2hpYlRoMldWZE9NR0ZYT1hWamVUbDVaRmMxZWt4NlNYZE9WRlY0VG1wWmVrMVVhM2xNTWtZd1pFZFdkR05JVW5wTWVrVjNSbWRaUzB0M1dVSUtRa0ZIUkhaNlFVSkdaMUZKUkVGYWQyUlhTbk5oVjAxM1JrRlpTMHQzV1VKQ1FVZEVkbnBCUWtaM1VVZEVRVkozWlZoQ2NFMUpSMHhDWjI5eVFtZEZSUXBCWkZvMVFXZFJRMEpJTUVWbGQwSTFRVWhqUVROVU1IZGhjMkpJUlZSS2FrZFNOR050VjJNelFYRktTMWh5YW1WUVN6TXZhRFJ3ZVdkRE9IQTNielJCQ2tGQlIySmFSV2xtYUhkQlFVSkJUVUZUUkVKSFFXbEZRWE5CUm5vclZsZFFTRE5tY0RaSE9FVTVRamRZVWk5aFNYSjZkeXR4UTJGWU4yNTJUa1JPZW1VS05HaDNRMGxSUkRoVVNWUkNhbkJxTDJsTmJVNUlLM05TUzNSaFVsYzNjbEJHVlVkS2VWaEpielJ3T0VjMVVYZFFTR3BCUzBKblozRm9hMnBQVUZGUlJBcEJkMDV2UVVSQ2JFRnFSVUZzWlhGWloyWjBkMEZSWkZjeFduQkRUMGRLWWs1MFZEVktWakJZZVM5Q1VIcHpjVUZJWVZNeU4xaGlVRnBQTVV4MlZTdDFDamQ0U25CMVNEWnViRkJMUmtGcVFqSk1Sa3RzVkM4Mk9HTllkbEJUVjB4SFJETlhOM1pPWVM5TVMxbENlSE5HTkZWdFZIUk1UMVZ1VEU4eWJIbFhiSFlLWkdOWWNrY3ZlVkV5V2xWNVltTTRQUW90TFMwdExVVk9SQ0JEUlZKVVNVWkpRMEZVUlMwdExTMHRDZz09In1dfX0=', 'integratedTime': 1766914040, 'logID': 'c0d23d6ad406973f9559f3ba2d1ca01f84147d8ffc5b8445c224f98b9591801d', 'logIndex': 780720610, 'verification': {'inclusionProof': {'checkpoint': 'rekor.sigstore.dev - 1193050959916656506\n658816349\ntpr5OrsqHd9/dDe7vUbErKB4B2xmuzhGy0DWYh8NyGU=\n\n— rekor.sigstore.dev wNI9ajBFAiAYOpVVxEetC2KgF1s3FNITcVDVOoziF1ZEBF6vt/M6nAIhAJpwTmsX78/3N1znOT/OkqMBAroD3fsurLHVzkkLQFaQ\n', 'hashes': ['fe5afb1462a0a5a1bac702da72a55d1726b22b21ecc33ce46da2f8dffa7e51d3', 'b5a87019bf268b4dd988e433200c5807573b61068abb868086dddc8aee8dccd9', '7bbcb8438ebc7d2d237fa582ad5f9e1f5488822ae52678f50c6f8092fa87eb6d', '9d1c7154d1036550d3d43ef4697db75136ccd3c1bf9595b3db35b75f130c4bd6', 'f50493dbc0ad96333b6eb90ced3388eb058d26863ff4649ddfdd29b748ebc752', 'e75b9cf267d98d0de2085151bea791bcd2cd96681186908bcb3bfff448707fc0', 'c022e710ba18142e87fa06d6768ed4737631aff3eba0585eaeac63d885ea1553', '4f34b2fafdc154dce8a8af76138c0f2d8b5a30f1421b25eba216743c9c4d9422', '0ded781a98b92cc48690b35b3440d2605b51821ab786d6afe54d25bda8c9db50', '53da579c09be9fda11f450e4119f2c554593a5d7af1c8388cdc6839a8df28e4f', '4337dd8cdc86a768eae779a378d22a47d02ee919a2430ed1704a9641e598306f', 'df9138e7262fd4d912b223b3931dbdb10aea00eba1dda60b171d9066e3cf10f3', 'cfbba0a0230e6f1b5481a31253b9ca76258578880a7c83047591c76a1e0d0dba', '5fabe4c73d29a312b60c8951babffb2db11dcf78835e3e5063f80b93f7b05e30', '6665246241c1cb507bdb726b12088abdea5374762b3facb66b8a0e0d8be2e556', '4f80ea583e36840b4dfaf5fc8ca096aa80b899e13825e908f4bc5818270fcb53'], 'logIndex': 658816348, 'rootHash': 'b69af93abb2a1ddf7f7437bbbd46c4aca078076c66bb3846cb40d6621f0dc865', 'treeSize': 658816349}, 'signedEntryTimestamp': 'MEUCIF0gMyLKHXzfWPMBbJ1jdUerPhB8DZ+uL/sTBThWsNkmAiEAmxYOlWOW9qyVdDc6t+sZwT8z41pQBIp/CJzi9k5K99k='}}}
2025-12-28T09:27:20.7345788Z Transparency log entry created with index: 780720610
2025-12-28T09:27:20.7347525Z DSSE PAE: b'DSSEv1 28 application/vnd.in-toto+json 287 {"_type":"https://in-toto.io/Statement/v1","subject":[{"name":"wood_nano-0.3.3-cp312-abi3-manylinux_2_28_x86_64.whl","digest":{"sha256":"642623eb86d69283f4cc998eb42eee63ba539a3a063e0d486e156ffd5fc9bdcb"}}],"predicateType":"https://docs.pypi.org/attestations/publish/v1","predicate":null}'
2025-12-28T09:27:20.7439187Z proposed: {"apiVersion": "0.0.1", "kind": "dsse", "spec": {"proposedContent": {"envelope": "{\"payload\": \"eyJfdHlwZSI6Imh0dHBzOi8vaW4tdG90by5pby9TdGF0ZW1lbnQvdjEiLCJzdWJqZWN0IjpbeyJuYW1lIjoid29vZF9uYW5vLTAuMy4zLWNwMzEyLWFiaTMtbWFueWxpbnV4XzJfMjhfeDg2XzY0LndobCIsImRpZ2VzdCI6eyJzaGEyNTYiOiI2NDI2MjNlYjg2ZDY5MjgzZjRjYzk5OGViNDJlZWU2M2JhNTM5YTNhMDYzZTBkNDg2ZTE1NmZmZDVmYzliZGNiIn19XSwicHJlZGljYXRlVHlwZSI6Imh0dHBzOi8vZG9jcy5weXBpLm9yZy9hdHRlc3RhdGlvbnMvcHVibGlzaC92MSIsInByZWRpY2F0ZSI6bnVsbH0=\", \"payloadType\": \"application/vnd.in-toto+json\", \"signatures\": [{\"sig\": \"MEUCIDgb5L+gV319P4XjdTuHOOTBVAVKWe93fBnb8OL5bQo9AiEAsV13pDGoWwNweaiqAQi5tqPS9VRYFWyYaUwbiC6abIY=\"}]}", "verifiers": ["LS0tLS1CRUdJTiBDRVJUSUZJQ0FURS0tLS0tCk1JSUc5ekNDQm4yZ0F3SUJBZ0lVQmlyeHhwR1ozOEZPWm1XdW4xTjQ1MnBTd09rd0NnWUlLb1pJemowRUF3TXcKTnpFVk1CTUdBMVVFQ2hNTWMybG5jM1J2Y21VdVpHVjJNUjR3SEFZRFZRUURFeFZ6YVdkemRHOXlaUzFwYm5SbApjbTFsWkdsaGRHVXdIaGNOTWpVeE1qSTRNRGt5TnpFNVdoY05NalV4TWpJNE1Ea3pOekU1V2pBQU1Ga3dFd1lICktvWkl6ajBDQVFZSUtvWkl6ajBEQVFjRFFnQUVndG1sb21TN1VuZ0l5eWdoTnJiN0g5OUk2aDdlNHJwQndxcUQKNURncER5OHV1ekJhTFQvOGcrM0d1ZVZMbzJxNjBMeUN5VUZjbXlPaTVEYk9nSGVaUWFPQ0Jad3dnZ1dZTUE0RwpBMVVkRHdFQi93UUVBd0lIZ0RBVEJnTlZIU1VFRERBS0JnZ3JCZ0VGQlFjREF6QWRCZ05WSFE0RUZnUVUreWdyCkk5Nk5Gd0Y4QVJHa050bVB2RCtNVndrd0h3WURWUjBqQkJnd0ZvQVUzOVBwejFZa0VaYjVxTmpwS0ZXaXhpNFkKWkQ4d2FRWURWUjBSQVFIL0JGOHdYWVpiYUhSMGNITTZMeTluYVhSb2RXSXVZMjl0TDNCbGRISmhjM1psYzNSaApjblJoY3k5M2IyOWtYMjVoYm04dkxtZHBkR2gxWWk5M2IzSnJabXh2ZDNNdmNtVnNaV0Z6WlM1NWJXeEFjbVZtCmN5OTBZV2R6TDNZd0xqTXVNekE1QmdvckJnRUVBWU8vTUFFQkJDdG9kSFJ3Y3pvdkwzUnZhMlZ1TG1GamRHbHYKYm5NdVoybDBhSFZpZFhObGNtTnZiblJsYm5RdVkyOXRNQklHQ2lzR0FRUUJnNzh3QVFJRUJIQjFjMmd3TmdZSwpLd1lCQkFHRHZ6QUJBd1FvWlRrd05XVm1PVFZrTVRObVpXUXpZbUpqWXpCbE9XUmpOV1JrTXpSaU9XVTJaV1poCk1UZ3lPVEFWQmdvckJnRUVBWU8vTUFFRUJBZFNaV3hsWVhObE1DY0dDaXNHQVFRQmc3OHdBUVVFR1hCbGRISmgKYzNabGMzUmhjblJoY3k5M2IyOWtYMjVoYm04d0hnWUtLd1lCQkFHRHZ6QUJCZ1FRY21WbWN5OTBZV2R6TDNZdwpMak11TXpBN0Jnb3JCZ0VFQVlPL01BRUlCQzBNSzJoMGRIQnpPaTh2ZEc5clpXNHVZV04wYVc5dWN5NW5hWFJvCmRXSjFjMlZ5WTI5dWRHVnVkQzVqYjIwd2F3WUtLd1lCQkFHRHZ6QUJDUVJkREZ0b2RIUndjem92TDJkcGRHaDEKWWk1amIyMHZjR1YwY21GemRtVnpkR0Z5ZEdGekwzZHZiMlJmYm1GdWJ5OHVaMmwwYUhWaUwzZHZjbXRtYkc5MwpjeTl5Wld4bFlYTmxMbmx0YkVCeVpXWnpMM1JoWjNNdmRqQXVNeTR6TURnR0Npc0dBUVFCZzc4d0FRb0VLZ3dvClpUa3dOV1ZtT1RWa01UTm1aV1F6WW1Kall6QmxPV1JqTldSa016UmlPV1UyWldaaE1UZ3lPVEFkQmdvckJnRUUKQVlPL01BRUxCQThNRFdkcGRHaDFZaTFvYjNOMFpXUXdQQVlLS3dZQkJBR0R2ekFCREFRdURDeG9kSFJ3Y3pvdgpMMmRwZEdoMVlpNWpiMjB2Y0dWMGNtRnpkbVZ6ZEdGeWRHRnpMM2R2YjJSZmJtRnViekE0QmdvckJnRUVBWU8vCk1BRU5CQ29NS0dVNU1EVmxaamsxWkRFelptVmtNMkppWTJNd1pUbGtZelZrWkRNMFlqbGxObVZtWVRFNE1qa3cKSUFZS0t3WUJCQUdEdnpBQkRnUVNEQkJ5WldaekwzUmhaM012ZGpBdU15NHpNQmtHQ2lzR0FRUUJnNzh3QVE4RQpDd3dKTnpnMk16Z3hOekV4TURJR0Npc0dBUVFCZzc4d0FSQUVKQXdpYUhSMGNITTZMeTluYVhSb2RXSXVZMjl0CkwzQmxkSEpoYzNabGMzUmhjblJoY3pBWUJnb3JCZ0VFQVlPL01BRVJCQW9NQ0RFNE1ERXpPVGcxTUdzR0Npc0cKQVFRQmc3OHdBUklFWFF4YmFIUjBjSE02THk5bmFYUm9kV0l1WTI5dEwzQmxkSEpoYzNabGMzUmhjblJoY3k5MwpiMjlrWDI1aGJtOHZMbWRwZEdoMVlpOTNiM0pyWm14dmQzTXZjbVZzWldGelpTNTViV3hBY21WbWN5OTBZV2R6CkwzWXdMak11TXpBNEJnb3JCZ0VFQVlPL01BRVRCQ29NS0dVNU1EVmxaamsxWkRFelptVmtNMkppWTJNd1pUbGsKWXpWa1pETTBZamxsTm1WbVlURTRNamt3RkFZS0t3WUJCQUdEdnpBQkZBUUdEQVJ3ZFhOb01HQUdDaXNHQVFRQgpnNzh3QVJVRVVneFFhSFIwY0hNNkx5OW5hWFJvZFdJdVkyOXRMM0JsZEhKaGMzWmxjM1JoY25SaGN5OTNiMjlrClgyNWhibTh2WVdOMGFXOXVjeTl5ZFc1ekx6SXdOVFV4TmpZek1Ua3lMMkYwZEdWdGNIUnpMekV3RmdZS0t3WUIKQkFHRHZ6QUJGZ1FJREFad2RXSnNhV013RkFZS0t3WUJCQUdEdnpBQkZ3UUdEQVJ3ZVhCcE1JR0xCZ29yQmdFRQpBZFo1QWdRQ0JIMEVld0I1QUhjQTNUMHdhc2JIRVRKakdSNGNtV2MzQXFKS1hyamVQSzMvaDRweWdDOHA3bzRBCkFBR2JaRWlmaHdBQUJBTUFTREJHQWlFQXNBRnorVldQSDNmcDZHOEU5QjdYUi9hSXJ6dytxQ2FYN252TkROemUKNGh3Q0lRRDhUSVRCanBqL2lNbU5IK3NSS3RhUlc3clBGVUdKeVhJbzRwOEc1UXdQSGpBS0JnZ3Foa2pPUFFRRApBd05vQURCbEFqRUFsZXFZZ2Z0d0FRZFcxWnBDT0dKYk50VDVKVjBYeS9CUHpzcUFIYVMyN1hiUFpPMUx2VSt1Cjd4SnB1SDZubFBLRkFqQjJMRktsVC82OGNYdlBTV0xHRDNXN3ZOYS9MS1lCeHNGNFVtVHRMT1VuTE8ybHlXbHYKZGNYckcveVEyWlV5YmM4PQotLS0tLUVORCBDRVJUSUZJQ0FURS0tLS0tCg=="]}, "signatures": null, "envelopeHash": null, "payloadHash": null}}
2025-12-28T09:27:21.0634675Z integrated: {'108e9186e8c5677abdba150a83fdaae21d75bf431a21b5aa0b2a22fbef541dd045116621105359d4': {'body': 'eyJhcGlWZXJzaW9uIjoiMC4wLjEiLCJraW5kIjoiZHNzZSIsInNwZWMiOnsiZW52ZWxvcGVIYXNoIjp7ImFsZ29yaXRobSI6InNoYTI1NiIsInZhbHVlIjoiNjUwYzZlN2JmNmUwZGMyMTNhYzYyOTE1MDM1Y2U5ZGRkMDUyZGY5NTM0MWRhNWViODkwYjVkZjkyNGJjODFlNSJ9LCJwYXlsb2FkSGFzaCI6eyJhbGdvcml0aG0iOiJzaGEyNTYiLCJ2YWx1ZSI6IjVlZjIwYWFhYjU2YTVmZmQ1NTljY2ZiNTcwOTNkYjEyZWQ0ZDkyYjAzMWJjNmQ4MGNlNjkyZmMxYWVkYzFhZDEifSwic2lnbmF0dXJlcyI6W3sic2lnbmF0dXJlIjoiTUVVQ0lEZ2I1TCtnVjMxOVA0WGpkVHVIT09UQlZBVktXZTkzZkJuYjhPTDViUW85QWlFQXNWMTNwREdvV3dOd2VhaXFBUWk1dHFQUzlWUllGV3lZYVV3YmlDNmFiSVk9IiwidmVyaWZpZXIiOiJMUzB0TFMxQ1JVZEpUaUJEUlZKVVNVWkpRMEZVUlMwdExTMHRDazFKU1VjNWVrTkRRbTR5WjBGM1NVSkJaMGxWUW1seWVIaHdSMW96T0VaUFdtMVhkVzR4VGpRMU1uQlRkMDlyZDBObldVbExiMXBKZW1vd1JVRjNUWGNLVG5wRlZrMUNUVWRCTVZWRlEyaE5UV015Ykc1ak0xSjJZMjFWZFZwSFZqSk5ValIzU0VGWlJGWlJVVVJGZUZaNllWZGtlbVJIT1hsYVV6RndZbTVTYkFwamJURnNXa2RzYUdSSFZYZElhR05PVFdwVmVFMXFTVFJOUkd0NVRucEZOVmRvWTA1TmFsVjRUV3BKTkUxRWEzcE9la1UxVjJwQlFVMUdhM2RGZDFsSUNrdHZXa2w2YWpCRFFWRlpTVXR2V2tsNmFqQkVRVkZqUkZGblFVVm5kRzFzYjIxVE4xVnVaMGw1ZVdkb1RuSmlOMGc1T1VrMmFEZGxOSEp3UW5keGNVUUtOVVJuY0VSNU9IVjFla0poVEZRdk9HY3JNMGQxWlZaTWJ6SnhOakJNZVVONVZVWmpiWGxQYVRWRVlrOW5TR1ZhVVdGUFEwSmFkM2RuWjFkWlRVRTBSd3BCTVZWa1JIZEZRaTkzVVVWQmQwbElaMFJCVkVKblRsWklVMVZGUkVSQlMwSm5aM0pDWjBWR1FsRmpSRUY2UVdSQ1owNVdTRkUwUlVablVWVXJlV2R5Q2trNU5rNUdkMFk0UVZKSGEwNTBiVkIyUkN0TlZuZHJkMGgzV1VSV1VqQnFRa0puZDBadlFWVXpPVkJ3ZWpGWmEwVmFZalZ4VG1wd1MwWlhhWGhwTkZrS1drUTRkMkZSV1VSV1VqQlNRVkZJTDBKR09IZFlXVnBpWVVoU01HTklUVFpNZVRsdVlWaFNiMlJYU1hWWk1qbDBURE5DYkdSSVNtaGpNMXBzWXpOU2FBcGpibEpvWTNrNU0ySXlPV3RZTWpWb1ltMDRka3h0WkhCa1IyZ3hXV2s1TTJJelNuSmFiWGgyWkROTmRtTnRWbk5hVjBaNldsTTFOV0pYZUVGamJWWnRDbU41T1RCWlYyUjZURE5aZDB4cVRYVk5la0UxUW1kdmNrSm5SVVZCV1U4dlRVRkZRa0pEZEc5a1NGSjNZM3B2ZGt3elVuWmhNbFoxVEcxR2FtUkhiSFlLWW01TmRWb3liREJoU0ZacFpGaE9iR050VG5aaWJsSnNZbTVSZFZreU9YUk5Ra2xIUTJselIwRlJVVUpuTnpoM1FWRkpSVUpJUWpGak1tZDNUbWRaU3dwTGQxbENRa0ZIUkhaNlFVSkJkMUZ2V2xScmQwNVhWbTFQVkZaclRWUk9iVnBYVVhwWmJVcHFXWHBDYkU5WFVtcE9WMUpyVFhwU2FVOVhWVEphVjFwb0NrMVVaM2xQVkVGV1FtZHZja0puUlVWQldVOHZUVUZGUlVKQlpGTmFWM2hzV1ZoT2JFMURZMGREYVhOSFFWRlJRbWMzT0hkQlVWVkZSMWhDYkdSSVNtZ0tZek5hYkdNelVtaGpibEpvWTNrNU0ySXlPV3RZTWpWb1ltMDRkMGhuV1V0TGQxbENRa0ZIUkhaNlFVSkNaMUZSWTIxV2JXTjVPVEJaVjJSNlRETlpkd3BNYWsxMVRYcEJOMEpuYjNKQ1owVkZRVmxQTDAxQlJVbENRekJOU3pKb01HUklRbnBQYVRoMlpFYzVjbHBYTkhWWlYwNHdZVmM1ZFdONU5XNWhXRkp2Q21SWFNqRmpNbFo1V1RJNWRXUkhWblZrUXpWcVlqSXdkMkYzV1V0TGQxbENRa0ZIUkhaNlFVSkRVVkprUkVaMGIyUklVbmRqZW05MlRESmtjR1JIYURFS1dXazFhbUl5TUhaalIxWXdZMjFHZW1SdFZucGtSMFo1WkVkR2Vrd3paSFppTWxKbVltMUdkV0o1T0hWYU1td3dZVWhXYVV3elpIWmpiWFJ0WWtjNU13cGplVGw1V2xkNGJGbFlUbXhNYm14MFlrVkNlVnBYV25wTU0xSm9Xak5OZG1ScVFYVk5lVFI2VFVSblIwTnBjMGRCVVZGQ1p6YzRkMEZSYjBWTFozZHZDbHBVYTNkT1YxWnRUMVJXYTAxVVRtMWFWMUY2V1cxS2FsbDZRbXhQVjFKcVRsZFNhMDE2VW1sUFYxVXlXbGRhYUUxVVozbFBWRUZrUW1kdmNrSm5SVVVLUVZsUEwwMUJSVXhDUVRoTlJGZGtjR1JIYURGWmFURnZZak5PTUZwWFVYZFFRVmxMUzNkWlFrSkJSMFIyZWtGQ1JFRlJkVVJEZUc5a1NGSjNZM3B2ZGdwTU1tUndaRWRvTVZscE5XcGlNakIyWTBkV01HTnRSbnBrYlZaNlpFZEdlV1JIUm5wTU0yUjJZakpTWm1KdFJuVmlla0UwUW1kdmNrSm5SVVZCV1U4dkNrMUJSVTVDUTI5TlMwZFZOVTFFVm14YWFtc3hXa1JGZWxwdFZtdE5Na3BwV1RKTmQxcFViR3RaZWxacldrUk5NRmxxYkd4T2JWWnRXVlJGTkUxcWEzY0tTVUZaUzB0M1dVSkNRVWRFZG5wQlFrUm5VVk5FUWtKNVdsZGFla3d6VW1oYU0wMTJaR3BCZFUxNU5IcE5RbXRIUTJselIwRlJVVUpuTnpoM1FWRTRSUXBEZDNkS1RucG5NazE2WjNoT2VrVjRUVVJKUjBOcGMwZEJVVkZDWnpjNGQwRlNRVVZLUVhkcFlVaFNNR05JVFRaTWVUbHVZVmhTYjJSWFNYVlpNamwwQ2t3elFteGtTRXBvWXpOYWJHTXpVbWhqYmxKb1kzcEJXVUpuYjNKQ1owVkZRVmxQTDAxQlJWSkNRVzlOUTBSRk5FMUVSWHBQVkdjeFRVZHpSME5wYzBjS1FWRlJRbWMzT0hkQlVrbEZXRkY0WW1GSVVqQmpTRTAyVEhrNWJtRllVbTlrVjBsMVdUSTVkRXd6UW14a1NFcG9Zek5hYkdNelVtaGpibEpvWTNrNU13cGlNamxyV0RJMWFHSnRPSFpNYldSd1pFZG9NVmxwT1ROaU0wcHlXbTE0ZG1RelRYWmpiVlp6V2xkR2VscFROVFZpVjNoQlkyMVdiV041T1RCWlYyUjZDa3d6V1hkTWFrMTFUWHBCTkVKbmIzSkNaMFZGUVZsUEwwMUJSVlJDUTI5TlMwZFZOVTFFVm14YWFtc3hXa1JGZWxwdFZtdE5Na3BwV1RKTmQxcFViR3NLV1hwV2ExcEVUVEJaYW14c1RtMVdiVmxVUlRSTmFtdDNSa0ZaUzB0M1dVSkNRVWRFZG5wQlFrWkJVVWRFUVZKM1pGaE9iMDFIUVVkRGFYTkhRVkZSUWdwbk56aDNRVkpWUlZWbmVGRmhTRkl3WTBoTk5reDVPVzVoV0ZKdlpGZEpkVmt5T1hSTU0wSnNaRWhLYUdNeldteGpNMUpvWTI1U2FHTjVPVE5pTWpsckNsZ3lOV2hpYlRoMldWZE9NR0ZYT1hWamVUbDVaRmMxZWt4NlNYZE9WRlY0VG1wWmVrMVVhM2xNTWtZd1pFZFdkR05JVW5wTWVrVjNSbWRaUzB0M1dVSUtRa0ZIUkhaNlFVSkdaMUZKUkVGYWQyUlhTbk5oVjAxM1JrRlpTMHQzV1VKQ1FVZEVkbnBCUWtaM1VVZEVRVkozWlZoQ2NFMUpSMHhDWjI5eVFtZEZSUXBCWkZvMVFXZFJRMEpJTUVWbGQwSTFRVWhqUVROVU1IZGhjMkpJUlZSS2FrZFNOR050VjJNelFYRktTMWh5YW1WUVN6TXZhRFJ3ZVdkRE9IQTNielJCQ2tGQlIySmFSV2xtYUhkQlFVSkJUVUZUUkVKSFFXbEZRWE5CUm5vclZsZFFTRE5tY0RaSE9FVTVRamRZVWk5aFNYSjZkeXR4UTJGWU4yNTJUa1JPZW1VS05HaDNRMGxSUkRoVVNWUkNhbkJxTDJsTmJVNUlLM05TUzNSaFVsYzNjbEJHVlVkS2VWaEpielJ3T0VjMVVYZFFTR3BCUzBKblozRm9hMnBQVUZGUlJBcEJkMDV2UVVSQ2JFRnFSVUZzWlhGWloyWjBkMEZSWkZjeFduQkRUMGRLWWs1MFZEVktWakJZZVM5Q1VIcHpjVUZJWVZNeU4xaGlVRnBQTVV4MlZTdDFDamQ0U25CMVNEWnViRkJMUmtGcVFqSk1Sa3RzVkM4Mk9HTllkbEJUVjB4SFJETlhOM1pPWVM5TVMxbENlSE5HTkZWdFZIUk1UMVZ1VEU4eWJIbFhiSFlLWkdOWWNrY3ZlVkV5V2xWNVltTTRQUW90TFMwdExVVk9SQ0JEUlZKVVNVWkpRMEZVUlMwdExTMHRDZz09In1dfX0=', 'integratedTime': 1766914040, 'logID': 'c0d23d6ad406973f9559f3ba2d1ca01f84147d8ffc5b8445c224f98b9591801d', 'logIndex': 780720611, 'verification': {'inclusionProof': {'checkpoint': 'rekor.sigstore.dev - 1193050959916656506\n658816350\nxWuRDiliYH8LTAnFONrtKCVprxavZkNL976zB68V37k=\n\n— rekor.sigstore.dev wNI9ajBFAiEA02XgoJ0CyMZGCJp5NBv37ruHmocWUagd3zfNS8GF1EICICWTJctcNi2KsKK0EQZQc3ser2rn05Q8fJBMx4XkpOj/\n', 'hashes': ['dee887222f6dcf1151307dc9fdf73894abaab9bbdd0af7e26cd067d42318979a', 'fe5afb1462a0a5a1bac702da72a55d1726b22b21ecc33ce46da2f8dffa7e51d3', 'b5a87019bf268b4dd988e433200c5807573b61068abb868086dddc8aee8dccd9', '7bbcb8438ebc7d2d237fa582ad5f9e1f5488822ae52678f50c6f8092fa87eb6d', '9d1c7154d1036550d3d43ef4697db75136ccd3c1bf9595b3db35b75f130c4bd6', 'f50493dbc0ad96333b6eb90ced3388eb058d26863ff4649ddfdd29b748ebc752', 'e75b9cf267d98d0de2085151bea791bcd2cd96681186908bcb3bfff448707fc0', 'c022e710ba18142e87fa06d6768ed4737631aff3eba0585eaeac63d885ea1553', '4f34b2fafdc154dce8a8af76138c0f2d8b5a30f1421b25eba216743c9c4d9422', '0ded781a98b92cc48690b35b3440d2605b51821ab786d6afe54d25bda8c9db50', '53da579c09be9fda11f450e4119f2c554593a5d7af1c8388cdc6839a8df28e4f', '4337dd8cdc86a768eae779a378d22a47d02ee919a2430ed1704a9641e598306f', 'df9138e7262fd4d912b223b3931dbdb10aea00eba1dda60b171d9066e3cf10f3', 'cfbba0a0230e6f1b5481a31253b9ca76258578880a7c83047591c76a1e0d0dba', '5fabe4c73d29a312b60c8951babffb2db11dcf78835e3e5063f80b93f7b05e30', '6665246241c1cb507bdb726b12088abdea5374762b3facb66b8a0e0d8be2e556', '4f80ea583e36840b4dfaf5fc8ca096aa80b899e13825e908f4bc5818270fcb53'], 'logIndex': 658816349, 'rootHash': 'c56b910e2962607f0b4c09c538daed282569af16af66434bf7beb307af15dfb9', 'treeSize': 658816350}, 'signedEntryTimestamp': 'MEQCIBHoY4zN9mfYuoYZQ/RTjyuZYKEXOl5fzRMAYeU+zX6pAiAfjWjf5T5kvcQR7pq+67hoKYHaVLCI2L+NCQKkNG/pLA=='}}}
2025-12-28T09:27:21.0834454Z Transparency log entry created with index: 780720611
2025-12-28T09:27:21.0837255Z DSSE PAE: b'DSSEv1 28 application/vnd.in-toto+json 283 {"_type":"https://in-toto.io/Statement/v1","subject":[{"name":"wood_nano-0.3.3-cp312-abi3-macosx_11_0_arm64.whl","digest":{"sha256":"2c6f4f3b9ff5d59f6715d812a0c449d594d8089f137f2a846eccdbdc3eba256b"}}],"predicateType":"https://docs.pypi.org/attestations/publish/v1","predicate":null}'
2025-12-28T09:27:21.0928881Z proposed: {"apiVersion": "0.0.1", "kind": "dsse", "spec": {"proposedContent": {"envelope": "{\"payload\": \"eyJfdHlwZSI6Imh0dHBzOi8vaW4tdG90by5pby9TdGF0ZW1lbnQvdjEiLCJzdWJqZWN0IjpbeyJuYW1lIjoid29vZF9uYW5vLTAuMy4zLWNwMzEyLWFiaTMtbWFjb3N4XzExXzBfYXJtNjQud2hsIiwiZGlnZXN0Ijp7InNoYTI1NiI6IjJjNmY0ZjNiOWZmNWQ1OWY2NzE1ZDgxMmEwYzQ0OWQ1OTRkODA4OWYxMzdmMmE4NDZlY2NkYmRjM2ViYTI1NmIifX1dLCJwcmVkaWNhdGVUeXBlIjoiaHR0cHM6Ly9kb2NzLnB5cGkub3JnL2F0dGVzdGF0aW9ucy9wdWJsaXNoL3YxIiwicHJlZGljYXRlIjpudWxsfQ==\", \"payloadType\": \"application/vnd.in-toto+json\", \"signatures\": [{\"sig\": \"MEUCIQDdVrNsXW7nE4bFU9/dbJ8K2DdLgsqEls4GjRX3mY6nxQIgA7wJ37fXhje7uVhgLOIsB3lXLRzv03Dc8eoXHOXhEdE=\"}]}", "verifiers": ["LS0tLS1CRUdJTiBDRVJUSUZJQ0FURS0tLS0tCk1JSUc5ekNDQm4yZ0F3SUJBZ0lVQmlyeHhwR1ozOEZPWm1XdW4xTjQ1MnBTd09rd0NnWUlLb1pJemowRUF3TXcKTnpFVk1CTUdBMVVFQ2hNTWMybG5jM1J2Y21VdVpHVjJNUjR3SEFZRFZRUURFeFZ6YVdkemRHOXlaUzFwYm5SbApjbTFsWkdsaGRHVXdIaGNOTWpVeE1qSTRNRGt5TnpFNVdoY05NalV4TWpJNE1Ea3pOekU1V2pBQU1Ga3dFd1lICktvWkl6ajBDQVFZSUtvWkl6ajBEQVFjRFFnQUVndG1sb21TN1VuZ0l5eWdoTnJiN0g5OUk2aDdlNHJwQndxcUQKNURncER5OHV1ekJhTFQvOGcrM0d1ZVZMbzJxNjBMeUN5VUZjbXlPaTVEYk9nSGVaUWFPQ0Jad3dnZ1dZTUE0RwpBMVVkRHdFQi93UUVBd0lIZ0RBVEJnTlZIU1VFRERBS0JnZ3JCZ0VGQlFjREF6QWRCZ05WSFE0RUZnUVUreWdyCkk5Nk5Gd0Y4QVJHa050bVB2RCtNVndrd0h3WURWUjBqQkJnd0ZvQVUzOVBwejFZa0VaYjVxTmpwS0ZXaXhpNFkKWkQ4d2FRWURWUjBSQVFIL0JGOHdYWVpiYUhSMGNITTZMeTluYVhSb2RXSXVZMjl0TDNCbGRISmhjM1psYzNSaApjblJoY3k5M2IyOWtYMjVoYm04dkxtZHBkR2gxWWk5M2IzSnJabXh2ZDNNdmNtVnNaV0Z6WlM1NWJXeEFjbVZtCmN5OTBZV2R6TDNZd0xqTXVNekE1QmdvckJnRUVBWU8vTUFFQkJDdG9kSFJ3Y3pvdkwzUnZhMlZ1TG1GamRHbHYKYm5NdVoybDBhSFZpZFhObGNtTnZiblJsYm5RdVkyOXRNQklHQ2lzR0FRUUJnNzh3QVFJRUJIQjFjMmd3TmdZSwpLd1lCQkFHRHZ6QUJBd1FvWlRrd05XVm1PVFZrTVRObVpXUXpZbUpqWXpCbE9XUmpOV1JrTXpSaU9XVTJaV1poCk1UZ3lPVEFWQmdvckJnRUVBWU8vTUFFRUJBZFNaV3hsWVhObE1DY0dDaXNHQVFRQmc3OHdBUVVFR1hCbGRISmgKYzNabGMzUmhjblJoY3k5M2IyOWtYMjVoYm04d0hnWUtLd1lCQkFHRHZ6QUJCZ1FRY21WbWN5OTBZV2R6TDNZdwpMak11TXpBN0Jnb3JCZ0VFQVlPL01BRUlCQzBNSzJoMGRIQnpPaTh2ZEc5clpXNHVZV04wYVc5dWN5NW5hWFJvCmRXSjFjMlZ5WTI5dWRHVnVkQzVqYjIwd2F3WUtLd1lCQkFHRHZ6QUJDUVJkREZ0b2RIUndjem92TDJkcGRHaDEKWWk1amIyMHZjR1YwY21GemRtVnpkR0Z5ZEdGekwzZHZiMlJmYm1GdWJ5OHVaMmwwYUhWaUwzZHZjbXRtYkc5MwpjeTl5Wld4bFlYTmxMbmx0YkVCeVpXWnpMM1JoWjNNdmRqQXVNeTR6TURnR0Npc0dBUVFCZzc4d0FRb0VLZ3dvClpUa3dOV1ZtT1RWa01UTm1aV1F6WW1Kall6QmxPV1JqTldSa016UmlPV1UyWldaaE1UZ3lPVEFkQmdvckJnRUUKQVlPL01BRUxCQThNRFdkcGRHaDFZaTFvYjNOMFpXUXdQQVlLS3dZQkJBR0R2ekFCREFRdURDeG9kSFJ3Y3pvdgpMMmRwZEdoMVlpNWpiMjB2Y0dWMGNtRnpkbVZ6ZEdGeWRHRnpMM2R2YjJSZmJtRnViekE0QmdvckJnRUVBWU8vCk1BRU5CQ29NS0dVNU1EVmxaamsxWkRFelptVmtNMkppWTJNd1pUbGtZelZrWkRNMFlqbGxObVZtWVRFNE1qa3cKSUFZS0t3WUJCQUdEdnpBQkRnUVNEQkJ5WldaekwzUmhaM012ZGpBdU15NHpNQmtHQ2lzR0FRUUJnNzh3QVE4RQpDd3dKTnpnMk16Z3hOekV4TURJR0Npc0dBUVFCZzc4d0FSQUVKQXdpYUhSMGNITTZMeTluYVhSb2RXSXVZMjl0CkwzQmxkSEpoYzNabGMzUmhjblJoY3pBWUJnb3JCZ0VFQVlPL01BRVJCQW9NQ0RFNE1ERXpPVGcxTUdzR0Npc0cKQVFRQmc3OHdBUklFWFF4YmFIUjBjSE02THk5bmFYUm9kV0l1WTI5dEwzQmxkSEpoYzNabGMzUmhjblJoY3k5MwpiMjlrWDI1aGJtOHZMbWRwZEdoMVlpOTNiM0pyWm14dmQzTXZjbVZzWldGelpTNTViV3hBY21WbWN5OTBZV2R6CkwzWXdMak11TXpBNEJnb3JCZ0VFQVlPL01BRVRCQ29NS0dVNU1EVmxaamsxWkRFelptVmtNMkppWTJNd1pUbGsKWXpWa1pETTBZamxsTm1WbVlURTRNamt3RkFZS0t3WUJCQUdEdnpBQkZBUUdEQVJ3ZFhOb01HQUdDaXNHQVFRQgpnNzh3QVJVRVVneFFhSFIwY0hNNkx5OW5hWFJvZFdJdVkyOXRMM0JsZEhKaGMzWmxjM1JoY25SaGN5OTNiMjlrClgyNWhibTh2WVdOMGFXOXVjeTl5ZFc1ekx6SXdOVFV4TmpZek1Ua3lMMkYwZEdWdGNIUnpMekV3RmdZS0t3WUIKQkFHRHZ6QUJGZ1FJREFad2RXSnNhV013RkFZS0t3WUJCQUdEdnpBQkZ3UUdEQVJ3ZVhCcE1JR0xCZ29yQmdFRQpBZFo1QWdRQ0JIMEVld0I1QUhjQTNUMHdhc2JIRVRKakdSNGNtV2MzQXFKS1hyamVQSzMvaDRweWdDOHA3bzRBCkFBR2JaRWlmaHdBQUJBTUFTREJHQWlFQXNBRnorVldQSDNmcDZHOEU5QjdYUi9hSXJ6dytxQ2FYN252TkROemUKNGh3Q0lRRDhUSVRCanBqL2lNbU5IK3NSS3RhUlc3clBGVUdKeVhJbzRwOEc1UXdQSGpBS0JnZ3Foa2pPUFFRRApBd05vQURCbEFqRUFsZXFZZ2Z0d0FRZFcxWnBDT0dKYk50VDVKVjBYeS9CUHpzcUFIYVMyN1hiUFpPMUx2VSt1Cjd4SnB1SDZubFBLRkFqQjJMRktsVC82OGNYdlBTV0xHRDNXN3ZOYS9MS1lCeHNGNFVtVHRMT1VuTE8ybHlXbHYKZGNYckcveVEyWlV5YmM4PQotLS0tLUVORCBDRVJUSUZJQ0FURS0tLS0tCg=="]}, "signatures": null, "envelopeHash": null, "payloadHash": null}}
2025-12-28T09:27:21.4043525Z integrated: {'108e9186e8c5677a7c905941c84b854bf6b36dd90f34159cc8af799bdfa815719e1491818ffa8856': {'body': 'eyJhcGlWZXJzaW9uIjoiMC4wLjEiLCJraW5kIjoiZHNzZSIsInNwZWMiOnsiZW52ZWxvcGVIYXNoIjp7ImFsZ29yaXRobSI6InNoYTI1NiIsInZhbHVlIjoiM2FjZTMzMGZmMGQ0MmJmODEwODRjNzc3OGVlMzEzNTM4NzEzYTYzMzZkNDc0MzQ4NGUwNzIyMGQ5NjUwM2Q2YyJ9LCJwYXlsb2FkSGFzaCI6eyJhbGdvcml0aG0iOiJzaGEyNTYiLCJ2YWx1ZSI6IjE3MmQ0NzhkNzczMWJlOWZlYzFmYTk1OWEyNWI2YWQxMTJhMTc3ZDY1ZTdiYzJlYzZiNGZlNGM4MzUwMGNjODIifSwic2lnbmF0dXJlcyI6W3sic2lnbmF0dXJlIjoiTUVVQ0lRRGRWck5zWFc3bkU0YkZVOS9kYko4SzJEZExnc3FFbHM0R2pSWDNtWTZueFFJZ0E3d0ozN2ZYaGplN3VWaGdMT0lzQjNsWExSenYwM0RjOGVvWEhPWGhFZEU9IiwidmVyaWZpZXIiOiJMUzB0TFMxQ1JVZEpUaUJEUlZKVVNVWkpRMEZVUlMwdExTMHRDazFKU1VjNWVrTkRRbTR5WjBGM1NVSkJaMGxWUW1seWVIaHdSMW96T0VaUFdtMVhkVzR4VGpRMU1uQlRkMDlyZDBObldVbExiMXBKZW1vd1JVRjNUWGNLVG5wRlZrMUNUVWRCTVZWRlEyaE5UV015Ykc1ak0xSjJZMjFWZFZwSFZqSk5ValIzU0VGWlJGWlJVVVJGZUZaNllWZGtlbVJIT1hsYVV6RndZbTVTYkFwamJURnNXa2RzYUdSSFZYZElhR05PVFdwVmVFMXFTVFJOUkd0NVRucEZOVmRvWTA1TmFsVjRUV3BKTkUxRWEzcE9la1UxVjJwQlFVMUdhM2RGZDFsSUNrdHZXa2w2YWpCRFFWRlpTVXR2V2tsNmFqQkVRVkZqUkZGblFVVm5kRzFzYjIxVE4xVnVaMGw1ZVdkb1RuSmlOMGc1T1VrMmFEZGxOSEp3UW5keGNVUUtOVVJuY0VSNU9IVjFla0poVEZRdk9HY3JNMGQxWlZaTWJ6SnhOakJNZVVONVZVWmpiWGxQYVRWRVlrOW5TR1ZhVVdGUFEwSmFkM2RuWjFkWlRVRTBSd3BCTVZWa1JIZEZRaTkzVVVWQmQwbElaMFJCVkVKblRsWklVMVZGUkVSQlMwSm5aM0pDWjBWR1FsRmpSRUY2UVdSQ1owNVdTRkUwUlVablVWVXJlV2R5Q2trNU5rNUdkMFk0UVZKSGEwNTBiVkIyUkN0TlZuZHJkMGgzV1VSV1VqQnFRa0puZDBadlFWVXpPVkJ3ZWpGWmEwVmFZalZ4VG1wd1MwWlhhWGhwTkZrS1drUTRkMkZSV1VSV1VqQlNRVkZJTDBKR09IZFlXVnBpWVVoU01HTklUVFpNZVRsdVlWaFNiMlJYU1hWWk1qbDBURE5DYkdSSVNtaGpNMXBzWXpOU2FBcGpibEpvWTNrNU0ySXlPV3RZTWpWb1ltMDRka3h0WkhCa1IyZ3hXV2s1TTJJelNuSmFiWGgyWkROTmRtTnRWbk5hVjBaNldsTTFOV0pYZUVGamJWWnRDbU41T1RCWlYyUjZURE5aZDB4cVRYVk5la0UxUW1kdmNrSm5SVVZCV1U4dlRVRkZRa0pEZEc5a1NGSjNZM3B2ZGt3elVuWmhNbFoxVEcxR2FtUkhiSFlLWW01TmRWb3liREJoU0ZacFpGaE9iR050VG5aaWJsSnNZbTVSZFZreU9YUk5Ra2xIUTJselIwRlJVVUpuTnpoM1FWRkpSVUpJUWpGak1tZDNUbWRaU3dwTGQxbENRa0ZIUkhaNlFVSkJkMUZ2V2xScmQwNVhWbTFQVkZaclRWUk9iVnBYVVhwWmJVcHFXWHBDYkU5WFVtcE9WMUpyVFhwU2FVOVhWVEphVjFwb0NrMVVaM2xQVkVGV1FtZHZja0puUlVWQldVOHZUVUZGUlVKQlpGTmFWM2hzV1ZoT2JFMURZMGREYVhOSFFWRlJRbWMzT0hkQlVWVkZSMWhDYkdSSVNtZ0tZek5hYkdNelVtaGpibEpvWTNrNU0ySXlPV3RZTWpWb1ltMDRkMGhuV1V0TGQxbENRa0ZIUkhaNlFVSkNaMUZSWTIxV2JXTjVPVEJaVjJSNlRETlpkd3BNYWsxMVRYcEJOMEpuYjNKQ1owVkZRVmxQTDAxQlJVbENRekJOU3pKb01HUklRbnBQYVRoMlpFYzVjbHBYTkhWWlYwNHdZVmM1ZFdONU5XNWhXRkp2Q21SWFNqRmpNbFo1V1RJNWRXUkhWblZrUXpWcVlqSXdkMkYzV1V0TGQxbENRa0ZIUkhaNlFVSkRVVkprUkVaMGIyUklVbmRqZW05MlRESmtjR1JIYURFS1dXazFhbUl5TUhaalIxWXdZMjFHZW1SdFZucGtSMFo1WkVkR2Vrd3paSFppTWxKbVltMUdkV0o1T0hWYU1td3dZVWhXYVV3elpIWmpiWFJ0WWtjNU13cGplVGw1V2xkNGJGbFlUbXhNYm14MFlrVkNlVnBYV25wTU0xSm9Xak5OZG1ScVFYVk5lVFI2VFVSblIwTnBjMGRCVVZGQ1p6YzRkMEZSYjBWTFozZHZDbHBVYTNkT1YxWnRUMVJXYTAxVVRtMWFWMUY2V1cxS2FsbDZRbXhQVjFKcVRsZFNhMDE2VW1sUFYxVXlXbGRhYUUxVVozbFBWRUZrUW1kdmNrSm5SVVVLUVZsUEwwMUJSVXhDUVRoTlJGZGtjR1JIYURGWmFURnZZak5PTUZwWFVYZFFRVmxMUzNkWlFrSkJSMFIyZWtGQ1JFRlJkVVJEZUc5a1NGSjNZM3B2ZGdwTU1tUndaRWRvTVZscE5XcGlNakIyWTBkV01HTnRSbnBrYlZaNlpFZEdlV1JIUm5wTU0yUjJZakpTWm1KdFJuVmlla0UwUW1kdmNrSm5SVVZCV1U4dkNrMUJSVTVDUTI5TlMwZFZOVTFFVm14YWFtc3hXa1JGZWxwdFZtdE5Na3BwV1RKTmQxcFViR3RaZWxacldrUk5NRmxxYkd4T2JWWnRXVlJGTkUxcWEzY0tTVUZaUzB0M1dVSkNRVWRFZG5wQlFrUm5VVk5FUWtKNVdsZGFla3d6VW1oYU0wMTJaR3BCZFUxNU5IcE5RbXRIUTJselIwRlJVVUpuTnpoM1FWRTRSUXBEZDNkS1RucG5NazE2WjNoT2VrVjRUVVJKUjBOcGMwZEJVVkZDWnpjNGQwRlNRVVZLUVhkcFlVaFNNR05JVFRaTWVUbHVZVmhTYjJSWFNYVlpNamwwQ2t3elFteGtTRXBvWXpOYWJHTXpVbWhqYmxKb1kzcEJXVUpuYjNKQ1owVkZRVmxQTDAxQlJWSkNRVzlOUTBSRk5FMUVSWHBQVkdjeFRVZHpSME5wYzBjS1FWRlJRbWMzT0hkQlVrbEZXRkY0WW1GSVVqQmpTRTAyVEhrNWJtRllVbTlrVjBsMVdUSTVkRXd6UW14a1NFcG9Zek5hYkdNelVtaGpibEpvWTNrNU13cGlNamxyV0RJMWFHSnRPSFpNYldSd1pFZG9NVmxwT1ROaU0wcHlXbTE0ZG1RelRYWmpiVlp6V2xkR2VscFROVFZpVjNoQlkyMVdiV041T1RCWlYyUjZDa3d6V1hkTWFrMTFUWHBCTkVKbmIzSkNaMFZGUVZsUEwwMUJSVlJDUTI5TlMwZFZOVTFFVm14YWFtc3hXa1JGZWxwdFZtdE5Na3BwV1RKTmQxcFViR3NLV1hwV2ExcEVUVEJaYW14c1RtMVdiVmxVUlRSTmFtdDNSa0ZaUzB0M1dVSkNRVWRFZG5wQlFrWkJVVWRFUVZKM1pGaE9iMDFIUVVkRGFYTkhRVkZSUWdwbk56aDNRVkpWUlZWbmVGRmhTRkl3WTBoTk5reDVPVzVoV0ZKdlpGZEpkVmt5T1hSTU0wSnNaRWhLYUdNeldteGpNMUpvWTI1U2FHTjVPVE5pTWpsckNsZ3lOV2hpYlRoMldWZE9NR0ZYT1hWamVUbDVaRmMxZWt4NlNYZE9WRlY0VG1wWmVrMVVhM2xNTWtZd1pFZFdkR05JVW5wTWVrVjNSbWRaUzB0M1dVSUtRa0ZIUkhaNlFVSkdaMUZKUkVGYWQyUlhTbk5oVjAxM1JrRlpTMHQzV1VKQ1FVZEVkbnBCUWtaM1VVZEVRVkozWlZoQ2NFMUpSMHhDWjI5eVFtZEZSUXBCWkZvMVFXZFJRMEpJTUVWbGQwSTFRVWhqUVROVU1IZGhjMkpJUlZSS2FrZFNOR050VjJNelFYRktTMWh5YW1WUVN6TXZhRFJ3ZVdkRE9IQTNielJCQ2tGQlIySmFSV2xtYUhkQlFVSkJUVUZUUkVKSFFXbEZRWE5CUm5vclZsZFFTRE5tY0RaSE9FVTVRamRZVWk5aFNYSjZkeXR4UTJGWU4yNTJUa1JPZW1VS05HaDNRMGxSUkRoVVNWUkNhbkJxTDJsTmJVNUlLM05TUzNSaFVsYzNjbEJHVlVkS2VWaEpielJ3T0VjMVVYZFFTR3BCUzBKblozRm9hMnBQVUZGUlJBcEJkMDV2UVVSQ2JFRnFSVUZzWlhGWloyWjBkMEZSWkZjeFduQkRUMGRLWWs1MFZEVktWakJZZVM5Q1VIcHpjVUZJWVZNeU4xaGlVRnBQTVV4MlZTdDFDamQ0U25CMVNEWnViRkJMUmtGcVFqSk1Sa3RzVkM4Mk9HTllkbEJUVjB4SFJETlhOM1pPWVM5TVMxbENlSE5HTkZWdFZIUk1UMVZ1VEU4eWJIbFhiSFlLWkdOWWNrY3ZlVkV5V2xWNVltTTRQUW90TFMwdExVVk9SQ0JEUlZKVVNVWkpRMEZVUlMwdExTMHRDZz09In1dfX0=', 'integratedTime': 1766914041, 'logID': 'c0d23d6ad406973f9559f3ba2d1ca01f84147d8ffc5b8445c224f98b9591801d', 'logIndex': 780720612, 'verification': {'inclusionProof': {'checkpoint': 'rekor.sigstore.dev - 1193050959916656506\n658816351\nmDhBvfzgggjQSbe6IbCL+AclGDlYXHeDGKsKLCHMRHc=\n\n— rekor.sigstore.dev wNI9ajBEAiB3EaIMYDI6rZ9hlFyTO0MxcTHVZYSQhFgBlwHHNkfK4gIge7C94yWJhSROvOG4/4ZZiuvnlNE5PihDKNz/tcasdSM=\n', 'hashes': ['348e07fb0922fc7718828252058a0a808b6f3bc4210361e408e14700f1c9783c', 'fe5afb1462a0a5a1bac702da72a55d1726b22b21ecc33ce46da2f8dffa7e51d3', 'b5a87019bf268b4dd988e433200c5807573b61068abb868086dddc8aee8dccd9', '7bbcb8438ebc7d2d237fa582ad5f9e1f5488822ae52678f50c6f8092fa87eb6d', '9d1c7154d1036550d3d43ef4697db75136ccd3c1bf9595b3db35b75f130c4bd6', 'f50493dbc0ad96333b6eb90ced3388eb058d26863ff4649ddfdd29b748ebc752', 'e75b9cf267d98d0de2085151bea791bcd2cd96681186908bcb3bfff448707fc0', 'c022e710ba18142e87fa06d6768ed4737631aff3eba0585eaeac63d885ea1553', '4f34b2fafdc154dce8a8af76138c0f2d8b5a30f1421b25eba216743c9c4d9422', '0ded781a98b92cc48690b35b3440d2605b51821ab786d6afe54d25bda8c9db50', '53da579c09be9fda11f450e4119f2c554593a5d7af1c8388cdc6839a8df28e4f', '4337dd8cdc86a768eae779a378d22a47d02ee919a2430ed1704a9641e598306f', 'df9138e7262fd4d912b223b3931dbdb10aea00eba1dda60b171d9066e3cf10f3', 'cfbba0a0230e6f1b5481a31253b9ca76258578880a7c83047591c76a1e0d0dba', '5fabe4c73d29a312b60c8951babffb2db11dcf78835e3e5063f80b93f7b05e30', '6665246241c1cb507bdb726b12088abdea5374762b3facb66b8a0e0d8be2e556', '4f80ea583e36840b4dfaf5fc8ca096aa80b899e13825e908f4bc5818270fcb53'], 'logIndex': 658816350, 'rootHash': '983841bdfce08208d049b7ba21b08bf807251839585c778318ab0a2c21cc4477', 'treeSize': 658816351}, 'signedEntryTimestamp': 'MEQCIAqZSeomzi4EnmjmVnIxUb75XgS4IBDklR6OeDWdL48ZAiARV2YfFBjwMqz/c1svvkgoAXfKTVpLExP+GCaFwMDzoQ=='}}}
2025-12-28T09:27:21.4242758Z Transparency log entry created with index: 780720612
2025-12-28T09:27:21.4245118Z DSSE PAE: b'DSSEv1 28 application/vnd.in-toto+json 288 {"_type":"https://in-toto.io/Statement/v1","subject":[{"name":"wood_nano-0.3.3-cp310-cp310-manylinux_2_28_x86_64.whl","digest":{"sha256":"afe81f6160ee494effbc16c07e7705c22418caeeee89d53385f1edcd4f0ab391"}}],"predicateType":"https://docs.pypi.org/attestations/publish/v1","predicate":null}'
2025-12-28T09:27:21.4336812Z proposed: {"apiVersion": "0.0.1", "kind": "dsse", "spec": {"proposedContent": {"envelope": "{\"payload\": \"eyJfdHlwZSI6Imh0dHBzOi8vaW4tdG90by5pby9TdGF0ZW1lbnQvdjEiLCJzdWJqZWN0IjpbeyJuYW1lIjoid29vZF9uYW5vLTAuMy4zLWNwMzEwLWNwMzEwLW1hbnlsaW51eF8yXzI4X3g4Nl82NC53aGwiLCJkaWdlc3QiOnsic2hhMjU2IjoiYWZlODFmNjE2MGVlNDk0ZWZmYmMxNmMwN2U3NzA1YzIyNDE4Y2FlZWVlODlkNTMzODVmMWVkY2Q0ZjBhYjM5MSJ9fV0sInByZWRpY2F0ZVR5cGUiOiJodHRwczovL2RvY3MucHlwaS5vcmcvYXR0ZXN0YXRpb25zL3B1Ymxpc2gvdjEiLCJwcmVkaWNhdGUiOm51bGx9\", \"payloadType\": \"application/vnd.in-toto+json\", \"signatures\": [{\"sig\": \"MEUCIAJTpl3IZUEzhyv5CAWFSvGix+H9dg+Ci7719s9tOtnVAiEAvw88EJcbGJEpxvwUg/FMhY+MMumKPDduLuqORYgH2Ns=\"}]}", "verifiers": ["LS0tLS1CRUdJTiBDRVJUSUZJQ0FURS0tLS0tCk1JSUc5ekNDQm4yZ0F3SUJBZ0lVQmlyeHhwR1ozOEZPWm1XdW4xTjQ1MnBTd09rd0NnWUlLb1pJemowRUF3TXcKTnpFVk1CTUdBMVVFQ2hNTWMybG5jM1J2Y21VdVpHVjJNUjR3SEFZRFZRUURFeFZ6YVdkemRHOXlaUzFwYm5SbApjbTFsWkdsaGRHVXdIaGNOTWpVeE1qSTRNRGt5TnpFNVdoY05NalV4TWpJNE1Ea3pOekU1V2pBQU1Ga3dFd1lICktvWkl6ajBDQVFZSUtvWkl6ajBEQVFjRFFnQUVndG1sb21TN1VuZ0l5eWdoTnJiN0g5OUk2aDdlNHJwQndxcUQKNURncER5OHV1ekJhTFQvOGcrM0d1ZVZMbzJxNjBMeUN5VUZjbXlPaTVEYk9nSGVaUWFPQ0Jad3dnZ1dZTUE0RwpBMVVkRHdFQi93UUVBd0lIZ0RBVEJnTlZIU1VFRERBS0JnZ3JCZ0VGQlFjREF6QWRCZ05WSFE0RUZnUVUreWdyCkk5Nk5Gd0Y4QVJHa050bVB2RCtNVndrd0h3WURWUjBqQkJnd0ZvQVUzOVBwejFZa0VaYjVxTmpwS0ZXaXhpNFkKWkQ4d2FRWURWUjBSQVFIL0JGOHdYWVpiYUhSMGNITTZMeTluYVhSb2RXSXVZMjl0TDNCbGRISmhjM1psYzNSaApjblJoY3k5M2IyOWtYMjVoYm04dkxtZHBkR2gxWWk5M2IzSnJabXh2ZDNNdmNtVnNaV0Z6WlM1NWJXeEFjbVZtCmN5OTBZV2R6TDNZd0xqTXVNekE1QmdvckJnRUVBWU8vTUFFQkJDdG9kSFJ3Y3pvdkwzUnZhMlZ1TG1GamRHbHYKYm5NdVoybDBhSFZpZFhObGNtTnZiblJsYm5RdVkyOXRNQklHQ2lzR0FRUUJnNzh3QVFJRUJIQjFjMmd3TmdZSwpLd1lCQkFHRHZ6QUJBd1FvWlRrd05XVm1PVFZrTVRObVpXUXpZbUpqWXpCbE9XUmpOV1JrTXpSaU9XVTJaV1poCk1UZ3lPVEFWQmdvckJnRUVBWU8vTUFFRUJBZFNaV3hsWVhObE1DY0dDaXNHQVFRQmc3OHdBUVVFR1hCbGRISmgKYzNabGMzUmhjblJoY3k5M2IyOWtYMjVoYm04d0hnWUtLd1lCQkFHRHZ6QUJCZ1FRY21WbWN5OTBZV2R6TDNZdwpMak11TXpBN0Jnb3JCZ0VFQVlPL01BRUlCQzBNSzJoMGRIQnpPaTh2ZEc5clpXNHVZV04wYVc5dWN5NW5hWFJvCmRXSjFjMlZ5WTI5dWRHVnVkQzVqYjIwd2F3WUtLd1lCQkFHRHZ6QUJDUVJkREZ0b2RIUndjem92TDJkcGRHaDEKWWk1amIyMHZjR1YwY21GemRtVnpkR0Z5ZEdGekwzZHZiMlJmYm1GdWJ5OHVaMmwwYUhWaUwzZHZjbXRtYkc5MwpjeTl5Wld4bFlYTmxMbmx0YkVCeVpXWnpMM1JoWjNNdmRqQXVNeTR6TURnR0Npc0dBUVFCZzc4d0FRb0VLZ3dvClpUa3dOV1ZtT1RWa01UTm1aV1F6WW1Kall6QmxPV1JqTldSa016UmlPV1UyWldaaE1UZ3lPVEFkQmdvckJnRUUKQVlPL01BRUxCQThNRFdkcGRHaDFZaTFvYjNOMFpXUXdQQVlLS3dZQkJBR0R2ekFCREFRdURDeG9kSFJ3Y3pvdgpMMmRwZEdoMVlpNWpiMjB2Y0dWMGNtRnpkbVZ6ZEdGeWRHRnpMM2R2YjJSZmJtRnViekE0QmdvckJnRUVBWU8vCk1BRU5CQ29NS0dVNU1EVmxaamsxWkRFelptVmtNMkppWTJNd1pUbGtZelZrWkRNMFlqbGxObVZtWVRFNE1qa3cKSUFZS0t3WUJCQUdEdnpBQkRnUVNEQkJ5WldaekwzUmhaM012ZGpBdU15NHpNQmtHQ2lzR0FRUUJnNzh3QVE4RQpDd3dKTnpnMk16Z3hOekV4TURJR0Npc0dBUVFCZzc4d0FSQUVKQXdpYUhSMGNITTZMeTluYVhSb2RXSXVZMjl0CkwzQmxkSEpoYzNabGMzUmhjblJoY3pBWUJnb3JCZ0VFQVlPL01BRVJCQW9NQ0RFNE1ERXpPVGcxTUdzR0Npc0cKQVFRQmc3OHdBUklFWFF4YmFIUjBjSE02THk5bmFYUm9kV0l1WTI5dEwzQmxkSEpoYzNabGMzUmhjblJoY3k5MwpiMjlrWDI1aGJtOHZMbWRwZEdoMVlpOTNiM0pyWm14dmQzTXZjbVZzWldGelpTNTViV3hBY21WbWN5OTBZV2R6CkwzWXdMak11TXpBNEJnb3JCZ0VFQVlPL01BRVRCQ29NS0dVNU1EVmxaamsxWkRFelptVmtNMkppWTJNd1pUbGsKWXpWa1pETTBZamxsTm1WbVlURTRNamt3RkFZS0t3WUJCQUdEdnpBQkZBUUdEQVJ3ZFhOb01HQUdDaXNHQVFRQgpnNzh3QVJVRVVneFFhSFIwY0hNNkx5OW5hWFJvZFdJdVkyOXRMM0JsZEhKaGMzWmxjM1JoY25SaGN5OTNiMjlrClgyNWhibTh2WVdOMGFXOXVjeTl5ZFc1ekx6SXdOVFV4TmpZek1Ua3lMMkYwZEdWdGNIUnpMekV3RmdZS0t3WUIKQkFHRHZ6QUJGZ1FJREFad2RXSnNhV013RkFZS0t3WUJCQUdEdnpBQkZ3UUdEQVJ3ZVhCcE1JR0xCZ29yQmdFRQpBZFo1QWdRQ0JIMEVld0I1QUhjQTNUMHdhc2JIRVRKakdSNGNtV2MzQXFKS1hyamVQSzMvaDRweWdDOHA3bzRBCkFBR2JaRWlmaHdBQUJBTUFTREJHQWlFQXNBRnorVldQSDNmcDZHOEU5QjdYUi9hSXJ6dytxQ2FYN252TkROemUKNGh3Q0lRRDhUSVRCanBqL2lNbU5IK3NSS3RhUlc3clBGVUdKeVhJbzRwOEc1UXdQSGpBS0JnZ3Foa2pPUFFRRApBd05vQURCbEFqRUFsZXFZZ2Z0d0FRZFcxWnBDT0dKYk50VDVKVjBYeS9CUHpzcUFIYVMyN1hiUFpPMUx2VSt1Cjd4SnB1SDZubFBLRkFqQjJMRktsVC82OGNYdlBTV0xHRDNXN3ZOYS9MS1lCeHNGNFVtVHRMT1VuTE8ybHlXbHYKZGNYckcveVEyWlV5YmM4PQotLS0tLUVORCBDRVJUSUZJQ0FURS0tLS0tCg=="]}, "signatures": null, "envelopeHash": null, "payloadHash": null}}
2025-12-28T09:27:21.7144440Z integrated: {'108e9186e8c5677a102f353f29342208529a2cf4ff636d435fa756902c0d0c67cd2c0543e93e133c': {'body': 'eyJhcGlWZXJzaW9uIjoiMC4wLjEiLCJraW5kIjoiZHNzZSIsInNwZWMiOnsiZW52ZWxvcGVIYXNoIjp7ImFsZ29yaXRobSI6InNoYTI1NiIsInZhbHVlIjoiODgzMmFmZTgzMzRmMzRiZmQ2NGE2MjBmNDAyNTJlNmYzZjljZmQxMTIzNDU3MTk1Y2ZmYTE3NGUyM2VhNWZlYyJ9LCJwYXlsb2FkSGFzaCI6eyJhbGdvcml0aG0iOiJzaGEyNTYiLCJ2YWx1ZSI6Ijc5Yzc3Nzk1ODYyODU2ZjcwYTgxN2E0ZDBjZjdhN2JlYzA4ZTI1YzY0ODk4ZmNiMThmNWVkODkwNjg3ZDliZmYifSwic2lnbmF0dXJlcyI6W3sic2lnbmF0dXJlIjoiTUVVQ0lBSlRwbDNJWlVFemh5djVDQVdGU3ZHaXgrSDlkZytDaTc3MTlzOXRPdG5WQWlFQXZ3ODhFSmNiR0pFcHh2d1VnL0ZNaFkrTU11bUtQRGR1THVxT1JZZ0gyTnM9IiwidmVyaWZpZXIiOiJMUzB0TFMxQ1JVZEpUaUJEUlZKVVNVWkpRMEZVUlMwdExTMHRDazFKU1VjNWVrTkRRbTR5WjBGM1NVSkJaMGxWUW1seWVIaHdSMW96T0VaUFdtMVhkVzR4VGpRMU1uQlRkMDlyZDBObldVbExiMXBKZW1vd1JVRjNUWGNLVG5wRlZrMUNUVWRCTVZWRlEyaE5UV015Ykc1ak0xSjJZMjFWZFZwSFZqSk5ValIzU0VGWlJGWlJVVVJGZUZaNllWZGtlbVJIT1hsYVV6RndZbTVTYkFwamJURnNXa2RzYUdSSFZYZElhR05PVFdwVmVFMXFTVFJOUkd0NVRucEZOVmRvWTA1TmFsVjRUV3BKTkUxRWEzcE9la1UxVjJwQlFVMUdhM2RGZDFsSUNrdHZXa2w2YWpCRFFWRlpTVXR2V2tsNmFqQkVRVkZqUkZGblFVVm5kRzFzYjIxVE4xVnVaMGw1ZVdkb1RuSmlOMGc1T1VrMmFEZGxOSEp3UW5keGNVUUtOVVJuY0VSNU9IVjFla0poVEZRdk9HY3JNMGQxWlZaTWJ6SnhOakJNZVVONVZVWmpiWGxQYVRWRVlrOW5TR1ZhVVdGUFEwSmFkM2RuWjFkWlRVRTBSd3BCTVZWa1JIZEZRaTkzVVVWQmQwbElaMFJCVkVKblRsWklVMVZGUkVSQlMwSm5aM0pDWjBWR1FsRmpSRUY2UVdSQ1owNVdTRkUwUlVablVWVXJlV2R5Q2trNU5rNUdkMFk0UVZKSGEwNTBiVkIyUkN0TlZuZHJkMGgzV1VSV1VqQnFRa0puZDBadlFWVXpPVkJ3ZWpGWmEwVmFZalZ4VG1wd1MwWlhhWGhwTkZrS1drUTRkMkZSV1VSV1VqQlNRVkZJTDBKR09IZFlXVnBpWVVoU01HTklUVFpNZVRsdVlWaFNiMlJYU1hWWk1qbDBURE5DYkdSSVNtaGpNMXBzWXpOU2FBcGpibEpvWTNrNU0ySXlPV3RZTWpWb1ltMDRka3h0WkhCa1IyZ3hXV2s1TTJJelNuSmFiWGgyWkROTmRtTnRWbk5hVjBaNldsTTFOV0pYZUVGamJWWnRDbU41T1RCWlYyUjZURE5aZDB4cVRYVk5la0UxUW1kdmNrSm5SVVZCV1U4dlRVRkZRa0pEZEc5a1NGSjNZM3B2ZGt3elVuWmhNbFoxVEcxR2FtUkhiSFlLWW01TmRWb3liREJoU0ZacFpGaE9iR050VG5aaWJsSnNZbTVSZFZreU9YUk5Ra2xIUTJselIwRlJVVUpuTnpoM1FWRkpSVUpJUWpGak1tZDNUbWRaU3dwTGQxbENRa0ZIUkhaNlFVSkJkMUZ2V2xScmQwNVhWbTFQVkZaclRWUk9iVnBYVVhwWmJVcHFXWHBDYkU5WFVtcE9WMUpyVFhwU2FVOVhWVEphVjFwb0NrMVVaM2xQVkVGV1FtZHZja0puUlVWQldVOHZUVUZGUlVKQlpGTmFWM2hzV1ZoT2JFMURZMGREYVhOSFFWRlJRbWMzT0hkQlVWVkZSMWhDYkdSSVNtZ0tZek5hYkdNelVtaGpibEpvWTNrNU0ySXlPV3RZTWpWb1ltMDRkMGhuV1V0TGQxbENRa0ZIUkhaNlFVSkNaMUZSWTIxV2JXTjVPVEJaVjJSNlRETlpkd3BNYWsxMVRYcEJOMEpuYjNKQ1owVkZRVmxQTDAxQlJVbENRekJOU3pKb01HUklRbnBQYVRoMlpFYzVjbHBYTkhWWlYwNHdZVmM1ZFdONU5XNWhXRkp2Q21SWFNqRmpNbFo1V1RJNWRXUkhWblZrUXpWcVlqSXdkMkYzV1V0TGQxbENRa0ZIUkhaNlFVSkRVVkprUkVaMGIyUklVbmRqZW05MlRESmtjR1JIYURFS1dXazFhbUl5TUhaalIxWXdZMjFHZW1SdFZucGtSMFo1WkVkR2Vrd3paSFppTWxKbVltMUdkV0o1T0hWYU1td3dZVWhXYVV3elpIWmpiWFJ0WWtjNU13cGplVGw1V2xkNGJGbFlUbXhNYm14MFlrVkNlVnBYV25wTU0xSm9Xak5OZG1ScVFYVk5lVFI2VFVSblIwTnBjMGRCVVZGQ1p6YzRkMEZSYjBWTFozZHZDbHBVYTNkT1YxWnRUMVJXYTAxVVRtMWFWMUY2V1cxS2FsbDZRbXhQVjFKcVRsZFNhMDE2VW1sUFYxVXlXbGRhYUUxVVozbFBWRUZrUW1kdmNrSm5SVVVLUVZsUEwwMUJSVXhDUVRoTlJGZGtjR1JIYURGWmFURnZZak5PTUZwWFVYZFFRVmxMUzNkWlFrSkJSMFIyZWtGQ1JFRlJkVVJEZUc5a1NGSjNZM3B2ZGdwTU1tUndaRWRvTVZscE5XcGlNakIyWTBkV01HTnRSbnBrYlZaNlpFZEdlV1JIUm5wTU0yUjJZakpTWm1KdFJuVmlla0UwUW1kdmNrSm5SVVZCV1U4dkNrMUJSVTVDUTI5TlMwZFZOVTFFVm14YWFtc3hXa1JGZWxwdFZtdE5Na3BwV1RKTmQxcFViR3RaZWxacldrUk5NRmxxYkd4T2JWWnRXVlJGTkUxcWEzY0tTVUZaUzB0M1dVSkNRVWRFZG5wQlFrUm5VVk5FUWtKNVdsZGFla3d6VW1oYU0wMTJaR3BCZFUxNU5IcE5RbXRIUTJselIwRlJVVUpuTnpoM1FWRTRSUXBEZDNkS1RucG5NazE2WjNoT2VrVjRUVVJKUjBOcGMwZEJVVkZDWnpjNGQwRlNRVVZLUVhkcFlVaFNNR05JVFRaTWVUbHVZVmhTYjJSWFNYVlpNamwwQ2t3elFteGtTRXBvWXpOYWJHTXpVbWhqYmxKb1kzcEJXVUpuYjNKQ1owVkZRVmxQTDAxQlJWSkNRVzlOUTBSRk5FMUVSWHBQVkdjeFRVZHpSME5wYzBjS1FWRlJRbWMzT0hkQlVrbEZXRkY0WW1GSVVqQmpTRTAyVEhrNWJtRllVbTlrVjBsMVdUSTVkRXd6UW14a1NFcG9Zek5hYkdNelVtaGpibEpvWTNrNU13cGlNamxyV0RJMWFHSnRPSFpNYldSd1pFZG9NVmxwT1ROaU0wcHlXbTE0ZG1RelRYWmpiVlp6V2xkR2VscFROVFZpVjNoQlkyMVdiV041T1RCWlYyUjZDa3d6V1hkTWFrMTFUWHBCTkVKbmIzSkNaMFZGUVZsUEwwMUJSVlJDUTI5TlMwZFZOVTFFVm14YWFtc3hXa1JGZWxwdFZtdE5Na3BwV1RKTmQxcFViR3NLV1hwV2ExcEVUVEJaYW14c1RtMVdiVmxVUlRSTmFtdDNSa0ZaUzB0M1dVSkNRVWRFZG5wQlFrWkJVVWRFUVZKM1pGaE9iMDFIUVVkRGFYTkhRVkZSUWdwbk56aDNRVkpWUlZWbmVGRmhTRkl3WTBoTk5reDVPVzVoV0ZKdlpGZEpkVmt5T1hSTU0wSnNaRWhLYUdNeldteGpNMUpvWTI1U2FHTjVPVE5pTWpsckNsZ3lOV2hpYlRoMldWZE9NR0ZYT1hWamVUbDVaRmMxZWt4NlNYZE9WRlY0VG1wWmVrMVVhM2xNTWtZd1pFZFdkR05JVW5wTWVrVjNSbWRaUzB0M1dVSUtRa0ZIUkhaNlFVSkdaMUZKUkVGYWQyUlhTbk5oVjAxM1JrRlpTMHQzV1VKQ1FVZEVkbnBCUWtaM1VVZEVRVkozWlZoQ2NFMUpSMHhDWjI5eVFtZEZSUXBCWkZvMVFXZFJRMEpJTUVWbGQwSTFRVWhqUVROVU1IZGhjMkpJUlZSS2FrZFNOR050VjJNelFYRktTMWh5YW1WUVN6TXZhRFJ3ZVdkRE9IQTNielJCQ2tGQlIySmFSV2xtYUhkQlFVSkJUVUZUUkVKSFFXbEZRWE5CUm5vclZsZFFTRE5tY0RaSE9FVTVRamRZVWk5aFNYSjZkeXR4UTJGWU4yNTJUa1JPZW1VS05HaDNRMGxSUkRoVVNWUkNhbkJxTDJsTmJVNUlLM05TUzNSaFVsYzNjbEJHVlVkS2VWaEpielJ3T0VjMVVYZFFTR3BCUzBKblozRm9hMnBQVUZGUlJBcEJkMDV2UVVSQ2JFRnFSVUZzWlhGWloyWjBkMEZSWkZjeFduQkRUMGRLWWs1MFZEVktWakJZZVM5Q1VIcHpjVUZJWVZNeU4xaGlVRnBQTVV4MlZTdDFDamQ0U25CMVNEWnViRkJMUmtGcVFqSk1Sa3RzVkM4Mk9HTllkbEJUVjB4SFJETlhOM1pPWVM5TVMxbENlSE5HTkZWdFZIUk1UMVZ1VEU4eWJIbFhiSFlLWkdOWWNrY3ZlVkV5V2xWNVltTTRQUW90TFMwdExVVk9SQ0JEUlZKVVNVWkpRMEZVUlMwdExTMHRDZz09In1dfX0=', 'integratedTime': 1766914041, 'logID': 'c0d23d6ad406973f9559f3ba2d1ca01f84147d8ffc5b8445c224f98b9591801d', 'logIndex': 780720613, 'verification': {'inclusionProof': {'checkpoint': 'rekor.sigstore.dev - 1193050959916656506\n658816352\nSD8JQhaha6fWfqR35Dg/STZQkiVBSJR+n/ulFdFvGT4=\n\n— rekor.sigstore.dev wNI9ajBGAiEA1741lcn+oHnZ4BQh0K8AE4aWqTcKOrq4xDTDzcPG28MCIQCz4NFmnMaK+YWnBxUsi4joNWWz/wozBXPROD0ctf9F9g==\n', 'hashes': ['7c905941c84b854bf6b36dd90f34159cc8af799bdfa815719e1491818ffa8856', '348e07fb0922fc7718828252058a0a808b6f3bc4210361e408e14700f1c9783c', 'fe5afb1462a0a5a1bac702da72a55d1726b22b21ecc33ce46da2f8dffa7e51d3', 'b5a87019bf268b4dd988e433200c5807573b61068abb868086dddc8aee8dccd9', '7bbcb8438ebc7d2d237fa582ad5f9e1f5488822ae52678f50c6f8092fa87eb6d', '9d1c7154d1036550d3d43ef4697db75136ccd3c1bf9595b3db35b75f130c4bd6', 'f50493dbc0ad96333b6eb90ced3388eb058d26863ff4649ddfdd29b748ebc752', 'e75b9cf267d98d0de2085151bea791bcd2cd96681186908bcb3bfff448707fc0', 'c022e710ba18142e87fa06d6768ed4737631aff3eba0585eaeac63d885ea1553', '4f34b2fafdc154dce8a8af76138c0f2d8b5a30f1421b25eba216743c9c4d9422', '0ded781a98b92cc48690b35b3440d2605b51821ab786d6afe54d25bda8c9db50', '53da579c09be9fda11f450e4119f2c554593a5d7af1c8388cdc6839a8df28e4f', '4337dd8cdc86a768eae779a378d22a47d02ee919a2430ed1704a9641e598306f', 'df9138e7262fd4d912b223b3931dbdb10aea00eba1dda60b171d9066e3cf10f3', 'cfbba0a0230e6f1b5481a31253b9ca76258578880a7c83047591c76a1e0d0dba', '5fabe4c73d29a312b60c8951babffb2db11dcf78835e3e5063f80b93f7b05e30', '6665246241c1cb507bdb726b12088abdea5374762b3facb66b8a0e0d8be2e556', '4f80ea583e36840b4dfaf5fc8ca096aa80b899e13825e908f4bc5818270fcb53'], 'logIndex': 658816351, 'rootHash': '483f094216a16ba7d67ea477e4383f49365092254148947e9ffba515d16f193e', 'treeSize': 658816352}, 'signedEntryTimestamp': 'MEQCIGqTzhrO4a0cKVHnlf4D02i/tWGzKEfVD70n//T8orfhAiBeJNNqueV77YqXs464p00+V6Np8gVwk8Qpm8X0vKlM5A=='}}}
2025-12-28T09:27:21.7343284Z Transparency log entry created with index: 780720613
2025-12-28T09:27:21.7344849Z DSSE PAE: b'DSSEv1 28 application/vnd.in-toto+json 282 {"_type":"https://in-toto.io/Statement/v1","subject":[{"name":"wood_nano-0.3.3-cp39-cp39-macosx_11_0_arm64.whl","digest":{"sha256":"54313687474042a7ecf737681e817163dede46fe197d6e71a8d11523af1e98d2"}}],"predicateType":"https://docs.pypi.org/attestations/publish/v1","predicate":null}'
2025-12-28T09:27:21.7436147Z proposed: {"apiVersion": "0.0.1", "kind": "dsse", "spec": {"proposedContent": {"envelope": "{\"payload\": \"eyJfdHlwZSI6Imh0dHBzOi8vaW4tdG90by5pby9TdGF0ZW1lbnQvdjEiLCJzdWJqZWN0IjpbeyJuYW1lIjoid29vZF9uYW5vLTAuMy4zLWNwMzktY3AzOS1tYWNvc3hfMTFfMF9hcm02NC53aGwiLCJkaWdlc3QiOnsic2hhMjU2IjoiNTQzMTM2ODc0NzQwNDJhN2VjZjczNzY4MWU4MTcxNjNkZWRlNDZmZTE5N2Q2ZTcxYThkMTE1MjNhZjFlOThkMiJ9fV0sInByZWRpY2F0ZVR5cGUiOiJodHRwczovL2RvY3MucHlwaS5vcmcvYXR0ZXN0YXRpb25zL3B1Ymxpc2gvdjEiLCJwcmVkaWNhdGUiOm51bGx9\", \"payloadType\": \"application/vnd.in-toto+json\", \"signatures\": [{\"sig\": \"MEYCIQDOdiPLnB1vAR8TrxZNRcrUBaZtPSsEnCk9c7q5TBuMXwIhAKmzOqw/taTHQ8FAx8rha9wCqqdC1cDn5zXm47BazpTP\"}]}", "verifiers": ["LS0tLS1CRUdJTiBDRVJUSUZJQ0FURS0tLS0tCk1JSUc5ekNDQm4yZ0F3SUJBZ0lVQmlyeHhwR1ozOEZPWm1XdW4xTjQ1MnBTd09rd0NnWUlLb1pJemowRUF3TXcKTnpFVk1CTUdBMVVFQ2hNTWMybG5jM1J2Y21VdVpHVjJNUjR3SEFZRFZRUURFeFZ6YVdkemRHOXlaUzFwYm5SbApjbTFsWkdsaGRHVXdIaGNOTWpVeE1qSTRNRGt5TnpFNVdoY05NalV4TWpJNE1Ea3pOekU1V2pBQU1Ga3dFd1lICktvWkl6ajBDQVFZSUtvWkl6ajBEQVFjRFFnQUVndG1sb21TN1VuZ0l5eWdoTnJiN0g5OUk2aDdlNHJwQndxcUQKNURncER5OHV1ekJhTFQvOGcrM0d1ZVZMbzJxNjBMeUN5VUZjbXlPaTVEYk9nSGVaUWFPQ0Jad3dnZ1dZTUE0RwpBMVVkRHdFQi93UUVBd0lIZ0RBVEJnTlZIU1VFRERBS0JnZ3JCZ0VGQlFjREF6QWRCZ05WSFE0RUZnUVUreWdyCkk5Nk5Gd0Y4QVJHa050bVB2RCtNVndrd0h3WURWUjBqQkJnd0ZvQVUzOVBwejFZa0VaYjVxTmpwS0ZXaXhpNFkKWkQ4d2FRWURWUjBSQVFIL0JGOHdYWVpiYUhSMGNITTZMeTluYVhSb2RXSXVZMjl0TDNCbGRISmhjM1psYzNSaApjblJoY3k5M2IyOWtYMjVoYm04dkxtZHBkR2gxWWk5M2IzSnJabXh2ZDNNdmNtVnNaV0Z6WlM1NWJXeEFjbVZtCmN5OTBZV2R6TDNZd0xqTXVNekE1QmdvckJnRUVBWU8vTUFFQkJDdG9kSFJ3Y3pvdkwzUnZhMlZ1TG1GamRHbHYKYm5NdVoybDBhSFZpZFhObGNtTnZiblJsYm5RdVkyOXRNQklHQ2lzR0FRUUJnNzh3QVFJRUJIQjFjMmd3TmdZSwpLd1lCQkFHRHZ6QUJBd1FvWlRrd05XVm1PVFZrTVRObVpXUXpZbUpqWXpCbE9XUmpOV1JrTXpSaU9XVTJaV1poCk1UZ3lPVEFWQmdvckJnRUVBWU8vTUFFRUJBZFNaV3hsWVhObE1DY0dDaXNHQVFRQmc3OHdBUVVFR1hCbGRISmgKYzNabGMzUmhjblJoY3k5M2IyOWtYMjVoYm04d0hnWUtLd1lCQkFHRHZ6QUJCZ1FRY21WbWN5OTBZV2R6TDNZdwpMak11TXpBN0Jnb3JCZ0VFQVlPL01BRUlCQzBNSzJoMGRIQnpPaTh2ZEc5clpXNHVZV04wYVc5dWN5NW5hWFJvCmRXSjFjMlZ5WTI5dWRHVnVkQzVqYjIwd2F3WUtLd1lCQkFHRHZ6QUJDUVJkREZ0b2RIUndjem92TDJkcGRHaDEKWWk1amIyMHZjR1YwY21GemRtVnpkR0Z5ZEdGekwzZHZiMlJmYm1GdWJ5OHVaMmwwYUhWaUwzZHZjbXRtYkc5MwpjeTl5Wld4bFlYTmxMbmx0YkVCeVpXWnpMM1JoWjNNdmRqQXVNeTR6TURnR0Npc0dBUVFCZzc4d0FRb0VLZ3dvClpUa3dOV1ZtT1RWa01UTm1aV1F6WW1Kall6QmxPV1JqTldSa016UmlPV1UyWldaaE1UZ3lPVEFkQmdvckJnRUUKQVlPL01BRUxCQThNRFdkcGRHaDFZaTFvYjNOMFpXUXdQQVlLS3dZQkJBR0R2ekFCREFRdURDeG9kSFJ3Y3pvdgpMMmRwZEdoMVlpNWpiMjB2Y0dWMGNtRnpkbVZ6ZEdGeWRHRnpMM2R2YjJSZmJtRnViekE0QmdvckJnRUVBWU8vCk1BRU5CQ29NS0dVNU1EVmxaamsxWkRFelptVmtNMkppWTJNd1pUbGtZelZrWkRNMFlqbGxObVZtWVRFNE1qa3cKSUFZS0t3WUJCQUdEdnpBQkRnUVNEQkJ5WldaekwzUmhaM012ZGpBdU15NHpNQmtHQ2lzR0FRUUJnNzh3QVE4RQpDd3dKTnpnMk16Z3hOekV4TURJR0Npc0dBUVFCZzc4d0FSQUVKQXdpYUhSMGNITTZMeTluYVhSb2RXSXVZMjl0CkwzQmxkSEpoYzNabGMzUmhjblJoY3pBWUJnb3JCZ0VFQVlPL01BRVJCQW9NQ0RFNE1ERXpPVGcxTUdzR0Npc0cKQVFRQmc3OHdBUklFWFF4YmFIUjBjSE02THk5bmFYUm9kV0l1WTI5dEwzQmxkSEpoYzNabGMzUmhjblJoY3k5MwpiMjlrWDI1aGJtOHZMbWRwZEdoMVlpOTNiM0pyWm14dmQzTXZjbVZzWldGelpTNTViV3hBY21WbWN5OTBZV2R6CkwzWXdMak11TXpBNEJnb3JCZ0VFQVlPL01BRVRCQ29NS0dVNU1EVmxaamsxWkRFelptVmtNMkppWTJNd1pUbGsKWXpWa1pETTBZamxsTm1WbVlURTRNamt3RkFZS0t3WUJCQUdEdnpBQkZBUUdEQVJ3ZFhOb01HQUdDaXNHQVFRQgpnNzh3QVJVRVVneFFhSFIwY0hNNkx5OW5hWFJvZFdJdVkyOXRMM0JsZEhKaGMzWmxjM1JoY25SaGN5OTNiMjlrClgyNWhibTh2WVdOMGFXOXVjeTl5ZFc1ekx6SXdOVFV4TmpZek1Ua3lMMkYwZEdWdGNIUnpMekV3RmdZS0t3WUIKQkFHRHZ6QUJGZ1FJREFad2RXSnNhV013RkFZS0t3WUJCQUdEdnpBQkZ3UUdEQVJ3ZVhCcE1JR0xCZ29yQmdFRQpBZFo1QWdRQ0JIMEVld0I1QUhjQTNUMHdhc2JIRVRKakdSNGNtV2MzQXFKS1hyamVQSzMvaDRweWdDOHA3bzRBCkFBR2JaRWlmaHdBQUJBTUFTREJHQWlFQXNBRnorVldQSDNmcDZHOEU5QjdYUi9hSXJ6dytxQ2FYN252TkROemUKNGh3Q0lRRDhUSVRCanBqL2lNbU5IK3NSS3RhUlc3clBGVUdKeVhJbzRwOEc1UXdQSGpBS0JnZ3Foa2pPUFFRRApBd05vQURCbEFqRUFsZXFZZ2Z0d0FRZFcxWnBDT0dKYk50VDVKVjBYeS9CUHpzcUFIYVMyN1hiUFpPMUx2VSt1Cjd4SnB1SDZubFBLRkFqQjJMRktsVC82OGNYdlBTV0xHRDNXN3ZOYS9MS1lCeHNGNFVtVHRMT1VuTE8ybHlXbHYKZGNYckcveVEyWlV5YmM4PQotLS0tLUVORCBDRVJUSUZJQ0FURS0tLS0tCg=="]}, "signatures": null, "envelopeHash": null, "payloadHash": null}}
2025-12-28T09:27:22.0270699Z integrated: {'108e9186e8c5677a9fa135d549decc8b2ecf0d1f54a04c9e665ae45752aef5ec0fb9b1faade44e76': {'body': 'eyJhcGlWZXJzaW9uIjoiMC4wLjEiLCJraW5kIjoiZHNzZSIsInNwZWMiOnsiZW52ZWxvcGVIYXNoIjp7ImFsZ29yaXRobSI6InNoYTI1NiIsInZhbHVlIjoiMDMxM2NjZWVhNWJmNGNkYzM3ODc0YTA3ZGUwNWQ0MTJiMzBlN2QyZGU4NTY1YjlhZjk1Nzc3ODljMzYyZWNmZiJ9LCJwYXlsb2FkSGFzaCI6eyJhbGdvcml0aG0iOiJzaGEyNTYiLCJ2YWx1ZSI6IjI1ODI0ODVhODFmN2ZhZTE5YjdlODk0ZWMyOTFhMDNkMDU0YzViZTQxZTExZmFmMjY5OTFlYzMwZTNmMjdjNDgifSwic2lnbmF0dXJlcyI6W3sic2lnbmF0dXJlIjoiTUVZQ0lRRE9kaVBMbkIxdkFSOFRyeFpOUmNyVUJhWnRQU3NFbkNrOWM3cTVUQnVNWHdJaEFLbXpPcXcvdGFUSFE4RkF4OHJoYTl3Q3FxZEMxY0RuNXpYbTQ3QmF6cFRQIiwidmVyaWZpZXIiOiJMUzB0TFMxQ1JVZEpUaUJEUlZKVVNVWkpRMEZVUlMwdExTMHRDazFKU1VjNWVrTkRRbTR5WjBGM1NVSkJaMGxWUW1seWVIaHdSMW96T0VaUFdtMVhkVzR4VGpRMU1uQlRkMDlyZDBObldVbExiMXBKZW1vd1JVRjNUWGNLVG5wRlZrMUNUVWRCTVZWRlEyaE5UV015Ykc1ak0xSjJZMjFWZFZwSFZqSk5ValIzU0VGWlJGWlJVVVJGZUZaNllWZGtlbVJIT1hsYVV6RndZbTVTYkFwamJURnNXa2RzYUdSSFZYZElhR05PVFdwVmVFMXFTVFJOUkd0NVRucEZOVmRvWTA1TmFsVjRUV3BKTkUxRWEzcE9la1UxVjJwQlFVMUdhM2RGZDFsSUNrdHZXa2w2YWpCRFFWRlpTVXR2V2tsNmFqQkVRVkZqUkZGblFVVm5kRzFzYjIxVE4xVnVaMGw1ZVdkb1RuSmlOMGc1T1VrMmFEZGxOSEp3UW5keGNVUUtOVVJuY0VSNU9IVjFla0poVEZRdk9HY3JNMGQxWlZaTWJ6SnhOakJNZVVONVZVWmpiWGxQYVRWRVlrOW5TR1ZhVVdGUFEwSmFkM2RuWjFkWlRVRTBSd3BCTVZWa1JIZEZRaTkzVVVWQmQwbElaMFJCVkVKblRsWklVMVZGUkVSQlMwSm5aM0pDWjBWR1FsRmpSRUY2UVdSQ1owNVdTRkUwUlVablVWVXJlV2R5Q2trNU5rNUdkMFk0UVZKSGEwNTBiVkIyUkN0TlZuZHJkMGgzV1VSV1VqQnFRa0puZDBadlFWVXpPVkJ3ZWpGWmEwVmFZalZ4VG1wd1MwWlhhWGhwTkZrS1drUTRkMkZSV1VSV1VqQlNRVkZJTDBKR09IZFlXVnBpWVVoU01HTklUVFpNZVRsdVlWaFNiMlJYU1hWWk1qbDBURE5DYkdSSVNtaGpNMXBzWXpOU2FBcGpibEpvWTNrNU0ySXlPV3RZTWpWb1ltMDRka3h0WkhCa1IyZ3hXV2s1TTJJelNuSmFiWGgyWkROTmRtTnRWbk5hVjBaNldsTTFOV0pYZUVGamJWWnRDbU41T1RCWlYyUjZURE5aZDB4cVRYVk5la0UxUW1kdmNrSm5SVVZCV1U4dlRVRkZRa0pEZEc5a1NGSjNZM3B2ZGt3elVuWmhNbFoxVEcxR2FtUkhiSFlLWW01TmRWb3liREJoU0ZacFpGaE9iR050VG5aaWJsSnNZbTVSZFZreU9YUk5Ra2xIUTJselIwRlJVVUpuTnpoM1FWRkpSVUpJUWpGak1tZDNUbWRaU3dwTGQxbENRa0ZIUkhaNlFVSkJkMUZ2V2xScmQwNVhWbTFQVkZaclRWUk9iVnBYVVhwWmJVcHFXWHBDYkU5WFVtcE9WMUpyVFhwU2FVOVhWVEphVjFwb0NrMVVaM2xQVkVGV1FtZHZja0puUlVWQldVOHZUVUZGUlVKQlpGTmFWM2hzV1ZoT2JFMURZMGREYVhOSFFWRlJRbWMzT0hkQlVWVkZSMWhDYkdSSVNtZ0tZek5hYkdNelVtaGpibEpvWTNrNU0ySXlPV3RZTWpWb1ltMDRkMGhuV1V0TGQxbENRa0ZIUkhaNlFVSkNaMUZSWTIxV2JXTjVPVEJaVjJSNlRETlpkd3BNYWsxMVRYcEJOMEpuYjNKQ1owVkZRVmxQTDAxQlJVbENRekJOU3pKb01HUklRbnBQYVRoMlpFYzVjbHBYTkhWWlYwNHdZVmM1ZFdONU5XNWhXRkp2Q21SWFNqRmpNbFo1V1RJNWRXUkhWblZrUXpWcVlqSXdkMkYzV1V0TGQxbENRa0ZIUkhaNlFVSkRVVkprUkVaMGIyUklVbmRqZW05MlRESmtjR1JIYURFS1dXazFhbUl5TUhaalIxWXdZMjFHZW1SdFZucGtSMFo1WkVkR2Vrd3paSFppTWxKbVltMUdkV0o1T0hWYU1td3dZVWhXYVV3elpIWmpiWFJ0WWtjNU13cGplVGw1V2xkNGJGbFlUbXhNYm14MFlrVkNlVnBYV25wTU0xSm9Xak5OZG1ScVFYVk5lVFI2VFVSblIwTnBjMGRCVVZGQ1p6YzRkMEZSYjBWTFozZHZDbHBVYTNkT1YxWnRUMVJXYTAxVVRtMWFWMUY2V1cxS2FsbDZRbXhQVjFKcVRsZFNhMDE2VW1sUFYxVXlXbGRhYUUxVVozbFBWRUZrUW1kdmNrSm5SVVVLUVZsUEwwMUJSVXhDUVRoTlJGZGtjR1JIYURGWmFURnZZak5PTUZwWFVYZFFRVmxMUzNkWlFrSkJSMFIyZWtGQ1JFRlJkVVJEZUc5a1NGSjNZM3B2ZGdwTU1tUndaRWRvTVZscE5XcGlNakIyWTBkV01HTnRSbnBrYlZaNlpFZEdlV1JIUm5wTU0yUjJZakpTWm1KdFJuVmlla0UwUW1kdmNrSm5SVVZCV1U4dkNrMUJSVTVDUTI5TlMwZFZOVTFFVm14YWFtc3hXa1JGZWxwdFZtdE5Na3BwV1RKTmQxcFViR3RaZWxacldrUk5NRmxxYkd4T2JWWnRXVlJGTkUxcWEzY0tTVUZaUzB0M1dVSkNRVWRFZG5wQlFrUm5VVk5FUWtKNVdsZGFla3d6VW1oYU0wMTJaR3BCZFUxNU5IcE5RbXRIUTJselIwRlJVVUpuTnpoM1FWRTRSUXBEZDNkS1RucG5NazE2WjNoT2VrVjRUVVJKUjBOcGMwZEJVVkZDWnpjNGQwRlNRVVZLUVhkcFlVaFNNR05JVFRaTWVUbHVZVmhTYjJSWFNYVlpNamwwQ2t3elFteGtTRXBvWXpOYWJHTXpVbWhqYmxKb1kzcEJXVUpuYjNKQ1owVkZRVmxQTDAxQlJWSkNRVzlOUTBSRk5FMUVSWHBQVkdjeFRVZHpSME5wYzBjS1FWRlJRbWMzT0hkQlVrbEZXRkY0WW1GSVVqQmpTRTAyVEhrNWJtRllVbTlrVjBsMVdUSTVkRXd6UW14a1NFcG9Zek5hYkdNelVtaGpibEpvWTNrNU13cGlNamxyV0RJMWFHSnRPSFpNYldSd1pFZG9NVmxwT1ROaU0wcHlXbTE0ZG1RelRYWmpiVlp6V2xkR2VscFROVFZpVjNoQlkyMVdiV041T1RCWlYyUjZDa3d6V1hkTWFrMTFUWHBCTkVKbmIzSkNaMFZGUVZsUEwwMUJSVlJDUTI5TlMwZFZOVTFFVm14YWFtc3hXa1JGZWxwdFZtdE5Na3BwV1RKTmQxcFViR3NLV1hwV2ExcEVUVEJaYW14c1RtMVdiVmxVUlRSTmFtdDNSa0ZaUzB0M1dVSkNRVWRFZG5wQlFrWkJVVWRFUVZKM1pGaE9iMDFIUVVkRGFYTkhRVkZSUWdwbk56aDNRVkpWUlZWbmVGRmhTRkl3WTBoTk5reDVPVzVoV0ZKdlpGZEpkVmt5T1hSTU0wSnNaRWhLYUdNeldteGpNMUpvWTI1U2FHTjVPVE5pTWpsckNsZ3lOV2hpYlRoMldWZE9NR0ZYT1hWamVUbDVaRmMxZWt4NlNYZE9WRlY0VG1wWmVrMVVhM2xNTWtZd1pFZFdkR05JVW5wTWVrVjNSbWRaUzB0M1dVSUtRa0ZIUkhaNlFVSkdaMUZKUkVGYWQyUlhTbk5oVjAxM1JrRlpTMHQzV1VKQ1FVZEVkbnBCUWtaM1VVZEVRVkozWlZoQ2NFMUpSMHhDWjI5eVFtZEZSUXBCWkZvMVFXZFJRMEpJTUVWbGQwSTFRVWhqUVROVU1IZGhjMkpJUlZSS2FrZFNOR050VjJNelFYRktTMWh5YW1WUVN6TXZhRFJ3ZVdkRE9IQTNielJCQ2tGQlIySmFSV2xtYUhkQlFVSkJUVUZUUkVKSFFXbEZRWE5CUm5vclZsZFFTRE5tY0RaSE9FVTVRamRZVWk5aFNYSjZkeXR4UTJGWU4yNTJUa1JPZW1VS05HaDNRMGxSUkRoVVNWUkNhbkJxTDJsTmJVNUlLM05TUzNSaFVsYzNjbEJHVlVkS2VWaEpielJ3T0VjMVVYZFFTR3BCUzBKblozRm9hMnBQVUZGUlJBcEJkMDV2UVVSQ2JFRnFSVUZzWlhGWloyWjBkMEZSWkZjeFduQkRUMGRLWWs1MFZEVktWakJZZVM5Q1VIcHpjVUZJWVZNeU4xaGlVRnBQTVV4MlZTdDFDamQ0U25CMVNEWnViRkJMUmtGcVFqSk1Sa3RzVkM4Mk9HTllkbEJUVjB4SFJETlhOM1pPWVM5TVMxbENlSE5HTkZWdFZIUk1UMVZ1VEU4eWJIbFhiSFlLWkdOWWNrY3ZlVkV5V2xWNVltTTRQUW90TFMwdExVVk9SQ0JEUlZKVVNVWkpRMEZVUlMwdExTMHRDZz09In1dfX0=', 'integratedTime': 1766914041, 'logID': 'c0d23d6ad406973f9559f3ba2d1ca01f84147d8ffc5b8445c224f98b9591801d', 'logIndex': 780720615, 'verification': {'inclusionProof': {'checkpoint': 'rekor.sigstore.dev - 1193050959916656506\n658816354\nUG2u5gvPzbdEkpybiJMvlAMtAH91O56tPhU1I8sCEl0=\n\n— rekor.sigstore.dev wNI9ajBEAiBUdeJWuShEaS8FM3v8LG4VeAVVnpxaU3JcGekbPs5H0gIgcHtFVteP9RhaHcpAvDUwPdhxVNdPng99TFdJSd48qCc=\n', 'hashes': ['8ba694e071fac58fd181e61727cbff0a04f1b69c05327d3fc7dafbb3abdfbc84', '4478bb83752d62a89b71e7e64c7af11383eaa9ae02108662df0e866c62da6154', '9d1c7154d1036550d3d43ef4697db75136ccd3c1bf9595b3db35b75f130c4bd6', 'f50493dbc0ad96333b6eb90ced3388eb058d26863ff4649ddfdd29b748ebc752', 'e75b9cf267d98d0de2085151bea791bcd2cd96681186908bcb3bfff448707fc0', 'c022e710ba18142e87fa06d6768ed4737631aff3eba0585eaeac63d885ea1553', '4f34b2fafdc154dce8a8af76138c0f2d8b5a30f1421b25eba216743c9c4d9422', '0ded781a98b92cc48690b35b3440d2605b51821ab786d6afe54d25bda8c9db50', '53da579c09be9fda11f450e4119f2c554593a5d7af1c8388cdc6839a8df28e4f', '4337dd8cdc86a768eae779a378d22a47d02ee919a2430ed1704a9641e598306f', 'df9138e7262fd4d912b223b3931dbdb10aea00eba1dda60b171d9066e3cf10f3', 'cfbba0a0230e6f1b5481a31253b9ca76258578880a7c83047591c76a1e0d0dba', '5fabe4c73d29a312b60c8951babffb2db11dcf78835e3e5063f80b93f7b05e30', '6665246241c1cb507bdb726b12088abdea5374762b3facb66b8a0e0d8be2e556', '4f80ea583e36840b4dfaf5fc8ca096aa80b899e13825e908f4bc5818270fcb53'], 'logIndex': 658816353, 'rootHash': '506daee60bcfcdb744929c9b88932f94032d007f753b9ead3e153523cb02125d', 'treeSize': 658816354}, 'signedEntryTimestamp': 'MEYCIQDfq8qnDpu9A3aOvw864/Vcb7uIvJ3vXeyxdLM0zfYcDgIhAICXoXeguAmGscF0MAavvv+UVoeUaw+g4HvouSf3uvgT'}}}
2025-12-28T09:27:22.0478100Z Transparency log entry created with index: 780720615
2025-12-28T09:27:22.0479685Z DSSE PAE: b'DSSEv1 28 application/vnd.in-toto+json 274 {"_type":"https://in-toto.io/Statement/v1","subject":[{"name":"wood_nano-0.3.3-cp39-cp39-win_amd64.whl","digest":{"sha256":"a7090a1b5f90f6cf027c2a117752a4be3c60e5b42e8bdbea06dc8221565bac01"}}],"predicateType":"https://docs.pypi.org/attestations/publish/v1","predicate":null}'
2025-12-28T09:27:22.0571268Z proposed: {"apiVersion": "0.0.1", "kind": "dsse", "spec": {"proposedContent": {"envelope": "{\"payload\": \"eyJfdHlwZSI6Imh0dHBzOi8vaW4tdG90by5pby9TdGF0ZW1lbnQvdjEiLCJzdWJqZWN0IjpbeyJuYW1lIjoid29vZF9uYW5vLTAuMy4zLWNwMzktY3AzOS13aW5fYW1kNjQud2hsIiwiZGlnZXN0Ijp7InNoYTI1NiI6ImE3MDkwYTFiNWY5MGY2Y2YwMjdjMmExMTc3NTJhNGJlM2M2MGU1YjQyZThiZGJlYTA2ZGM4MjIxNTY1YmFjMDEifX1dLCJwcmVkaWNhdGVUeXBlIjoiaHR0cHM6Ly9kb2NzLnB5cGkub3JnL2F0dGVzdGF0aW9ucy9wdWJsaXNoL3YxIiwicHJlZGljYXRlIjpudWxsfQ==\", \"payloadType\": \"application/vnd.in-toto+json\", \"signatures\": [{\"sig\": \"MEUCIFDNABX4ALeuSadzT5pX7EM8A3+xeupwF0Kx4N3z8Ev1AiEAi5Sasqk0MvxciJ1N9XqIRWVbt24WaR4F71rj0tyBRgM=\"}]}", "verifiers": ["LS0tLS1CRUdJTiBDRVJUSUZJQ0FURS0tLS0tCk1JSUc5ekNDQm4yZ0F3SUJBZ0lVQmlyeHhwR1ozOEZPWm1XdW4xTjQ1MnBTd09rd0NnWUlLb1pJemowRUF3TXcKTnpFVk1CTUdBMVVFQ2hNTWMybG5jM1J2Y21VdVpHVjJNUjR3SEFZRFZRUURFeFZ6YVdkemRHOXlaUzFwYm5SbApjbTFsWkdsaGRHVXdIaGNOTWpVeE1qSTRNRGt5TnpFNVdoY05NalV4TWpJNE1Ea3pOekU1V2pBQU1Ga3dFd1lICktvWkl6ajBDQVFZSUtvWkl6ajBEQVFjRFFnQUVndG1sb21TN1VuZ0l5eWdoTnJiN0g5OUk2aDdlNHJwQndxcUQKNURncER5OHV1ekJhTFQvOGcrM0d1ZVZMbzJxNjBMeUN5VUZjbXlPaTVEYk9nSGVaUWFPQ0Jad3dnZ1dZTUE0RwpBMVVkRHdFQi93UUVBd0lIZ0RBVEJnTlZIU1VFRERBS0JnZ3JCZ0VGQlFjREF6QWRCZ05WSFE0RUZnUVUreWdyCkk5Nk5Gd0Y4QVJHa050bVB2RCtNVndrd0h3WURWUjBqQkJnd0ZvQVUzOVBwejFZa0VaYjVxTmpwS0ZXaXhpNFkKWkQ4d2FRWURWUjBSQVFIL0JGOHdYWVpiYUhSMGNITTZMeTluYVhSb2RXSXVZMjl0TDNCbGRISmhjM1psYzNSaApjblJoY3k5M2IyOWtYMjVoYm04dkxtZHBkR2gxWWk5M2IzSnJabXh2ZDNNdmNtVnNaV0Z6WlM1NWJXeEFjbVZtCmN5OTBZV2R6TDNZd0xqTXVNekE1QmdvckJnRUVBWU8vTUFFQkJDdG9kSFJ3Y3pvdkwzUnZhMlZ1TG1GamRHbHYKYm5NdVoybDBhSFZpZFhObGNtTnZiblJsYm5RdVkyOXRNQklHQ2lzR0FRUUJnNzh3QVFJRUJIQjFjMmd3TmdZSwpLd1lCQkFHRHZ6QUJBd1FvWlRrd05XVm1PVFZrTVRObVpXUXpZbUpqWXpCbE9XUmpOV1JrTXpSaU9XVTJaV1poCk1UZ3lPVEFWQmdvckJnRUVBWU8vTUFFRUJBZFNaV3hsWVhObE1DY0dDaXNHQVFRQmc3OHdBUVVFR1hCbGRISmgKYzNabGMzUmhjblJoY3k5M2IyOWtYMjVoYm04d0hnWUtLd1lCQkFHRHZ6QUJCZ1FRY21WbWN5OTBZV2R6TDNZdwpMak11TXpBN0Jnb3JCZ0VFQVlPL01BRUlCQzBNSzJoMGRIQnpPaTh2ZEc5clpXNHVZV04wYVc5dWN5NW5hWFJvCmRXSjFjMlZ5WTI5dWRHVnVkQzVqYjIwd2F3WUtLd1lCQkFHRHZ6QUJDUVJkREZ0b2RIUndjem92TDJkcGRHaDEKWWk1amIyMHZjR1YwY21GemRtVnpkR0Z5ZEdGekwzZHZiMlJmYm1GdWJ5OHVaMmwwYUhWaUwzZHZjbXRtYkc5MwpjeTl5Wld4bFlYTmxMbmx0YkVCeVpXWnpMM1JoWjNNdmRqQXVNeTR6TURnR0Npc0dBUVFCZzc4d0FRb0VLZ3dvClpUa3dOV1ZtT1RWa01UTm1aV1F6WW1Kall6QmxPV1JqTldSa016UmlPV1UyWldaaE1UZ3lPVEFkQmdvckJnRUUKQVlPL01BRUxCQThNRFdkcGRHaDFZaTFvYjNOMFpXUXdQQVlLS3dZQkJBR0R2ekFCREFRdURDeG9kSFJ3Y3pvdgpMMmRwZEdoMVlpNWpiMjB2Y0dWMGNtRnpkbVZ6ZEdGeWRHRnpMM2R2YjJSZmJtRnViekE0QmdvckJnRUVBWU8vCk1BRU5CQ29NS0dVNU1EVmxaamsxWkRFelptVmtNMkppWTJNd1pUbGtZelZrWkRNMFlqbGxObVZtWVRFNE1qa3cKSUFZS0t3WUJCQUdEdnpBQkRnUVNEQkJ5WldaekwzUmhaM012ZGpBdU15NHpNQmtHQ2lzR0FRUUJnNzh3QVE4RQpDd3dKTnpnMk16Z3hOekV4TURJR0Npc0dBUVFCZzc4d0FSQUVKQXdpYUhSMGNITTZMeTluYVhSb2RXSXVZMjl0CkwzQmxkSEpoYzNabGMzUmhjblJoY3pBWUJnb3JCZ0VFQVlPL01BRVJCQW9NQ0RFNE1ERXpPVGcxTUdzR0Npc0cKQVFRQmc3OHdBUklFWFF4YmFIUjBjSE02THk5bmFYUm9kV0l1WTI5dEwzQmxkSEpoYzNabGMzUmhjblJoY3k5MwpiMjlrWDI1aGJtOHZMbWRwZEdoMVlpOTNiM0pyWm14dmQzTXZjbVZzWldGelpTNTViV3hBY21WbWN5OTBZV2R6CkwzWXdMak11TXpBNEJnb3JCZ0VFQVlPL01BRVRCQ29NS0dVNU1EVmxaamsxWkRFelptVmtNMkppWTJNd1pUbGsKWXpWa1pETTBZamxsTm1WbVlURTRNamt3RkFZS0t3WUJCQUdEdnpBQkZBUUdEQVJ3ZFhOb01HQUdDaXNHQVFRQgpnNzh3QVJVRVVneFFhSFIwY0hNNkx5OW5hWFJvZFdJdVkyOXRMM0JsZEhKaGMzWmxjM1JoY25SaGN5OTNiMjlrClgyNWhibTh2WVdOMGFXOXVjeTl5ZFc1ekx6SXdOVFV4TmpZek1Ua3lMMkYwZEdWdGNIUnpMekV3RmdZS0t3WUIKQkFHRHZ6QUJGZ1FJREFad2RXSnNhV013RkFZS0t3WUJCQUdEdnpBQkZ3UUdEQVJ3ZVhCcE1JR0xCZ29yQmdFRQpBZFo1QWdRQ0JIMEVld0I1QUhjQTNUMHdhc2JIRVRKakdSNGNtV2MzQXFKS1hyamVQSzMvaDRweWdDOHA3bzRBCkFBR2JaRWlmaHdBQUJBTUFTREJHQWlFQXNBRnorVldQSDNmcDZHOEU5QjdYUi9hSXJ6dytxQ2FYN252TkROemUKNGh3Q0lRRDhUSVRCanBqL2lNbU5IK3NSS3RhUlc3clBGVUdKeVhJbzRwOEc1UXdQSGpBS0JnZ3Foa2pPUFFRRApBd05vQURCbEFqRUFsZXFZZ2Z0d0FRZFcxWnBDT0dKYk50VDVKVjBYeS9CUHpzcUFIYVMyN1hiUFpPMUx2VSt1Cjd4SnB1SDZubFBLRkFqQjJMRktsVC82OGNYdlBTV0xHRDNXN3ZOYS9MS1lCeHNGNFVtVHRMT1VuTE8ybHlXbHYKZGNYckcveVEyWlV5YmM4PQotLS0tLUVORCBDRVJUSUZJQ0FURS0tLS0tCg=="]}, "signatures": null, "envelopeHash": null, "payloadHash": null}}
2025-12-28T09:27:22.3587815Z integrated: {'108e9186e8c5677a856a9b0f3fcefb88729a05de513611d6550ce878b1042a5f4f7a5045c8c2d9a9': {'body': 'eyJhcGlWZXJzaW9uIjoiMC4wLjEiLCJraW5kIjoiZHNzZSIsInNwZWMiOnsiZW52ZWxvcGVIYXNoIjp7ImFsZ29yaXRobSI6InNoYTI1NiIsInZhbHVlIjoiNDFlZmIwMzY0NGNkMDRiMjczYzc2NGMwZWE3NWVhNDAwZjhmMzlmMzc3NThhNTI1NDdkM2Y1M2Y2YTMzN2ViYyJ9LCJwYXlsb2FkSGFzaCI6eyJhbGdvcml0aG0iOiJzaGEyNTYiLCJ2YWx1ZSI6IjJmY2RhMTY5OGVlNDkxYzhjZGU3MzVhZTNhYWQyNGY1Yjc3OTY0NWFlNTM0ZjEzZGE2MDNkZTEyOTBmMmFjYmIifSwic2lnbmF0dXJlcyI6W3sic2lnbmF0dXJlIjoiTUVVQ0lGRE5BQlg0QUxldVNhZHpUNXBYN0VNOEEzK3hldXB3RjBLeDROM3o4RXYxQWlFQWk1U2FzcWswTXZ4Y2lKMU45WHFJUldWYnQyNFdhUjRGNzFyajB0eUJSZ009IiwidmVyaWZpZXIiOiJMUzB0TFMxQ1JVZEpUaUJEUlZKVVNVWkpRMEZVUlMwdExTMHRDazFKU1VjNWVrTkRRbTR5WjBGM1NVSkJaMGxWUW1seWVIaHdSMW96T0VaUFdtMVhkVzR4VGpRMU1uQlRkMDlyZDBObldVbExiMXBKZW1vd1JVRjNUWGNLVG5wRlZrMUNUVWRCTVZWRlEyaE5UV015Ykc1ak0xSjJZMjFWZFZwSFZqSk5ValIzU0VGWlJGWlJVVVJGZUZaNllWZGtlbVJIT1hsYVV6RndZbTVTYkFwamJURnNXa2RzYUdSSFZYZElhR05PVFdwVmVFMXFTVFJOUkd0NVRucEZOVmRvWTA1TmFsVjRUV3BKTkUxRWEzcE9la1UxVjJwQlFVMUdhM2RGZDFsSUNrdHZXa2w2YWpCRFFWRlpTVXR2V2tsNmFqQkVRVkZqUkZGblFVVm5kRzFzYjIxVE4xVnVaMGw1ZVdkb1RuSmlOMGc1T1VrMmFEZGxOSEp3UW5keGNVUUtOVVJuY0VSNU9IVjFla0poVEZRdk9HY3JNMGQxWlZaTWJ6SnhOakJNZVVONVZVWmpiWGxQYVRWRVlrOW5TR1ZhVVdGUFEwSmFkM2RuWjFkWlRVRTBSd3BCTVZWa1JIZEZRaTkzVVVWQmQwbElaMFJCVkVKblRsWklVMVZGUkVSQlMwSm5aM0pDWjBWR1FsRmpSRUY2UVdSQ1owNVdTRkUwUlVablVWVXJlV2R5Q2trNU5rNUdkMFk0UVZKSGEwNTBiVkIyUkN0TlZuZHJkMGgzV1VSV1VqQnFRa0puZDBadlFWVXpPVkJ3ZWpGWmEwVmFZalZ4VG1wd1MwWlhhWGhwTkZrS1drUTRkMkZSV1VSV1VqQlNRVkZJTDBKR09IZFlXVnBpWVVoU01HTklUVFpNZVRsdVlWaFNiMlJYU1hWWk1qbDBURE5DYkdSSVNtaGpNMXBzWXpOU2FBcGpibEpvWTNrNU0ySXlPV3RZTWpWb1ltMDRka3h0WkhCa1IyZ3hXV2s1TTJJelNuSmFiWGgyWkROTmRtTnRWbk5hVjBaNldsTTFOV0pYZUVGamJWWnRDbU41T1RCWlYyUjZURE5aZDB4cVRYVk5la0UxUW1kdmNrSm5SVVZCV1U4dlRVRkZRa0pEZEc5a1NGSjNZM3B2ZGt3elVuWmhNbFoxVEcxR2FtUkhiSFlLWW01TmRWb3liREJoU0ZacFpGaE9iR050VG5aaWJsSnNZbTVSZFZreU9YUk5Ra2xIUTJselIwRlJVVUpuTnpoM1FWRkpSVUpJUWpGak1tZDNUbWRaU3dwTGQxbENRa0ZIUkhaNlFVSkJkMUZ2V2xScmQwNVhWbTFQVkZaclRWUk9iVnBYVVhwWmJVcHFXWHBDYkU5WFVtcE9WMUpyVFhwU2FVOVhWVEphVjFwb0NrMVVaM2xQVkVGV1FtZHZja0puUlVWQldVOHZUVUZGUlVKQlpGTmFWM2hzV1ZoT2JFMURZMGREYVhOSFFWRlJRbWMzT0hkQlVWVkZSMWhDYkdSSVNtZ0tZek5hYkdNelVtaGpibEpvWTNrNU0ySXlPV3RZTWpWb1ltMDRkMGhuV1V0TGQxbENRa0ZIUkhaNlFVSkNaMUZSWTIxV2JXTjVPVEJaVjJSNlRETlpkd3BNYWsxMVRYcEJOMEpuYjNKQ1owVkZRVmxQTDAxQlJVbENRekJOU3pKb01HUklRbnBQYVRoMlpFYzVjbHBYTkhWWlYwNHdZVmM1ZFdONU5XNWhXRkp2Q21SWFNqRmpNbFo1V1RJNWRXUkhWblZrUXpWcVlqSXdkMkYzV1V0TGQxbENRa0ZIUkhaNlFVSkRVVkprUkVaMGIyUklVbmRqZW05MlRESmtjR1JIYURFS1dXazFhbUl5TUhaalIxWXdZMjFHZW1SdFZucGtSMFo1WkVkR2Vrd3paSFppTWxKbVltMUdkV0o1T0hWYU1td3dZVWhXYVV3elpIWmpiWFJ0WWtjNU13cGplVGw1V2xkNGJGbFlUbXhNYm14MFlrVkNlVnBYV25wTU0xSm9Xak5OZG1ScVFYVk5lVFI2VFVSblIwTnBjMGRCVVZGQ1p6YzRkMEZSYjBWTFozZHZDbHBVYTNkT1YxWnRUMVJXYTAxVVRtMWFWMUY2V1cxS2FsbDZRbXhQVjFKcVRsZFNhMDE2VW1sUFYxVXlXbGRhYUUxVVozbFBWRUZrUW1kdmNrSm5SVVVLUVZsUEwwMUJSVXhDUVRoTlJGZGtjR1JIYURGWmFURnZZak5PTUZwWFVYZFFRVmxMUzNkWlFrSkJSMFIyZWtGQ1JFRlJkVVJEZUc5a1NGSjNZM3B2ZGdwTU1tUndaRWRvTVZscE5XcGlNakIyWTBkV01HTnRSbnBrYlZaNlpFZEdlV1JIUm5wTU0yUjJZakpTWm1KdFJuVmlla0UwUW1kdmNrSm5SVVZCV1U4dkNrMUJSVTVDUTI5TlMwZFZOVTFFVm14YWFtc3hXa1JGZWxwdFZtdE5Na3BwV1RKTmQxcFViR3RaZWxacldrUk5NRmxxYkd4T2JWWnRXVlJGTkUxcWEzY0tTVUZaUzB0M1dVSkNRVWRFZG5wQlFrUm5VVk5FUWtKNVdsZGFla3d6VW1oYU0wMTJaR3BCZFUxNU5IcE5RbXRIUTJselIwRlJVVUpuTnpoM1FWRTRSUXBEZDNkS1RucG5NazE2WjNoT2VrVjRUVVJKUjBOcGMwZEJVVkZDWnpjNGQwRlNRVVZLUVhkcFlVaFNNR05JVFRaTWVUbHVZVmhTYjJSWFNYVlpNamwwQ2t3elFteGtTRXBvWXpOYWJHTXpVbWhqYmxKb1kzcEJXVUpuYjNKQ1owVkZRVmxQTDAxQlJWSkNRVzlOUTBSRk5FMUVSWHBQVkdjeFRVZHpSME5wYzBjS1FWRlJRbWMzT0hkQlVrbEZXRkY0WW1GSVVqQmpTRTAyVEhrNWJtRllVbTlrVjBsMVdUSTVkRXd6UW14a1NFcG9Zek5hYkdNelVtaGpibEpvWTNrNU13cGlNamxyV0RJMWFHSnRPSFpNYldSd1pFZG9NVmxwT1ROaU0wcHlXbTE0ZG1RelRYWmpiVlp6V2xkR2VscFROVFZpVjNoQlkyMVdiV041T1RCWlYyUjZDa3d6V1hkTWFrMTFUWHBCTkVKbmIzSkNaMFZGUVZsUEwwMUJSVlJDUTI5TlMwZFZOVTFFVm14YWFtc3hXa1JGZWxwdFZtdE5Na3BwV1RKTmQxcFViR3NLV1hwV2ExcEVUVEJaYW14c1RtMVdiVmxVUlRSTmFtdDNSa0ZaUzB0M1dVSkNRVWRFZG5wQlFrWkJVVWRFUVZKM1pGaE9iMDFIUVVkRGFYTkhRVkZSUWdwbk56aDNRVkpWUlZWbmVGRmhTRkl3WTBoTk5reDVPVzVoV0ZKdlpGZEpkVmt5T1hSTU0wSnNaRWhLYUdNeldteGpNMUpvWTI1U2FHTjVPVE5pTWpsckNsZ3lOV2hpYlRoMldWZE9NR0ZYT1hWamVUbDVaRmMxZWt4NlNYZE9WRlY0VG1wWmVrMVVhM2xNTWtZd1pFZFdkR05JVW5wTWVrVjNSbWRaUzB0M1dVSUtRa0ZIUkhaNlFVSkdaMUZKUkVGYWQyUlhTbk5oVjAxM1JrRlpTMHQzV1VKQ1FVZEVkbnBCUWtaM1VVZEVRVkozWlZoQ2NFMUpSMHhDWjI5eVFtZEZSUXBCWkZvMVFXZFJRMEpJTUVWbGQwSTFRVWhqUVROVU1IZGhjMkpJUlZSS2FrZFNOR050VjJNelFYRktTMWh5YW1WUVN6TXZhRFJ3ZVdkRE9IQTNielJCQ2tGQlIySmFSV2xtYUhkQlFVSkJUVUZUUkVKSFFXbEZRWE5CUm5vclZsZFFTRE5tY0RaSE9FVTVRamRZVWk5aFNYSjZkeXR4UTJGWU4yNTJUa1JPZW1VS05HaDNRMGxSUkRoVVNWUkNhbkJxTDJsTmJVNUlLM05TUzNSaFVsYzNjbEJHVlVkS2VWaEpielJ3T0VjMVVYZFFTR3BCUzBKblozRm9hMnBQVUZGUlJBcEJkMDV2UVVSQ2JFRnFSVUZzWlhGWloyWjBkMEZSWkZjeFduQkRUMGRLWWs1MFZEVktWakJZZVM5Q1VIcHpjVUZJWVZNeU4xaGlVRnBQTVV4MlZTdDFDamQ0U25CMVNEWnViRkJMUmtGcVFqSk1Sa3RzVkM4Mk9HTllkbEJUVjB4SFJETlhOM1pPWVM5TVMxbENlSE5HTkZWdFZIUk1UMVZ1VEU4eWJIbFhiSFlLWkdOWWNrY3ZlVkV5V2xWNVltTTRQUW90TFMwdExVVk9SQ0JEUlZKVVNVWkpRMEZVUlMwdExTMHRDZz09In1dfX0=', 'integratedTime': 1766914042, 'logID': 'c0d23d6ad406973f9559f3ba2d1ca01f84147d8ffc5b8445c224f98b9591801d', 'logIndex': 780720616, 'verification': {'inclusionProof': {'checkpoint': 'rekor.sigstore.dev - 1193050959916656506\n658816356\nyp5eI/htxa8HFV4tcTRjOGKxuD4cIy6/JnosJNxETwU=\n\n— rekor.sigstore.dev wNI9ajBGAiEAl6dFcou1K3cJ1XM4mYIfk/tRuZjlkhqm/JlS8PPz5isCIQCmoBXd93lMiixtj6MvUJw/mA2ke18ksJ5VHxw4CMAinQ==\n', 'hashes': ['dc5c879005ddef8d78a34d678fab1486b0a5d78dcc07fe2e7b3e9c61be4a7605', '24b0e307f4c067d7badc0b69291cbbe00497e17079857b6ff7640069d1b73fb5', '4478bb83752d62a89b71e7e64c7af11383eaa9ae02108662df0e866c62da6154', '9d1c7154d1036550d3d43ef4697db75136ccd3c1bf9595b3db35b75f130c4bd6', 'f50493dbc0ad96333b6eb90ced3388eb058d26863ff4649ddfdd29b748ebc752', 'e75b9cf267d98d0de2085151bea791bcd2cd96681186908bcb3bfff448707fc0', 'c022e710ba18142e87fa06d6768ed4737631aff3eba0585eaeac63d885ea1553', '4f34b2fafdc154dce8a8af76138c0f2d8b5a30f1421b25eba216743c9c4d9422', '0ded781a98b92cc48690b35b3440d2605b51821ab786d6afe54d25bda8c9db50', '53da579c09be9fda11f450e4119f2c554593a5d7af1c8388cdc6839a8df28e4f', '4337dd8cdc86a768eae779a378d22a47d02ee919a2430ed1704a9641e598306f', 'df9138e7262fd4d912b223b3931dbdb10aea00eba1dda60b171d9066e3cf10f3', 'cfbba0a0230e6f1b5481a31253b9ca76258578880a7c83047591c76a1e0d0dba', '5fabe4c73d29a312b60c8951babffb2db11dcf78835e3e5063f80b93f7b05e30', '6665246241c1cb507bdb726b12088abdea5374762b3facb66b8a0e0d8be2e556', '4f80ea583e36840b4dfaf5fc8ca096aa80b899e13825e908f4bc5818270fcb53'], 'logIndex': 658816354, 'rootHash': 'ca9e5e23f86dc5af07155e2d7134633862b1b83e1c232ebf267a2c24dc444f05', 'treeSize': 658816356}, 'signedEntryTimestamp': 'MEUCIQCuY2UsHNHWbUsN4yWe4FoEZi2ybyeLaiS/17+26c8ehAIgIMAikdY8hv16jMc8vcWAQNf2Tj+A81Sx/ZgkQfhlVVQ='}}}
2025-12-28T09:27:22.3792207Z Transparency log entry created with index: 780720616
2025-12-28T09:27:22.3794606Z DSSE PAE: b'DSSEv1 28 application/vnd.in-toto+json 288 {"_type":"https://in-toto.io/Statement/v1","subject":[{"name":"wood_nano-0.3.3-cp311-cp311-manylinux_2_28_x86_64.whl","digest":{"sha256":"5626410e6e05b73f2b63b4540a121a06d53b358baa3c9ddee95ca46764f1f05c"}}],"predicateType":"https://docs.pypi.org/attestations/publish/v1","predicate":null}'
2025-12-28T09:27:22.3887384Z proposed: {"apiVersion": "0.0.1", "kind": "dsse", "spec": {"proposedContent": {"envelope": "{\"payload\": \"eyJfdHlwZSI6Imh0dHBzOi8vaW4tdG90by5pby9TdGF0ZW1lbnQvdjEiLCJzdWJqZWN0IjpbeyJuYW1lIjoid29vZF9uYW5vLTAuMy4zLWNwMzExLWNwMzExLW1hbnlsaW51eF8yXzI4X3g4Nl82NC53aGwiLCJkaWdlc3QiOnsic2hhMjU2IjoiNTYyNjQxMGU2ZTA1YjczZjJiNjNiNDU0MGExMjFhMDZkNTNiMzU4YmFhM2M5ZGRlZTk1Y2E0Njc2NGYxZjA1YyJ9fV0sInByZWRpY2F0ZVR5cGUiOiJodHRwczovL2RvY3MucHlwaS5vcmcvYXR0ZXN0YXRpb25zL3B1Ymxpc2gvdjEiLCJwcmVkaWNhdGUiOm51bGx9\", \"payloadType\": \"application/vnd.in-toto+json\", \"signatures\": [{\"sig\": \"MEYCIQCDq002UwC6jfbR18nZKtP0AscSmtXiAU2fhPg9TIcjXwIhALLojbsyTckQr8b8a0RC4ex5XSSGSD1uVbnfl5LkZ6YS\"}]}", "verifiers": ["LS0tLS1CRUdJTiBDRVJUSUZJQ0FURS0tLS0tCk1JSUc5ekNDQm4yZ0F3SUJBZ0lVQmlyeHhwR1ozOEZPWm1XdW4xTjQ1MnBTd09rd0NnWUlLb1pJemowRUF3TXcKTnpFVk1CTUdBMVVFQ2hNTWMybG5jM1J2Y21VdVpHVjJNUjR3SEFZRFZRUURFeFZ6YVdkemRHOXlaUzFwYm5SbApjbTFsWkdsaGRHVXdIaGNOTWpVeE1qSTRNRGt5TnpFNVdoY05NalV4TWpJNE1Ea3pOekU1V2pBQU1Ga3dFd1lICktvWkl6ajBDQVFZSUtvWkl6ajBEQVFjRFFnQUVndG1sb21TN1VuZ0l5eWdoTnJiN0g5OUk2aDdlNHJwQndxcUQKNURncER5OHV1ekJhTFQvOGcrM0d1ZVZMbzJxNjBMeUN5VUZjbXlPaTVEYk9nSGVaUWFPQ0Jad3dnZ1dZTUE0RwpBMVVkRHdFQi93UUVBd0lIZ0RBVEJnTlZIU1VFRERBS0JnZ3JCZ0VGQlFjREF6QWRCZ05WSFE0RUZnUVUreWdyCkk5Nk5Gd0Y4QVJHa050bVB2RCtNVndrd0h3WURWUjBqQkJnd0ZvQVUzOVBwejFZa0VaYjVxTmpwS0ZXaXhpNFkKWkQ4d2FRWURWUjBSQVFIL0JGOHdYWVpiYUhSMGNITTZMeTluYVhSb2RXSXVZMjl0TDNCbGRISmhjM1psYzNSaApjblJoY3k5M2IyOWtYMjVoYm04dkxtZHBkR2gxWWk5M2IzSnJabXh2ZDNNdmNtVnNaV0Z6WlM1NWJXeEFjbVZtCmN5OTBZV2R6TDNZd0xqTXVNekE1QmdvckJnRUVBWU8vTUFFQkJDdG9kSFJ3Y3pvdkwzUnZhMlZ1TG1GamRHbHYKYm5NdVoybDBhSFZpZFhObGNtTnZiblJsYm5RdVkyOXRNQklHQ2lzR0FRUUJnNzh3QVFJRUJIQjFjMmd3TmdZSwpLd1lCQkFHRHZ6QUJBd1FvWlRrd05XVm1PVFZrTVRObVpXUXpZbUpqWXpCbE9XUmpOV1JrTXpSaU9XVTJaV1poCk1UZ3lPVEFWQmdvckJnRUVBWU8vTUFFRUJBZFNaV3hsWVhObE1DY0dDaXNHQVFRQmc3OHdBUVVFR1hCbGRISmgKYzNabGMzUmhjblJoY3k5M2IyOWtYMjVoYm04d0hnWUtLd1lCQkFHRHZ6QUJCZ1FRY21WbWN5OTBZV2R6TDNZdwpMak11TXpBN0Jnb3JCZ0VFQVlPL01BRUlCQzBNSzJoMGRIQnpPaTh2ZEc5clpXNHVZV04wYVc5dWN5NW5hWFJvCmRXSjFjMlZ5WTI5dWRHVnVkQzVqYjIwd2F3WUtLd1lCQkFHRHZ6QUJDUVJkREZ0b2RIUndjem92TDJkcGRHaDEKWWk1amIyMHZjR1YwY21GemRtVnpkR0Z5ZEdGekwzZHZiMlJmYm1GdWJ5OHVaMmwwYUhWaUwzZHZjbXRtYkc5MwpjeTl5Wld4bFlYTmxMbmx0YkVCeVpXWnpMM1JoWjNNdmRqQXVNeTR6TURnR0Npc0dBUVFCZzc4d0FRb0VLZ3dvClpUa3dOV1ZtT1RWa01UTm1aV1F6WW1Kall6QmxPV1JqTldSa016UmlPV1UyWldaaE1UZ3lPVEFkQmdvckJnRUUKQVlPL01BRUxCQThNRFdkcGRHaDFZaTFvYjNOMFpXUXdQQVlLS3dZQkJBR0R2ekFCREFRdURDeG9kSFJ3Y3pvdgpMMmRwZEdoMVlpNWpiMjB2Y0dWMGNtRnpkbVZ6ZEdGeWRHRnpMM2R2YjJSZmJtRnViekE0QmdvckJnRUVBWU8vCk1BRU5CQ29NS0dVNU1EVmxaamsxWkRFelptVmtNMkppWTJNd1pUbGtZelZrWkRNMFlqbGxObVZtWVRFNE1qa3cKSUFZS0t3WUJCQUdEdnpBQkRnUVNEQkJ5WldaekwzUmhaM012ZGpBdU15NHpNQmtHQ2lzR0FRUUJnNzh3QVE4RQpDd3dKTnpnMk16Z3hOekV4TURJR0Npc0dBUVFCZzc4d0FSQUVKQXdpYUhSMGNITTZMeTluYVhSb2RXSXVZMjl0CkwzQmxkSEpoYzNabGMzUmhjblJoY3pBWUJnb3JCZ0VFQVlPL01BRVJCQW9NQ0RFNE1ERXpPVGcxTUdzR0Npc0cKQVFRQmc3OHdBUklFWFF4YmFIUjBjSE02THk5bmFYUm9kV0l1WTI5dEwzQmxkSEpoYzNabGMzUmhjblJoY3k5MwpiMjlrWDI1aGJtOHZMbWRwZEdoMVlpOTNiM0pyWm14dmQzTXZjbVZzWldGelpTNTViV3hBY21WbWN5OTBZV2R6CkwzWXdMak11TXpBNEJnb3JCZ0VFQVlPL01BRVRCQ29NS0dVNU1EVmxaamsxWkRFelptVmtNMkppWTJNd1pUbGsKWXpWa1pETTBZamxsTm1WbVlURTRNamt3RkFZS0t3WUJCQUdEdnpBQkZBUUdEQVJ3ZFhOb01HQUdDaXNHQVFRQgpnNzh3QVJVRVVneFFhSFIwY0hNNkx5OW5hWFJvZFdJdVkyOXRMM0JsZEhKaGMzWmxjM1JoY25SaGN5OTNiMjlrClgyNWhibTh2WVdOMGFXOXVjeTl5ZFc1ekx6SXdOVFV4TmpZek1Ua3lMMkYwZEdWdGNIUnpMekV3RmdZS0t3WUIKQkFHRHZ6QUJGZ1FJREFad2RXSnNhV013RkFZS0t3WUJCQUdEdnpBQkZ3UUdEQVJ3ZVhCcE1JR0xCZ29yQmdFRQpBZFo1QWdRQ0JIMEVld0I1QUhjQTNUMHdhc2JIRVRKakdSNGNtV2MzQXFKS1hyamVQSzMvaDRweWdDOHA3bzRBCkFBR2JaRWlmaHdBQUJBTUFTREJHQWlFQXNBRnorVldQSDNmcDZHOEU5QjdYUi9hSXJ6dytxQ2FYN252TkROemUKNGh3Q0lRRDhUSVRCanBqL2lNbU5IK3NSS3RhUlc3clBGVUdKeVhJbzRwOEc1UXdQSGpBS0JnZ3Foa2pPUFFRRApBd05vQURCbEFqRUFsZXFZZ2Z0d0FRZFcxWnBDT0dKYk50VDVKVjBYeS9CUHpzcUFIYVMyN1hiUFpPMUx2VSt1Cjd4SnB1SDZubFBLRkFqQjJMRktsVC82OGNYdlBTV0xHRDNXN3ZOYS9MS1lCeHNGNFVtVHRMT1VuTE8ybHlXbHYKZGNYckcveVEyWlV5YmM4PQotLS0tLUVORCBDRVJUSUZJQ0FURS0tLS0tCg=="]}, "signatures": null, "envelopeHash": null, "payloadHash": null}}
2025-12-28T09:27:22.6401678Z integrated: {'108e9186e8c5677a36ebc4857640f06a2e204fdd0d249049756159103539da7fae14df42cf81f551': {'body': 'eyJhcGlWZXJzaW9uIjoiMC4wLjEiLCJraW5kIjoiZHNzZSIsInNwZWMiOnsiZW52ZWxvcGVIYXNoIjp7ImFsZ29yaXRobSI6InNoYTI1NiIsInZhbHVlIjoiOTE3YmI4NDQ0OTYzOWY0YmUyZGFmYzc1ZWExOTM1ODExNWY3ZTUzNjcwNjc3MWE3YTcyMDkwMjRhZWE3MjhmYyJ9LCJwYXlsb2FkSGFzaCI6eyJhbGdvcml0aG0iOiJzaGEyNTYiLCJ2YWx1ZSI6ImRmMWQ5MGJlODQ2MDI0NWFlYTI1MjMyMjRmYzQ3YmI2NDNmMjRmMzRkNjUyNTExN2FiNWUzOGY1NDBjOWFmZTEifSwic2lnbmF0dXJlcyI6W3sic2lnbmF0dXJlIjoiTUVZQ0lRQ0RxMDAyVXdDNmpmYlIxOG5aS3RQMEFzY1NtdFhpQVUyZmhQZzlUSWNqWHdJaEFMTG9qYnN5VGNrUXI4YjhhMFJDNGV4NVhTU0dTRDF1VmJuZmw1TGtaNllTIiwidmVyaWZpZXIiOiJMUzB0TFMxQ1JVZEpUaUJEUlZKVVNVWkpRMEZVUlMwdExTMHRDazFKU1VjNWVrTkRRbTR5WjBGM1NVSkJaMGxWUW1seWVIaHdSMW96T0VaUFdtMVhkVzR4VGpRMU1uQlRkMDlyZDBObldVbExiMXBKZW1vd1JVRjNUWGNLVG5wRlZrMUNUVWRCTVZWRlEyaE5UV015Ykc1ak0xSjJZMjFWZFZwSFZqSk5ValIzU0VGWlJGWlJVVVJGZUZaNllWZGtlbVJIT1hsYVV6RndZbTVTYkFwamJURnNXa2RzYUdSSFZYZElhR05PVFdwVmVFMXFTVFJOUkd0NVRucEZOVmRvWTA1TmFsVjRUV3BKTkUxRWEzcE9la1UxVjJwQlFVMUdhM2RGZDFsSUNrdHZXa2w2YWpCRFFWRlpTVXR2V2tsNmFqQkVRVkZqUkZGblFVVm5kRzFzYjIxVE4xVnVaMGw1ZVdkb1RuSmlOMGc1T1VrMmFEZGxOSEp3UW5keGNVUUtOVVJuY0VSNU9IVjFla0poVEZRdk9HY3JNMGQxWlZaTWJ6SnhOakJNZVVONVZVWmpiWGxQYVRWRVlrOW5TR1ZhVVdGUFEwSmFkM2RuWjFkWlRVRTBSd3BCTVZWa1JIZEZRaTkzVVVWQmQwbElaMFJCVkVKblRsWklVMVZGUkVSQlMwSm5aM0pDWjBWR1FsRmpSRUY2UVdSQ1owNVdTRkUwUlVablVWVXJlV2R5Q2trNU5rNUdkMFk0UVZKSGEwNTBiVkIyUkN0TlZuZHJkMGgzV1VSV1VqQnFRa0puZDBadlFWVXpPVkJ3ZWpGWmEwVmFZalZ4VG1wd1MwWlhhWGhwTkZrS1drUTRkMkZSV1VSV1VqQlNRVkZJTDBKR09IZFlXVnBpWVVoU01HTklUVFpNZVRsdVlWaFNiMlJYU1hWWk1qbDBURE5DYkdSSVNtaGpNMXBzWXpOU2FBcGpibEpvWTNrNU0ySXlPV3RZTWpWb1ltMDRka3h0WkhCa1IyZ3hXV2s1TTJJelNuSmFiWGgyWkROTmRtTnRWbk5hVjBaNldsTTFOV0pYZUVGamJWWnRDbU41T1RCWlYyUjZURE5aZDB4cVRYVk5la0UxUW1kdmNrSm5SVVZCV1U4dlRVRkZRa0pEZEc5a1NGSjNZM3B2ZGt3elVuWmhNbFoxVEcxR2FtUkhiSFlLWW01TmRWb3liREJoU0ZacFpGaE9iR050VG5aaWJsSnNZbTVSZFZreU9YUk5Ra2xIUTJselIwRlJVVUpuTnpoM1FWRkpSVUpJUWpGak1tZDNUbWRaU3dwTGQxbENRa0ZIUkhaNlFVSkJkMUZ2V2xScmQwNVhWbTFQVkZaclRWUk9iVnBYVVhwWmJVcHFXWHBDYkU5WFVtcE9WMUpyVFhwU2FVOVhWVEphVjFwb0NrMVVaM2xQVkVGV1FtZHZja0puUlVWQldVOHZUVUZGUlVKQlpGTmFWM2hzV1ZoT2JFMURZMGREYVhOSFFWRlJRbWMzT0hkQlVWVkZSMWhDYkdSSVNtZ0tZek5hYkdNelVtaGpibEpvWTNrNU0ySXlPV3RZTWpWb1ltMDRkMGhuV1V0TGQxbENRa0ZIUkhaNlFVSkNaMUZSWTIxV2JXTjVPVEJaVjJSNlRETlpkd3BNYWsxMVRYcEJOMEpuYjNKQ1owVkZRVmxQTDAxQlJVbENRekJOU3pKb01HUklRbnBQYVRoMlpFYzVjbHBYTkhWWlYwNHdZVmM1ZFdONU5XNWhXRkp2Q21SWFNqRmpNbFo1V1RJNWRXUkhWblZrUXpWcVlqSXdkMkYzV1V0TGQxbENRa0ZIUkhaNlFVSkRVVkprUkVaMGIyUklVbmRqZW05MlRESmtjR1JIYURFS1dXazFhbUl5TUhaalIxWXdZMjFHZW1SdFZucGtSMFo1WkVkR2Vrd3paSFppTWxKbVltMUdkV0o1T0hWYU1td3dZVWhXYVV3elpIWmpiWFJ0WWtjNU13cGplVGw1V2xkNGJGbFlUbXhNYm14MFlrVkNlVnBYV25wTU0xSm9Xak5OZG1ScVFYVk5lVFI2VFVSblIwTnBjMGRCVVZGQ1p6YzRkMEZSYjBWTFozZHZDbHBVYTNkT1YxWnRUMVJXYTAxVVRtMWFWMUY2V1cxS2FsbDZRbXhQVjFKcVRsZFNhMDE2VW1sUFYxVXlXbGRhYUUxVVozbFBWRUZrUW1kdmNrSm5SVVVLUVZsUEwwMUJSVXhDUVRoTlJGZGtjR1JIYURGWmFURnZZak5PTUZwWFVYZFFRVmxMUzNkWlFrSkJSMFIyZWtGQ1JFRlJkVVJEZUc5a1NGSjNZM3B2ZGdwTU1tUndaRWRvTVZscE5XcGlNakIyWTBkV01HTnRSbnBrYlZaNlpFZEdlV1JIUm5wTU0yUjJZakpTWm1KdFJuVmlla0UwUW1kdmNrSm5SVVZCV1U4dkNrMUJSVTVDUTI5TlMwZFZOVTFFVm14YWFtc3hXa1JGZWxwdFZtdE5Na3BwV1RKTmQxcFViR3RaZWxacldrUk5NRmxxYkd4T2JWWnRXVlJGTkUxcWEzY0tTVUZaUzB0M1dVSkNRVWRFZG5wQlFrUm5VVk5FUWtKNVdsZGFla3d6VW1oYU0wMTJaR3BCZFUxNU5IcE5RbXRIUTJselIwRlJVVUpuTnpoM1FWRTRSUXBEZDNkS1RucG5NazE2WjNoT2VrVjRUVVJKUjBOcGMwZEJVVkZDWnpjNGQwRlNRVVZLUVhkcFlVaFNNR05JVFRaTWVUbHVZVmhTYjJSWFNYVlpNamwwQ2t3elFteGtTRXBvWXpOYWJHTXpVbWhqYmxKb1kzcEJXVUpuYjNKQ1owVkZRVmxQTDAxQlJWSkNRVzlOUTBSRk5FMUVSWHBQVkdjeFRVZHpSME5wYzBjS1FWRlJRbWMzT0hkQlVrbEZXRkY0WW1GSVVqQmpTRTAyVEhrNWJtRllVbTlrVjBsMVdUSTVkRXd6UW14a1NFcG9Zek5hYkdNelVtaGpibEpvWTNrNU13cGlNamxyV0RJMWFHSnRPSFpNYldSd1pFZG9NVmxwT1ROaU0wcHlXbTE0ZG1RelRYWmpiVlp6V2xkR2VscFROVFZpVjNoQlkyMVdiV041T1RCWlYyUjZDa3d6V1hkTWFrMTFUWHBCTkVKbmIzSkNaMFZGUVZsUEwwMUJSVlJDUTI5TlMwZFZOVTFFVm14YWFtc3hXa1JGZWxwdFZtdE5Na3BwV1RKTmQxcFViR3NLV1hwV2ExcEVUVEJaYW14c1RtMVdiVmxVUlRSTmFtdDNSa0ZaUzB0M1dVSkNRVWRFZG5wQlFrWkJVVWRFUVZKM1pGaE9iMDFIUVVkRGFYTkhRVkZSUWdwbk56aDNRVkpWUlZWbmVGRmhTRkl3WTBoTk5reDVPVzVoV0ZKdlpGZEpkVmt5T1hSTU0wSnNaRWhLYUdNeldteGpNMUpvWTI1U2FHTjVPVE5pTWpsckNsZ3lOV2hpYlRoMldWZE9NR0ZYT1hWamVUbDVaRmMxZWt4NlNYZE9WRlY0VG1wWmVrMVVhM2xNTWtZd1pFZFdkR05JVW5wTWVrVjNSbWRaUzB0M1dVSUtRa0ZIUkhaNlFVSkdaMUZKUkVGYWQyUlhTbk5oVjAxM1JrRlpTMHQzV1VKQ1FVZEVkbnBCUWtaM1VVZEVRVkozWlZoQ2NFMUpSMHhDWjI5eVFtZEZSUXBCWkZvMVFXZFJRMEpJTUVWbGQwSTFRVWhqUVROVU1IZGhjMkpJUlZSS2FrZFNOR050VjJNelFYRktTMWh5YW1WUVN6TXZhRFJ3ZVdkRE9IQTNielJCQ2tGQlIySmFSV2xtYUhkQlFVSkJUVUZUUkVKSFFXbEZRWE5CUm5vclZsZFFTRE5tY0RaSE9FVTVRamRZVWk5aFNYSjZkeXR4UTJGWU4yNTJUa1JPZW1VS05HaDNRMGxSUkRoVVNWUkNhbkJxTDJsTmJVNUlLM05TUzNSaFVsYzNjbEJHVlVkS2VWaEpielJ3T0VjMVVYZFFTR3BCUzBKblozRm9hMnBQVUZGUlJBcEJkMDV2UVVSQ2JFRnFSVUZzWlhGWloyWjBkMEZSWkZjeFduQkRUMGRLWWs1MFZEVktWakJZZVM5Q1VIcHpjVUZJWVZNeU4xaGlVRnBQTVV4MlZTdDFDamQ0U25CMVNEWnViRkJMUmtGcVFqSk1Sa3RzVkM4Mk9HTllkbEJUVjB4SFJETlhOM1pPWVM5TVMxbENlSE5HTkZWdFZIUk1UMVZ1VEU4eWJIbFhiSFlLWkdOWWNrY3ZlVkV5V2xWNVltTTRQUW90TFMwdExVVk9SQ0JEUlZKVVNVWkpRMEZVUlMwdExTMHRDZz09In1dfX0=', 'integratedTime': 1766914042, 'logID': 'c0d23d6ad406973f9559f3ba2d1ca01f84147d8ffc5b8445c224f98b9591801d', 'logIndex': 780720618, 'verification': {'inclusionProof': {'checkpoint': 'rekor.sigstore.dev - 1193050959916656506\n658816357\ng2SSGE+NIP8vZC+B7ZUJtgA0zYNRgEoyE1HydWShwaU=\n\n— rekor.sigstore.dev wNI9ajBFAiAnwbVrtg20KhIsCHb/dKHdGEm7QTdUtPhM2YU6K/NFOgIhAJkwIAjBy+7/yk8+UcRCUHNCaAmSli8IPUCkVOStnDFU\n', 'hashes': ['e2a597f6e5edf3d9b5db1dd99af52e8e5aa7ce17dc9db6a4ef059c5ca7be106f', '4478bb83752d62a89b71e7e64c7af11383eaa9ae02108662df0e866c62da6154', '9d1c7154d1036550d3d43ef4697db75136ccd3c1bf9595b3db35b75f130c4bd6', 'f50493dbc0ad96333b6eb90ced3388eb058d26863ff4649ddfdd29b748ebc752', 'e75b9cf267d98d0de2085151bea791bcd2cd96681186908bcb3bfff448707fc0', 'c022e710ba18142e87fa06d6768ed4737631aff3eba0585eaeac63d885ea1553', '4f34b2fafdc154dce8a8af76138c0f2d8b5a30f1421b25eba216743c9c4d9422', '0ded781a98b92cc48690b35b3440d2605b51821ab786d6afe54d25bda8c9db50', '53da579c09be9fda11f450e4119f2c554593a5d7af1c8388cdc6839a8df28e4f', '4337dd8cdc86a768eae779a378d22a47d02ee919a2430ed1704a9641e598306f', 'df9138e7262fd4d912b223b3931dbdb10aea00eba1dda60b171d9066e3cf10f3', 'cfbba0a0230e6f1b5481a31253b9ca76258578880a7c83047591c76a1e0d0dba', '5fabe4c73d29a312b60c8951babffb2db11dcf78835e3e5063f80b93f7b05e30', '6665246241c1cb507bdb726b12088abdea5374762b3facb66b8a0e0d8be2e556', '4f80ea583e36840b4dfaf5fc8ca096aa80b899e13825e908f4bc5818270fcb53'], 'logIndex': 658816356, 'rootHash': '836492184f8d20ff2f642f81ed9509b60034cd8351804a321351f27564a1c1a5', 'treeSize': 658816357}, 'signedEntryTimestamp': 'MEYCIQCTf3egGH3+1AZRgHZWBFYjow0PApOhMEv6xL79dbMO/wIhANgdVu7Ie+O7080MLYx9WXdfv1yn0DfwR919akMvN3eA'}}}
2025-12-28T09:27:22.6602894Z Transparency log entry created with index: 780720618
2025-12-28T09:27:22.6604713Z DSSE PAE: b'DSSEv1 28 application/vnd.in-toto+json 276 {"_type":"https://in-toto.io/Statement/v1","subject":[{"name":"wood_nano-0.3.3-cp310-cp310-win_amd64.whl","digest":{"sha256":"caa8a417861de45300c25dba2521205ded19672cf8a11cc29e3627c6878b0bd4"}}],"predicateType":"https://docs.pypi.org/attestations/publish/v1","predicate":null}'
2025-12-28T09:27:22.6697614Z proposed: {"apiVersion": "0.0.1", "kind": "dsse", "spec": {"proposedContent": {"envelope": "{\"payload\": \"eyJfdHlwZSI6Imh0dHBzOi8vaW4tdG90by5pby9TdGF0ZW1lbnQvdjEiLCJzdWJqZWN0IjpbeyJuYW1lIjoid29vZF9uYW5vLTAuMy4zLWNwMzEwLWNwMzEwLXdpbl9hbWQ2NC53aGwiLCJkaWdlc3QiOnsic2hhMjU2IjoiY2FhOGE0MTc4NjFkZTQ1MzAwYzI1ZGJhMjUyMTIwNWRlZDE5NjcyY2Y4YTExY2MyOWUzNjI3YzY4NzhiMGJkNCJ9fV0sInByZWRpY2F0ZVR5cGUiOiJodHRwczovL2RvY3MucHlwaS5vcmcvYXR0ZXN0YXRpb25zL3B1Ymxpc2gvdjEiLCJwcmVkaWNhdGUiOm51bGx9\", \"payloadType\": \"application/vnd.in-toto+json\", \"signatures\": [{\"sig\": \"MEQCIGSb8MVeS0ePY5sAg5WIbJnZgoEoUBLpqZRGj66yRCKkAiBe/lMlbgLiztUjiA0fPVzs+SNpApBZG8MWIfUn8l6kjw==\"}]}", "verifiers": ["LS0tLS1CRUdJTiBDRVJUSUZJQ0FURS0tLS0tCk1JSUc5ekNDQm4yZ0F3SUJBZ0lVQmlyeHhwR1ozOEZPWm1XdW4xTjQ1MnBTd09rd0NnWUlLb1pJemowRUF3TXcKTnpFVk1CTUdBMVVFQ2hNTWMybG5jM1J2Y21VdVpHVjJNUjR3SEFZRFZRUURFeFZ6YVdkemRHOXlaUzFwYm5SbApjbTFsWkdsaGRHVXdIaGNOTWpVeE1qSTRNRGt5TnpFNVdoY05NalV4TWpJNE1Ea3pOekU1V2pBQU1Ga3dFd1lICktvWkl6ajBDQVFZSUtvWkl6ajBEQVFjRFFnQUVndG1sb21TN1VuZ0l5eWdoTnJiN0g5OUk2aDdlNHJwQndxcUQKNURncER5OHV1ekJhTFQvOGcrM0d1ZVZMbzJxNjBMeUN5VUZjbXlPaTVEYk9nSGVaUWFPQ0Jad3dnZ1dZTUE0RwpBMVVkRHdFQi93UUVBd0lIZ0RBVEJnTlZIU1VFRERBS0JnZ3JCZ0VGQlFjREF6QWRCZ05WSFE0RUZnUVUreWdyCkk5Nk5Gd0Y4QVJHa050bVB2RCtNVndrd0h3WURWUjBqQkJnd0ZvQVUzOVBwejFZa0VaYjVxTmpwS0ZXaXhpNFkKWkQ4d2FRWURWUjBSQVFIL0JGOHdYWVpiYUhSMGNITTZMeTluYVhSb2RXSXVZMjl0TDNCbGRISmhjM1psYzNSaApjblJoY3k5M2IyOWtYMjVoYm04dkxtZHBkR2gxWWk5M2IzSnJabXh2ZDNNdmNtVnNaV0Z6WlM1NWJXeEFjbVZtCmN5OTBZV2R6TDNZd0xqTXVNekE1QmdvckJnRUVBWU8vTUFFQkJDdG9kSFJ3Y3pvdkwzUnZhMlZ1TG1GamRHbHYKYm5NdVoybDBhSFZpZFhObGNtTnZiblJsYm5RdVkyOXRNQklHQ2lzR0FRUUJnNzh3QVFJRUJIQjFjMmd3TmdZSwpLd1lCQkFHRHZ6QUJBd1FvWlRrd05XVm1PVFZrTVRObVpXUXpZbUpqWXpCbE9XUmpOV1JrTXpSaU9XVTJaV1poCk1UZ3lPVEFWQmdvckJnRUVBWU8vTUFFRUJBZFNaV3hsWVhObE1DY0dDaXNHQVFRQmc3OHdBUVVFR1hCbGRISmgKYzNabGMzUmhjblJoY3k5M2IyOWtYMjVoYm04d0hnWUtLd1lCQkFHRHZ6QUJCZ1FRY21WbWN5OTBZV2R6TDNZdwpMak11TXpBN0Jnb3JCZ0VFQVlPL01BRUlCQzBNSzJoMGRIQnpPaTh2ZEc5clpXNHVZV04wYVc5dWN5NW5hWFJvCmRXSjFjMlZ5WTI5dWRHVnVkQzVqYjIwd2F3WUtLd1lCQkFHRHZ6QUJDUVJkREZ0b2RIUndjem92TDJkcGRHaDEKWWk1amIyMHZjR1YwY21GemRtVnpkR0Z5ZEdGekwzZHZiMlJmYm1GdWJ5OHVaMmwwYUhWaUwzZHZjbXRtYkc5MwpjeTl5Wld4bFlYTmxMbmx0YkVCeVpXWnpMM1JoWjNNdmRqQXVNeTR6TURnR0Npc0dBUVFCZzc4d0FRb0VLZ3dvClpUa3dOV1ZtT1RWa01UTm1aV1F6WW1Kall6QmxPV1JqTldSa016UmlPV1UyWldaaE1UZ3lPVEFkQmdvckJnRUUKQVlPL01BRUxCQThNRFdkcGRHaDFZaTFvYjNOMFpXUXdQQVlLS3dZQkJBR0R2ekFCREFRdURDeG9kSFJ3Y3pvdgpMMmRwZEdoMVlpNWpiMjB2Y0dWMGNtRnpkbVZ6ZEdGeWRHRnpMM2R2YjJSZmJtRnViekE0QmdvckJnRUVBWU8vCk1BRU5CQ29NS0dVNU1EVmxaamsxWkRFelptVmtNMkppWTJNd1pUbGtZelZrWkRNMFlqbGxObVZtWVRFNE1qa3cKSUFZS0t3WUJCQUdEdnpBQkRnUVNEQkJ5WldaekwzUmhaM012ZGpBdU15NHpNQmtHQ2lzR0FRUUJnNzh3QVE4RQpDd3dKTnpnMk16Z3hOekV4TURJR0Npc0dBUVFCZzc4d0FSQUVKQXdpYUhSMGNITTZMeTluYVhSb2RXSXVZMjl0CkwzQmxkSEpoYzNabGMzUmhjblJoY3pBWUJnb3JCZ0VFQVlPL01BRVJCQW9NQ0RFNE1ERXpPVGcxTUdzR0Npc0cKQVFRQmc3OHdBUklFWFF4YmFIUjBjSE02THk5bmFYUm9kV0l1WTI5dEwzQmxkSEpoYzNabGMzUmhjblJoY3k5MwpiMjlrWDI1aGJtOHZMbWRwZEdoMVlpOTNiM0pyWm14dmQzTXZjbVZzWldGelpTNTViV3hBY21WbWN5OTBZV2R6CkwzWXdMak11TXpBNEJnb3JCZ0VFQVlPL01BRVRCQ29NS0dVNU1EVmxaamsxWkRFelptVmtNMkppWTJNd1pUbGsKWXpWa1pETTBZamxsTm1WbVlURTRNamt3RkFZS0t3WUJCQUdEdnpBQkZBUUdEQVJ3ZFhOb01HQUdDaXNHQVFRQgpnNzh3QVJVRVVneFFhSFIwY0hNNkx5OW5hWFJvZFdJdVkyOXRMM0JsZEhKaGMzWmxjM1JoY25SaGN5OTNiMjlrClgyNWhibTh2WVdOMGFXOXVjeTl5ZFc1ekx6SXdOVFV4TmpZek1Ua3lMMkYwZEdWdGNIUnpMekV3RmdZS0t3WUIKQkFHRHZ6QUJGZ1FJREFad2RXSnNhV013RkFZS0t3WUJCQUdEdnpBQkZ3UUdEQVJ3ZVhCcE1JR0xCZ29yQmdFRQpBZFo1QWdRQ0JIMEVld0I1QUhjQTNUMHdhc2JIRVRKakdSNGNtV2MzQXFKS1hyamVQSzMvaDRweWdDOHA3bzRBCkFBR2JaRWlmaHdBQUJBTUFTREJHQWlFQXNBRnorVldQSDNmcDZHOEU5QjdYUi9hSXJ6dytxQ2FYN252TkROemUKNGh3Q0lRRDhUSVRCanBqL2lNbU5IK3NSS3RhUlc3clBGVUdKeVhJbzRwOEc1UXdQSGpBS0JnZ3Foa2pPUFFRRApBd05vQURCbEFqRUFsZXFZZ2Z0d0FRZFcxWnBDT0dKYk50VDVKVjBYeS9CUHpzcUFIYVMyN1hiUFpPMUx2VSt1Cjd4SnB1SDZubFBLRkFqQjJMRktsVC82OGNYdlBTV0xHRDNXN3ZOYS9MS1lCeHNGNFVtVHRMT1VuTE8ybHlXbHYKZGNYckcveVEyWlV5YmM4PQotLS0tLUVORCBDRVJUSUZJQ0FURS0tLS0tCg=="]}, "signatures": null, "envelopeHash": null, "payloadHash": null}}
2025-12-28T09:27:22.9186683Z integrated: {'108e9186e8c5677a0de40ff99e396d36aa8ee74c45d6c37133981f82e26af50790efe5486ac7c542': {'body': 'eyJhcGlWZXJzaW9uIjoiMC4wLjEiLCJraW5kIjoiZHNzZSIsInNwZWMiOnsiZW52ZWxvcGVIYXNoIjp7ImFsZ29yaXRobSI6InNoYTI1NiIsInZhbHVlIjoiOTMwYjhhYWI3ZjZhYzY0OWNkNmI5NzQyYmNjZDE4NzUxOTY2MmFhYWQxNjM3YjM3OGVhNWZmZjc5Y2IwNjc4MSJ9LCJwYXlsb2FkSGFzaCI6eyJhbGdvcml0aG0iOiJzaGEyNTYiLCJ2YWx1ZSI6IjI3MTQ1NmQxMDg5M2U2NjY2YWMzMjljOTVhMmRjN2E0Yzg5N2Q3MzQxN2JjZWE3YzFkOWU4Y2M2ZGVlZGI1MzAifSwic2lnbmF0dXJlcyI6W3sic2lnbmF0dXJlIjoiTUVRQ0lHU2I4TVZlUzBlUFk1c0FnNVdJYkpuWmdvRW9VQkxwcVpSR2o2NnlSQ0trQWlCZS9sTWxiZ0xpenRVamlBMGZQVnpzK1NOcEFwQlpHOE1XSWZVbjhsNmtqdz09IiwidmVyaWZpZXIiOiJMUzB0TFMxQ1JVZEpUaUJEUlZKVVNVWkpRMEZVUlMwdExTMHRDazFKU1VjNWVrTkRRbTR5WjBGM1NVSkJaMGxWUW1seWVIaHdSMW96T0VaUFdtMVhkVzR4VGpRMU1uQlRkMDlyZDBObldVbExiMXBKZW1vd1JVRjNUWGNLVG5wRlZrMUNUVWRCTVZWRlEyaE5UV015Ykc1ak0xSjJZMjFWZFZwSFZqSk5ValIzU0VGWlJGWlJVVVJGZUZaNllWZGtlbVJIT1hsYVV6RndZbTVTYkFwamJURnNXa2RzYUdSSFZYZElhR05PVFdwVmVFMXFTVFJOUkd0NVRucEZOVmRvWTA1TmFsVjRUV3BKTkUxRWEzcE9la1UxVjJwQlFVMUdhM2RGZDFsSUNrdHZXa2w2YWpCRFFWRlpTVXR2V2tsNmFqQkVRVkZqUkZGblFVVm5kRzFzYjIxVE4xVnVaMGw1ZVdkb1RuSmlOMGc1T1VrMmFEZGxOSEp3UW5keGNVUUtOVVJuY0VSNU9IVjFla0poVEZRdk9HY3JNMGQxWlZaTWJ6SnhOakJNZVVONVZVWmpiWGxQYVRWRVlrOW5TR1ZhVVdGUFEwSmFkM2RuWjFkWlRVRTBSd3BCTVZWa1JIZEZRaTkzVVVWQmQwbElaMFJCVkVKblRsWklVMVZGUkVSQlMwSm5aM0pDWjBWR1FsRmpSRUY2UVdSQ1owNVdTRkUwUlVablVWVXJlV2R5Q2trNU5rNUdkMFk0UVZKSGEwNTBiVkIyUkN0TlZuZHJkMGgzV1VSV1VqQnFRa0puZDBadlFWVXpPVkJ3ZWpGWmEwVmFZalZ4VG1wd1MwWlhhWGhwTkZrS1drUTRkMkZSV1VSV1VqQlNRVkZJTDBKR09IZFlXVnBpWVVoU01HTklUVFpNZVRsdVlWaFNiMlJYU1hWWk1qbDBURE5DYkdSSVNtaGpNMXBzWXpOU2FBcGpibEpvWTNrNU0ySXlPV3RZTWpWb1ltMDRka3h0WkhCa1IyZ3hXV2s1TTJJelNuSmFiWGgyWkROTmRtTnRWbk5hVjBaNldsTTFOV0pYZUVGamJWWnRDbU41T1RCWlYyUjZURE5aZDB4cVRYVk5la0UxUW1kdmNrSm5SVVZCV1U4dlRVRkZRa0pEZEc5a1NGSjNZM3B2ZGt3elVuWmhNbFoxVEcxR2FtUkhiSFlLWW01TmRWb3liREJoU0ZacFpGaE9iR050VG5aaWJsSnNZbTVSZFZreU9YUk5Ra2xIUTJselIwRlJVVUpuTnpoM1FWRkpSVUpJUWpGak1tZDNUbWRaU3dwTGQxbENRa0ZIUkhaNlFVSkJkMUZ2V2xScmQwNVhWbTFQVkZaclRWUk9iVnBYVVhwWmJVcHFXWHBDYkU5WFVtcE9WMUpyVFhwU2FVOVhWVEphVjFwb0NrMVVaM2xQVkVGV1FtZHZja0puUlVWQldVOHZUVUZGUlVKQlpGTmFWM2hzV1ZoT2JFMURZMGREYVhOSFFWRlJRbWMzT0hkQlVWVkZSMWhDYkdSSVNtZ0tZek5hYkdNelVtaGpibEpvWTNrNU0ySXlPV3RZTWpWb1ltMDRkMGhuV1V0TGQxbENRa0ZIUkhaNlFVSkNaMUZSWTIxV2JXTjVPVEJaVjJSNlRETlpkd3BNYWsxMVRYcEJOMEpuYjNKQ1owVkZRVmxQTDAxQlJVbENRekJOU3pKb01HUklRbnBQYVRoMlpFYzVjbHBYTkhWWlYwNHdZVmM1ZFdONU5XNWhXRkp2Q21SWFNqRmpNbFo1V1RJNWRXUkhWblZrUXpWcVlqSXdkMkYzV1V0TGQxbENRa0ZIUkhaNlFVSkRVVkprUkVaMGIyUklVbmRqZW05MlRESmtjR1JIYURFS1dXazFhbUl5TUhaalIxWXdZMjFHZW1SdFZucGtSMFo1WkVkR2Vrd3paSFppTWxKbVltMUdkV0o1T0hWYU1td3dZVWhXYVV3elpIWmpiWFJ0WWtjNU13cGplVGw1V2xkNGJGbFlUbXhNYm14MFlrVkNlVnBYV25wTU0xSm9Xak5OZG1ScVFYVk5lVFI2VFVSblIwTnBjMGRCVVZGQ1p6YzRkMEZSYjBWTFozZHZDbHBVYTNkT1YxWnRUMVJXYTAxVVRtMWFWMUY2V1cxS2FsbDZRbXhQVjFKcVRsZFNhMDE2VW1sUFYxVXlXbGRhYUUxVVozbFBWRUZrUW1kdmNrSm5SVVVLUVZsUEwwMUJSVXhDUVRoTlJGZGtjR1JIYURGWmFURnZZak5PTUZwWFVYZFFRVmxMUzNkWlFrSkJSMFIyZWtGQ1JFRlJkVVJEZUc5a1NGSjNZM3B2ZGdwTU1tUndaRWRvTVZscE5XcGlNakIyWTBkV01HTnRSbnBrYlZaNlpFZEdlV1JIUm5wTU0yUjJZakpTWm1KdFJuVmlla0UwUW1kdmNrSm5SVVZCV1U4dkNrMUJSVTVDUTI5TlMwZFZOVTFFVm14YWFtc3hXa1JGZWxwdFZtdE5Na3BwV1RKTmQxcFViR3RaZWxacldrUk5NRmxxYkd4T2JWWnRXVlJGTkUxcWEzY0tTVUZaUzB0M1dVSkNRVWRFZG5wQlFrUm5VVk5FUWtKNVdsZGFla3d6VW1oYU0wMTJaR3BCZFUxNU5IcE5RbXRIUTJselIwRlJVVUpuTnpoM1FWRTRSUXBEZDNkS1RucG5NazE2WjNoT2VrVjRUVVJKUjBOcGMwZEJVVkZDWnpjNGQwRlNRVVZLUVhkcFlVaFNNR05JVFRaTWVUbHVZVmhTYjJSWFNYVlpNamwwQ2t3elFteGtTRXBvWXpOYWJHTXpVbWhqYmxKb1kzcEJXVUpuYjNKQ1owVkZRVmxQTDAxQlJWSkNRVzlOUTBSRk5FMUVSWHBQVkdjeFRVZHpSME5wYzBjS1FWRlJRbWMzT0hkQlVrbEZXRkY0WW1GSVVqQmpTRTAyVEhrNWJtRllVbTlrVjBsMVdUSTVkRXd6UW14a1NFcG9Zek5hYkdNelVtaGpibEpvWTNrNU13cGlNamxyV0RJMWFHSnRPSFpNYldSd1pFZG9NVmxwT1ROaU0wcHlXbTE0ZG1RelRYWmpiVlp6V2xkR2VscFROVFZpVjNoQlkyMVdiV041T1RCWlYyUjZDa3d6V1hkTWFrMTFUWHBCTkVKbmIzSkNaMFZGUVZsUEwwMUJSVlJDUTI5TlMwZFZOVTFFVm14YWFtc3hXa1JGZWxwdFZtdE5Na3BwV1RKTmQxcFViR3NLV1hwV2ExcEVUVEJaYW14c1RtMVdiVmxVUlRSTmFtdDNSa0ZaUzB0M1dVSkNRVWRFZG5wQlFrWkJVVWRFUVZKM1pGaE9iMDFIUVVkRGFYTkhRVkZSUWdwbk56aDNRVkpWUlZWbmVGRmhTRkl3WTBoTk5reDVPVzVoV0ZKdlpGZEpkVmt5T1hSTU0wSnNaRWhLYUdNeldteGpNMUpvWTI1U2FHTjVPVE5pTWpsckNsZ3lOV2hpYlRoMldWZE9NR0ZYT1hWamVUbDVaRmMxZWt4NlNYZE9WRlY0VG1wWmVrMVVhM2xNTWtZd1pFZFdkR05JVW5wTWVrVjNSbWRaUzB0M1dVSUtRa0ZIUkhaNlFVSkdaMUZKUkVGYWQyUlhTbk5oVjAxM1JrRlpTMHQzV1VKQ1FVZEVkbnBCUWtaM1VVZEVRVkozWlZoQ2NFMUpSMHhDWjI5eVFtZEZSUXBCWkZvMVFXZFJRMEpJTUVWbGQwSTFRVWhqUVROVU1IZGhjMkpJUlZSS2FrZFNOR050VjJNelFYRktTMWh5YW1WUVN6TXZhRFJ3ZVdkRE9IQTNielJCQ2tGQlIySmFSV2xtYUhkQlFVSkJUVUZUUkVKSFFXbEZRWE5CUm5vclZsZFFTRE5tY0RaSE9FVTVRamRZVWk5aFNYSjZkeXR4UTJGWU4yNTJUa1JPZW1VS05HaDNRMGxSUkRoVVNWUkNhbkJxTDJsTmJVNUlLM05TUzNSaFVsYzNjbEJHVlVkS2VWaEpielJ3T0VjMVVYZFFTR3BCUzBKblozRm9hMnBQVUZGUlJBcEJkMDV2UVVSQ2JFRnFSVUZzWlhGWloyWjBkMEZSWkZjeFduQkRUMGRLWWs1MFZEVktWakJZZVM5Q1VIcHpjVUZJWVZNeU4xaGlVRnBQTVV4MlZTdDFDamQ0U25CMVNEWnViRkJMUmtGcVFqSk1Sa3RzVkM4Mk9HTllkbEJUVjB4SFJETlhOM1pPWVM5TVMxbENlSE5HTkZWdFZIUk1UMVZ1VEU4eWJIbFhiSFlLWkdOWWNrY3ZlVkV5V2xWNVltTTRQUW90TFMwdExVVk9SQ0JEUlZKVVNVWkpRMEZVUlMwdExTMHRDZz09In1dfX0=', 'integratedTime': 1766914042, 'logID': 'c0d23d6ad406973f9559f3ba2d1ca01f84147d8ffc5b8445c224f98b9591801d', 'logIndex': 780720619, 'verification': {'inclusionProof': {'checkpoint': 'rekor.sigstore.dev - 1193050959916656506\n658816358\nQw47/Orw0ZHbqEuZS4Czt8O33PnENdSn0k/GrNOyHwA=\n\n— rekor.sigstore.dev wNI9ajBFAiEA7KHNwPbl68TdreS+srvz9KaskSkYPneJg2x264J5QIMCIFxclfU4wkOC8mffjYcD6IlX0Vg6ua8T8ENYbyFGY/kc\n', 'hashes': ['36ebc4857640f06a2e204fdd0d249049756159103539da7fae14df42cf81f551', 'e2a597f6e5edf3d9b5db1dd99af52e8e5aa7ce17dc9db6a4ef059c5ca7be106f', '4478bb83752d62a89b71e7e64c7af11383eaa9ae02108662df0e866c62da6154', '9d1c7154d1036550d3d43ef4697db75136ccd3c1bf9595b3db35b75f130c4bd6', 'f50493dbc0ad96333b6eb90ced3388eb058d26863ff4649ddfdd29b748ebc752', 'e75b9cf267d98d0de2085151bea791bcd2cd96681186908bcb3bfff448707fc0', 'c022e710ba18142e87fa06d6768ed4737631aff3eba0585eaeac63d885ea1553', '4f34b2fafdc154dce8a8af76138c0f2d8b5a30f1421b25eba216743c9c4d9422', '0ded781a98b92cc48690b35b3440d2605b51821ab786d6afe54d25bda8c9db50', '53da579c09be9fda11f450e4119f2c554593a5d7af1c8388cdc6839a8df28e4f', '4337dd8cdc86a768eae779a378d22a47d02ee919a2430ed1704a9641e598306f', 'df9138e7262fd4d912b223b3931dbdb10aea00eba1dda60b171d9066e3cf10f3', 'cfbba0a0230e6f1b5481a31253b9ca76258578880a7c83047591c76a1e0d0dba', '5fabe4c73d29a312b60c8951babffb2db11dcf78835e3e5063f80b93f7b05e30', '6665246241c1cb507bdb726b12088abdea5374762b3facb66b8a0e0d8be2e556', '4f80ea583e36840b4dfaf5fc8ca096aa80b899e13825e908f4bc5818270fcb53'], 'logIndex': 658816357, 'rootHash': '430e3bfceaf0d191dba84b994b80b3b7c3b7dcf9c435d4a7d24fc6acd3b21f00', 'treeSize': 658816358}, 'signedEntryTimestamp': 'MEQCIEZQHY4eFCSklezBok4aHcpdRLSS5TDTQqUwa7OBr0HkAiAjE6tqAqlNsNunBtwmCRs4LSyFDpnoKXugsarZ/eozrQ=='}}}
2025-12-28T09:27:22.9385144Z Transparency log entry created with index: 780720619
2025-12-28T09:27:22.9387318Z DSSE PAE: b'DSSEv1 28 application/vnd.in-toto+json 284 {"_type":"https://in-toto.io/Statement/v1","subject":[{"name":"wood_nano-0.3.3-cp311-cp311-macosx_11_0_arm64.whl","digest":{"sha256":"c8003df6e31a1a4ab09f9ef9d807319e80c820ccf40c1d7a9892da9923aa87c8"}}],"predicateType":"https://docs.pypi.org/attestations/publish/v1","predicate":null}'
2025-12-28T09:27:22.9478874Z proposed: {"apiVersion": "0.0.1", "kind": "dsse", "spec": {"proposedContent": {"envelope": "{\"payload\": \"eyJfdHlwZSI6Imh0dHBzOi8vaW4tdG90by5pby9TdGF0ZW1lbnQvdjEiLCJzdWJqZWN0IjpbeyJuYW1lIjoid29vZF9uYW5vLTAuMy4zLWNwMzExLWNwMzExLW1hY29zeF8xMV8wX2FybTY0LndobCIsImRpZ2VzdCI6eyJzaGEyNTYiOiJjODAwM2RmNmUzMWExYTRhYjA5ZjllZjlkODA3MzE5ZTgwYzgyMGNjZjQwYzFkN2E5ODkyZGE5OTIzYWE4N2M4In19XSwicHJlZGljYXRlVHlwZSI6Imh0dHBzOi8vZG9jcy5weXBpLm9yZy9hdHRlc3RhdGlvbnMvcHVibGlzaC92MSIsInByZWRpY2F0ZSI6bnVsbH0=\", \"payloadType\": \"application/vnd.in-toto+json\", \"signatures\": [{\"sig\": \"MEUCIQCE/64/Xvfr6Qng5m7xO6OP2v2gVFrs0tC1eOS+dpp5lwIgXSI9TW7by5C4OrpT8/W0dMyA3WW2XtoxJn4wXwwaWg8=\"}]}", "verifiers": ["LS0tLS1CRUdJTiBDRVJUSUZJQ0FURS0tLS0tCk1JSUc5ekNDQm4yZ0F3SUJBZ0lVQmlyeHhwR1ozOEZPWm1XdW4xTjQ1MnBTd09rd0NnWUlLb1pJemowRUF3TXcKTnpFVk1CTUdBMVVFQ2hNTWMybG5jM1J2Y21VdVpHVjJNUjR3SEFZRFZRUURFeFZ6YVdkemRHOXlaUzFwYm5SbApjbTFsWkdsaGRHVXdIaGNOTWpVeE1qSTRNRGt5TnpFNVdoY05NalV4TWpJNE1Ea3pOekU1V2pBQU1Ga3dFd1lICktvWkl6ajBDQVFZSUtvWkl6ajBEQVFjRFFnQUVndG1sb21TN1VuZ0l5eWdoTnJiN0g5OUk2aDdlNHJwQndxcUQKNURncER5OHV1ekJhTFQvOGcrM0d1ZVZMbzJxNjBMeUN5VUZjbXlPaTVEYk9nSGVaUWFPQ0Jad3dnZ1dZTUE0RwpBMVVkRHdFQi93UUVBd0lIZ0RBVEJnTlZIU1VFRERBS0JnZ3JCZ0VGQlFjREF6QWRCZ05WSFE0RUZnUVUreWdyCkk5Nk5Gd0Y4QVJHa050bVB2RCtNVndrd0h3WURWUjBqQkJnd0ZvQVUzOVBwejFZa0VaYjVxTmpwS0ZXaXhpNFkKWkQ4d2FRWURWUjBSQVFIL0JGOHdYWVpiYUhSMGNITTZMeTluYVhSb2RXSXVZMjl0TDNCbGRISmhjM1psYzNSaApjblJoY3k5M2IyOWtYMjVoYm04dkxtZHBkR2gxWWk5M2IzSnJabXh2ZDNNdmNtVnNaV0Z6WlM1NWJXeEFjbVZtCmN5OTBZV2R6TDNZd0xqTXVNekE1QmdvckJnRUVBWU8vTUFFQkJDdG9kSFJ3Y3pvdkwzUnZhMlZ1TG1GamRHbHYKYm5NdVoybDBhSFZpZFhObGNtTnZiblJsYm5RdVkyOXRNQklHQ2lzR0FRUUJnNzh3QVFJRUJIQjFjMmd3TmdZSwpLd1lCQkFHRHZ6QUJBd1FvWlRrd05XVm1PVFZrTVRObVpXUXpZbUpqWXpCbE9XUmpOV1JrTXpSaU9XVTJaV1poCk1UZ3lPVEFWQmdvckJnRUVBWU8vTUFFRUJBZFNaV3hsWVhObE1DY0dDaXNHQVFRQmc3OHdBUVVFR1hCbGRISmgKYzNabGMzUmhjblJoY3k5M2IyOWtYMjVoYm04d0hnWUtLd1lCQkFHRHZ6QUJCZ1FRY21WbWN5OTBZV2R6TDNZdwpMak11TXpBN0Jnb3JCZ0VFQVlPL01BRUlCQzBNSzJoMGRIQnpPaTh2ZEc5clpXNHVZV04wYVc5dWN5NW5hWFJvCmRXSjFjMlZ5WTI5dWRHVnVkQzVqYjIwd2F3WUtLd1lCQkFHRHZ6QUJDUVJkREZ0b2RIUndjem92TDJkcGRHaDEKWWk1amIyMHZjR1YwY21GemRtVnpkR0Z5ZEdGekwzZHZiMlJmYm1GdWJ5OHVaMmwwYUhWaUwzZHZjbXRtYkc5MwpjeTl5Wld4bFlYTmxMbmx0YkVCeVpXWnpMM1JoWjNNdmRqQXVNeTR6TURnR0Npc0dBUVFCZzc4d0FRb0VLZ3dvClpUa3dOV1ZtT1RWa01UTm1aV1F6WW1Kall6QmxPV1JqTldSa016UmlPV1UyWldaaE1UZ3lPVEFkQmdvckJnRUUKQVlPL01BRUxCQThNRFdkcGRHaDFZaTFvYjNOMFpXUXdQQVlLS3dZQkJBR0R2ekFCREFRdURDeG9kSFJ3Y3pvdgpMMmRwZEdoMVlpNWpiMjB2Y0dWMGNtRnpkbVZ6ZEdGeWRHRnpMM2R2YjJSZmJtRnViekE0QmdvckJnRUVBWU8vCk1BRU5CQ29NS0dVNU1EVmxaamsxWkRFelptVmtNMkppWTJNd1pUbGtZelZrWkRNMFlqbGxObVZtWVRFNE1qa3cKSUFZS0t3WUJCQUdEdnpBQkRnUVNEQkJ5WldaekwzUmhaM012ZGpBdU15NHpNQmtHQ2lzR0FRUUJnNzh3QVE4RQpDd3dKTnpnMk16Z3hOekV4TURJR0Npc0dBUVFCZzc4d0FSQUVKQXdpYUhSMGNITTZMeTluYVhSb2RXSXVZMjl0CkwzQmxkSEpoYzNabGMzUmhjblJoY3pBWUJnb3JCZ0VFQVlPL01BRVJCQW9NQ0RFNE1ERXpPVGcxTUdzR0Npc0cKQVFRQmc3OHdBUklFWFF4YmFIUjBjSE02THk5bmFYUm9kV0l1WTI5dEwzQmxkSEpoYzNabGMzUmhjblJoY3k5MwpiMjlrWDI1aGJtOHZMbWRwZEdoMVlpOTNiM0pyWm14dmQzTXZjbVZzWldGelpTNTViV3hBY21WbWN5OTBZV2R6CkwzWXdMak11TXpBNEJnb3JCZ0VFQVlPL01BRVRCQ29NS0dVNU1EVmxaamsxWkRFelptVmtNMkppWTJNd1pUbGsKWXpWa1pETTBZamxsTm1WbVlURTRNamt3RkFZS0t3WUJCQUdEdnpBQkZBUUdEQVJ3ZFhOb01HQUdDaXNHQVFRQgpnNzh3QVJVRVVneFFhSFIwY0hNNkx5OW5hWFJvZFdJdVkyOXRMM0JsZEhKaGMzWmxjM1JoY25SaGN5OTNiMjlrClgyNWhibTh2WVdOMGFXOXVjeTl5ZFc1ekx6SXdOVFV4TmpZek1Ua3lMMkYwZEdWdGNIUnpMekV3RmdZS0t3WUIKQkFHRHZ6QUJGZ1FJREFad2RXSnNhV013RkFZS0t3WUJCQUdEdnpBQkZ3UUdEQVJ3ZVhCcE1JR0xCZ29yQmdFRQpBZFo1QWdRQ0JIMEVld0I1QUhjQTNUMHdhc2JIRVRKakdSNGNtV2MzQXFKS1hyamVQSzMvaDRweWdDOHA3bzRBCkFBR2JaRWlmaHdBQUJBTUFTREJHQWlFQXNBRnorVldQSDNmcDZHOEU5QjdYUi9hSXJ6dytxQ2FYN252TkROemUKNGh3Q0lRRDhUSVRCanBqL2lNbU5IK3NSS3RhUlc3clBGVUdKeVhJbzRwOEc1UXdQSGpBS0JnZ3Foa2pPUFFRRApBd05vQURCbEFqRUFsZXFZZ2Z0d0FRZFcxWnBDT0dKYk50VDVKVjBYeS9CUHpzcUFIYVMyN1hiUFpPMUx2VSt1Cjd4SnB1SDZubFBLRkFqQjJMRktsVC82OGNYdlBTV0xHRDNXN3ZOYS9MS1lCeHNGNFVtVHRMT1VuTE8ybHlXbHYKZGNYckcveVEyWlV5YmM4PQotLS0tLUVORCBDRVJUSUZJQ0FURS0tLS0tCg=="]}, "signatures": null, "envelopeHash": null, "payloadHash": null}}
2025-12-28T09:27:23.2477486Z integrated: {'108e9186e8c5677a74779298637d57d61edc9115bd93637e498ee3db102e720f7aefc7702ea6f32c': {'body': 'eyJhcGlWZXJzaW9uIjoiMC4wLjEiLCJraW5kIjoiZHNzZSIsInNwZWMiOnsiZW52ZWxvcGVIYXNoIjp7ImFsZ29yaXRobSI6InNoYTI1NiIsInZhbHVlIjoiZTNkMDI3YmYwZTIxNWY3YWQ3ZWZmZGM4MTc2ZWNiM2NiYjExYTA4ODE4Y2U3ZmY0NDU5OWE0NzU5MzZjODE1MiJ9LCJwYXlsb2FkSGFzaCI6eyJhbGdvcml0aG0iOiJzaGEyNTYiLCJ2YWx1ZSI6ImRlMDc5YmJlNTlmMzQwNzdhMWYwNjIxZDQzODk4OGE3M2QzMGU1NmFiYjA2MzRlYzlkOGFlNmFiYmFjOTc1YjUifSwic2lnbmF0dXJlcyI6W3sic2lnbmF0dXJlIjoiTUVVQ0lRQ0UvNjQvWHZmcjZRbmc1bTd4TzZPUDJ2MmdWRnJzMHRDMWVPUytkcHA1bHdJZ1hTSTlUVzdieTVDNE9ycFQ4L1cwZE15QTNXVzJYdG94Sm40d1h3d2FXZzg9IiwidmVyaWZpZXIiOiJMUzB0TFMxQ1JVZEpUaUJEUlZKVVNVWkpRMEZVUlMwdExTMHRDazFKU1VjNWVrTkRRbTR5WjBGM1NVSkJaMGxWUW1seWVIaHdSMW96T0VaUFdtMVhkVzR4VGpRMU1uQlRkMDlyZDBObldVbExiMXBKZW1vd1JVRjNUWGNLVG5wRlZrMUNUVWRCTVZWRlEyaE5UV015Ykc1ak0xSjJZMjFWZFZwSFZqSk5ValIzU0VGWlJGWlJVVVJGZUZaNllWZGtlbVJIT1hsYVV6RndZbTVTYkFwamJURnNXa2RzYUdSSFZYZElhR05PVFdwVmVFMXFTVFJOUkd0NVRucEZOVmRvWTA1TmFsVjRUV3BKTkUxRWEzcE9la1UxVjJwQlFVMUdhM2RGZDFsSUNrdHZXa2w2YWpCRFFWRlpTVXR2V2tsNmFqQkVRVkZqUkZGblFVVm5kRzFzYjIxVE4xVnVaMGw1ZVdkb1RuSmlOMGc1T1VrMmFEZGxOSEp3UW5keGNVUUtOVVJuY0VSNU9IVjFla0poVEZRdk9HY3JNMGQxWlZaTWJ6SnhOakJNZVVONVZVWmpiWGxQYVRWRVlrOW5TR1ZhVVdGUFEwSmFkM2RuWjFkWlRVRTBSd3BCTVZWa1JIZEZRaTkzVVVWQmQwbElaMFJCVkVKblRsWklVMVZGUkVSQlMwSm5aM0pDWjBWR1FsRmpSRUY2UVdSQ1owNVdTRkUwUlVablVWVXJlV2R5Q2trNU5rNUdkMFk0UVZKSGEwNTBiVkIyUkN0TlZuZHJkMGgzV1VSV1VqQnFRa0puZDBadlFWVXpPVkJ3ZWpGWmEwVmFZalZ4VG1wd1MwWlhhWGhwTkZrS1drUTRkMkZSV1VSV1VqQlNRVkZJTDBKR09IZFlXVnBpWVVoU01HTklUVFpNZVRsdVlWaFNiMlJYU1hWWk1qbDBURE5DYkdSSVNtaGpNMXBzWXpOU2FBcGpibEpvWTNrNU0ySXlPV3RZTWpWb1ltMDRka3h0WkhCa1IyZ3hXV2s1TTJJelNuSmFiWGgyWkROTmRtTnRWbk5hVjBaNldsTTFOV0pYZUVGamJWWnRDbU41T1RCWlYyUjZURE5aZDB4cVRYVk5la0UxUW1kdmNrSm5SVVZCV1U4dlRVRkZRa0pEZEc5a1NGSjNZM3B2ZGt3elVuWmhNbFoxVEcxR2FtUkhiSFlLWW01TmRWb3liREJoU0ZacFpGaE9iR050VG5aaWJsSnNZbTVSZFZreU9YUk5Ra2xIUTJselIwRlJVVUpuTnpoM1FWRkpSVUpJUWpGak1tZDNUbWRaU3dwTGQxbENRa0ZIUkhaNlFVSkJkMUZ2V2xScmQwNVhWbTFQVkZaclRWUk9iVnBYVVhwWmJVcHFXWHBDYkU5WFVtcE9WMUpyVFhwU2FVOVhWVEphVjFwb0NrMVVaM2xQVkVGV1FtZHZja0puUlVWQldVOHZUVUZGUlVKQlpGTmFWM2hzV1ZoT2JFMURZMGREYVhOSFFWRlJRbWMzT0hkQlVWVkZSMWhDYkdSSVNtZ0tZek5hYkdNelVtaGpibEpvWTNrNU0ySXlPV3RZTWpWb1ltMDRkMGhuV1V0TGQxbENRa0ZIUkhaNlFVSkNaMUZSWTIxV2JXTjVPVEJaVjJSNlRETlpkd3BNYWsxMVRYcEJOMEpuYjNKQ1owVkZRVmxQTDAxQlJVbENRekJOU3pKb01HUklRbnBQYVRoMlpFYzVjbHBYTkhWWlYwNHdZVmM1ZFdONU5XNWhXRkp2Q21SWFNqRmpNbFo1V1RJNWRXUkhWblZrUXpWcVlqSXdkMkYzV1V0TGQxbENRa0ZIUkhaNlFVSkRVVkprUkVaMGIyUklVbmRqZW05MlRESmtjR1JIYURFS1dXazFhbUl5TUhaalIxWXdZMjFHZW1SdFZucGtSMFo1WkVkR2Vrd3paSFppTWxKbVltMUdkV0o1T0hWYU1td3dZVWhXYVV3elpIWmpiWFJ0WWtjNU13cGplVGw1V2xkNGJGbFlUbXhNYm14MFlrVkNlVnBYV25wTU0xSm9Xak5OZG1ScVFYVk5lVFI2VFVSblIwTnBjMGRCVVZGQ1p6YzRkMEZSYjBWTFozZHZDbHBVYTNkT1YxWnRUMVJXYTAxVVRtMWFWMUY2V1cxS2FsbDZRbXhQVjFKcVRsZFNhMDE2VW1sUFYxVXlXbGRhYUUxVVozbFBWRUZrUW1kdmNrSm5SVVVLUVZsUEwwMUJSVXhDUVRoTlJGZGtjR1JIYURGWmFURnZZak5PTUZwWFVYZFFRVmxMUzNkWlFrSkJSMFIyZWtGQ1JFRlJkVVJEZUc5a1NGSjNZM3B2ZGdwTU1tUndaRWRvTVZscE5XcGlNakIyWTBkV01HTnRSbnBrYlZaNlpFZEdlV1JIUm5wTU0yUjJZakpTWm1KdFJuVmlla0UwUW1kdmNrSm5SVVZCV1U4dkNrMUJSVTVDUTI5TlMwZFZOVTFFVm14YWFtc3hXa1JGZWxwdFZtdE5Na3BwV1RKTmQxcFViR3RaZWxacldrUk5NRmxxYkd4T2JWWnRXVlJGTkUxcWEzY0tTVUZaUzB0M1dVSkNRVWRFZG5wQlFrUm5VVk5FUWtKNVdsZGFla3d6VW1oYU0wMTJaR3BCZFUxNU5IcE5RbXRIUTJselIwRlJVVUpuTnpoM1FWRTRSUXBEZDNkS1RucG5NazE2WjNoT2VrVjRUVVJKUjBOcGMwZEJVVkZDWnpjNGQwRlNRVVZLUVhkcFlVaFNNR05JVFRaTWVUbHVZVmhTYjJSWFNYVlpNamwwQ2t3elFteGtTRXBvWXpOYWJHTXpVbWhqYmxKb1kzcEJXVUpuYjNKQ1owVkZRVmxQTDAxQlJWSkNRVzlOUTBSRk5FMUVSWHBQVkdjeFRVZHpSME5wYzBjS1FWRlJRbWMzT0hkQlVrbEZXRkY0WW1GSVVqQmpTRTAyVEhrNWJtRllVbTlrVjBsMVdUSTVkRXd6UW14a1NFcG9Zek5hYkdNelVtaGpibEpvWTNrNU13cGlNamxyV0RJMWFHSnRPSFpNYldSd1pFZG9NVmxwT1ROaU0wcHlXbTE0ZG1RelRYWmpiVlp6V2xkR2VscFROVFZpVjNoQlkyMVdiV041T1RCWlYyUjZDa3d6V1hkTWFrMTFUWHBCTkVKbmIzSkNaMFZGUVZsUEwwMUJSVlJDUTI5TlMwZFZOVTFFVm14YWFtc3hXa1JGZWxwdFZtdE5Na3BwV1RKTmQxcFViR3NLV1hwV2ExcEVUVEJaYW14c1RtMVdiVmxVUlRSTmFtdDNSa0ZaUzB0M1dVSkNRVWRFZG5wQlFrWkJVVWRFUVZKM1pGaE9iMDFIUVVkRGFYTkhRVkZSUWdwbk56aDNRVkpWUlZWbmVGRmhTRkl3WTBoTk5reDVPVzVoV0ZKdlpGZEpkVmt5T1hSTU0wSnNaRWhLYUdNeldteGpNMUpvWTI1U2FHTjVPVE5pTWpsckNsZ3lOV2hpYlRoMldWZE9NR0ZYT1hWamVUbDVaRmMxZWt4NlNYZE9WRlY0VG1wWmVrMVVhM2xNTWtZd1pFZFdkR05JVW5wTWVrVjNSbWRaUzB0M1dVSUtRa0ZIUkhaNlFVSkdaMUZKUkVGYWQyUlhTbk5oVjAxM1JrRlpTMHQzV1VKQ1FVZEVkbnBCUWtaM1VVZEVRVkozWlZoQ2NFMUpSMHhDWjI5eVFtZEZSUXBCWkZvMVFXZFJRMEpJTUVWbGQwSTFRVWhqUVROVU1IZGhjMkpJUlZSS2FrZFNOR050VjJNelFYRktTMWh5YW1WUVN6TXZhRFJ3ZVdkRE9IQTNielJCQ2tGQlIySmFSV2xtYUhkQlFVSkJUVUZUUkVKSFFXbEZRWE5CUm5vclZsZFFTRE5tY0RaSE9FVTVRamRZVWk5aFNYSjZkeXR4UTJGWU4yNTJUa1JPZW1VS05HaDNRMGxSUkRoVVNWUkNhbkJxTDJsTmJVNUlLM05TUzNSaFVsYzNjbEJHVlVkS2VWaEpielJ3T0VjMVVYZFFTR3BCUzBKblozRm9hMnBQVUZGUlJBcEJkMDV2UVVSQ2JFRnFSVUZzWlhGWloyWjBkMEZSWkZjeFduQkRUMGRLWWs1MFZEVktWakJZZVM5Q1VIcHpjVUZJWVZNeU4xaGlVRnBQTVV4MlZTdDFDamQ0U25CMVNEWnViRkJMUmtGcVFqSk1Sa3RzVkM4Mk9HTllkbEJUVjB4SFJETlhOM1pPWVM5TVMxbENlSE5HTkZWdFZIUk1UMVZ1VEU4eWJIbFhiSFlLWkdOWWNrY3ZlVkV5V2xWNVltTTRQUW90TFMwdExVVk9SQ0JEUlZKVVNVWkpRMEZVUlMwdExTMHRDZz09In1dfX0=', 'integratedTime': 1766914043, 'logID': 'c0d23d6ad406973f9559f3ba2d1ca01f84147d8ffc5b8445c224f98b9591801d', 'logIndex': 780720620, 'verification': {'inclusionProof': {'checkpoint': 'rekor.sigstore.dev - 1193050959916656506\n658816359\nRwonto6oUqr7+XcpNJOWvV+0isSbDWR609aD2Yal4rY=\n\n— rekor.sigstore.dev wNI9ajBEAiAIcng7eJv4WafSnYAdaW0mnGaT80a7xGHNWzKZdyYm6AIgWF5O7EwR+J2W65VPzr8oyC8ss288wAmyoSuf4pDzzvo=\n', 'hashes': ['346fdf8f9a77a61333e6548288f522d915e862be8247036d44045e4612e64f66', 'e2a597f6e5edf3d9b5db1dd99af52e8e5aa7ce17dc9db6a4ef059c5ca7be106f', '4478bb83752d62a89b71e7e64c7af11383eaa9ae02108662df0e866c62da6154', '9d1c7154d1036550d3d43ef4697db75136ccd3c1bf9595b3db35b75f130c4bd6', 'f50493dbc0ad96333b6eb90ced3388eb058d26863ff4649ddfdd29b748ebc752', 'e75b9cf267d98d0de2085151bea791bcd2cd96681186908bcb3bfff448707fc0', 'c022e710ba18142e87fa06d6768ed4737631aff3eba0585eaeac63d885ea1553', '4f34b2fafdc154dce8a8af76138c0f2d8b5a30f1421b25eba216743c9c4d9422', '0ded781a98b92cc48690b35b3440d2605b51821ab786d6afe54d25bda8c9db50', '53da579c09be9fda11f450e4119f2c554593a5d7af1c8388cdc6839a8df28e4f', '4337dd8cdc86a768eae779a378d22a47d02ee919a2430ed1704a9641e598306f', 'df9138e7262fd4d912b223b3931dbdb10aea00eba1dda60b171d9066e3cf10f3', 'cfbba0a0230e6f1b5481a31253b9ca76258578880a7c83047591c76a1e0d0dba', '5fabe4c73d29a312b60c8951babffb2db11dcf78835e3e5063f80b93f7b05e30', '6665246241c1cb507bdb726b12088abdea5374762b3facb66b8a0e0d8be2e556', '4f80ea583e36840b4dfaf5fc8ca096aa80b899e13825e908f4bc5818270fcb53'], 'logIndex': 658816358, 'rootHash': '470a27b68ea852aafbf97729349396bd5fb48ac49b0d647ad3d683d986a5e2b6', 'treeSize': 658816359}, 'signedEntryTimestamp': 'MEYCIQC/VZsg0icXr83VRT/ZpMphgR/GZWwpdYHMMa6+rKo0DgIhAK8RdPRwytzSwT1CnZzzfI0+7E4HpWp1nyiM654Ve8bf'}}}
2025-12-28T09:27:23.2676443Z Transparency log entry created with index: 780720620
2025-12-28T09:27:23.2678038Z DSSE PAE: b'DSSEv1 28 application/vnd.in-toto+json 276 {"_type":"https://in-toto.io/Statement/v1","subject":[{"name":"wood_nano-0.3.3-cp311-cp311-win_amd64.whl","digest":{"sha256":"7052a2a574d56dbe797ae41afe57d731eec8cc4101d5e28f22d14d44dfe4c0fb"}}],"predicateType":"https://docs.pypi.org/attestations/publish/v1","predicate":null}'
2025-12-28T09:27:23.2769829Z proposed: {"apiVersion": "0.0.1", "kind": "dsse", "spec": {"proposedContent": {"envelope": "{\"payload\": \"eyJfdHlwZSI6Imh0dHBzOi8vaW4tdG90by5pby9TdGF0ZW1lbnQvdjEiLCJzdWJqZWN0IjpbeyJuYW1lIjoid29vZF9uYW5vLTAuMy4zLWNwMzExLWNwMzExLXdpbl9hbWQ2NC53aGwiLCJkaWdlc3QiOnsic2hhMjU2IjoiNzA1MmEyYTU3NGQ1NmRiZTc5N2FlNDFhZmU1N2Q3MzFlZWM4Y2M0MTAxZDVlMjhmMjJkMTRkNDRkZmU0YzBmYiJ9fV0sInByZWRpY2F0ZVR5cGUiOiJodHRwczovL2RvY3MucHlwaS5vcmcvYXR0ZXN0YXRpb25zL3B1Ymxpc2gvdjEiLCJwcmVkaWNhdGUiOm51bGx9\", \"payloadType\": \"application/vnd.in-toto+json\", \"signatures\": [{\"sig\": \"MEQCIEIbUIB6/roUguSp9/CKGXaNf+nhMGeKQz1bFB/4TaQRAiBCue5MbZelB895VHV13S47C3mzgxIDWkC/fSHe+CTxQQ==\"}]}", "verifiers": ["LS0tLS1CRUdJTiBDRVJUSUZJQ0FURS0tLS0tCk1JSUc5ekNDQm4yZ0F3SUJBZ0lVQmlyeHhwR1ozOEZPWm1XdW4xTjQ1MnBTd09rd0NnWUlLb1pJemowRUF3TXcKTnpFVk1CTUdBMVVFQ2hNTWMybG5jM1J2Y21VdVpHVjJNUjR3SEFZRFZRUURFeFZ6YVdkemRHOXlaUzFwYm5SbApjbTFsWkdsaGRHVXdIaGNOTWpVeE1qSTRNRGt5TnpFNVdoY05NalV4TWpJNE1Ea3pOekU1V2pBQU1Ga3dFd1lICktvWkl6ajBDQVFZSUtvWkl6ajBEQVFjRFFnQUVndG1sb21TN1VuZ0l5eWdoTnJiN0g5OUk2aDdlNHJwQndxcUQKNURncER5OHV1ekJhTFQvOGcrM0d1ZVZMbzJxNjBMeUN5VUZjbXlPaTVEYk9nSGVaUWFPQ0Jad3dnZ1dZTUE0RwpBMVVkRHdFQi93UUVBd0lIZ0RBVEJnTlZIU1VFRERBS0JnZ3JCZ0VGQlFjREF6QWRCZ05WSFE0RUZnUVUreWdyCkk5Nk5Gd0Y4QVJHa050bVB2RCtNVndrd0h3WURWUjBqQkJnd0ZvQVUzOVBwejFZa0VaYjVxTmpwS0ZXaXhpNFkKWkQ4d2FRWURWUjBSQVFIL0JGOHdYWVpiYUhSMGNITTZMeTluYVhSb2RXSXVZMjl0TDNCbGRISmhjM1psYzNSaApjblJoY3k5M2IyOWtYMjVoYm04dkxtZHBkR2gxWWk5M2IzSnJabXh2ZDNNdmNtVnNaV0Z6WlM1NWJXeEFjbVZtCmN5OTBZV2R6TDNZd0xqTXVNekE1QmdvckJnRUVBWU8vTUFFQkJDdG9kSFJ3Y3pvdkwzUnZhMlZ1TG1GamRHbHYKYm5NdVoybDBhSFZpZFhObGNtTnZiblJsYm5RdVkyOXRNQklHQ2lzR0FRUUJnNzh3QVFJRUJIQjFjMmd3TmdZSwpLd1lCQkFHRHZ6QUJBd1FvWlRrd05XVm1PVFZrTVRObVpXUXpZbUpqWXpCbE9XUmpOV1JrTXpSaU9XVTJaV1poCk1UZ3lPVEFWQmdvckJnRUVBWU8vTUFFRUJBZFNaV3hsWVhObE1DY0dDaXNHQVFRQmc3OHdBUVVFR1hCbGRISmgKYzNabGMzUmhjblJoY3k5M2IyOWtYMjVoYm04d0hnWUtLd1lCQkFHRHZ6QUJCZ1FRY21WbWN5OTBZV2R6TDNZdwpMak11TXpBN0Jnb3JCZ0VFQVlPL01BRUlCQzBNSzJoMGRIQnpPaTh2ZEc5clpXNHVZV04wYVc5dWN5NW5hWFJvCmRXSjFjMlZ5WTI5dWRHVnVkQzVqYjIwd2F3WUtLd1lCQkFHRHZ6QUJDUVJkREZ0b2RIUndjem92TDJkcGRHaDEKWWk1amIyMHZjR1YwY21GemRtVnpkR0Z5ZEdGekwzZHZiMlJmYm1GdWJ5OHVaMmwwYUhWaUwzZHZjbXRtYkc5MwpjeTl5Wld4bFlYTmxMbmx0YkVCeVpXWnpMM1JoWjNNdmRqQXVNeTR6TURnR0Npc0dBUVFCZzc4d0FRb0VLZ3dvClpUa3dOV1ZtT1RWa01UTm1aV1F6WW1Kall6QmxPV1JqTldSa016UmlPV1UyWldaaE1UZ3lPVEFkQmdvckJnRUUKQVlPL01BRUxCQThNRFdkcGRHaDFZaTFvYjNOMFpXUXdQQVlLS3dZQkJBR0R2ekFCREFRdURDeG9kSFJ3Y3pvdgpMMmRwZEdoMVlpNWpiMjB2Y0dWMGNtRnpkbVZ6ZEdGeWRHRnpMM2R2YjJSZmJtRnViekE0QmdvckJnRUVBWU8vCk1BRU5CQ29NS0dVNU1EVmxaamsxWkRFelptVmtNMkppWTJNd1pUbGtZelZrWkRNMFlqbGxObVZtWVRFNE1qa3cKSUFZS0t3WUJCQUdEdnpBQkRnUVNEQkJ5WldaekwzUmhaM012ZGpBdU15NHpNQmtHQ2lzR0FRUUJnNzh3QVE4RQpDd3dKTnpnMk16Z3hOekV4TURJR0Npc0dBUVFCZzc4d0FSQUVKQXdpYUhSMGNITTZMeTluYVhSb2RXSXVZMjl0CkwzQmxkSEpoYzNabGMzUmhjblJoY3pBWUJnb3JCZ0VFQVlPL01BRVJCQW9NQ0RFNE1ERXpPVGcxTUdzR0Npc0cKQVFRQmc3OHdBUklFWFF4YmFIUjBjSE02THk5bmFYUm9kV0l1WTI5dEwzQmxkSEpoYzNabGMzUmhjblJoY3k5MwpiMjlrWDI1aGJtOHZMbWRwZEdoMVlpOTNiM0pyWm14dmQzTXZjbVZzWldGelpTNTViV3hBY21WbWN5OTBZV2R6CkwzWXdMak11TXpBNEJnb3JCZ0VFQVlPL01BRVRCQ29NS0dVNU1EVmxaamsxWkRFelptVmtNMkppWTJNd1pUbGsKWXpWa1pETTBZamxsTm1WbVlURTRNamt3RkFZS0t3WUJCQUdEdnpBQkZBUUdEQVJ3ZFhOb01HQUdDaXNHQVFRQgpnNzh3QVJVRVVneFFhSFIwY0hNNkx5OW5hWFJvZFdJdVkyOXRMM0JsZEhKaGMzWmxjM1JoY25SaGN5OTNiMjlrClgyNWhibTh2WVdOMGFXOXVjeTl5ZFc1ekx6SXdOVFV4TmpZek1Ua3lMMkYwZEdWdGNIUnpMekV3RmdZS0t3WUIKQkFHRHZ6QUJGZ1FJREFad2RXSnNhV013RkFZS0t3WUJCQUdEdnpBQkZ3UUdEQVJ3ZVhCcE1JR0xCZ29yQmdFRQpBZFo1QWdRQ0JIMEVld0I1QUhjQTNUMHdhc2JIRVRKakdSNGNtV2MzQXFKS1hyamVQSzMvaDRweWdDOHA3bzRBCkFBR2JaRWlmaHdBQUJBTUFTREJHQWlFQXNBRnorVldQSDNmcDZHOEU5QjdYUi9hSXJ6dytxQ2FYN252TkROemUKNGh3Q0lRRDhUSVRCanBqL2lNbU5IK3NSS3RhUlc3clBGVUdKeVhJbzRwOEc1UXdQSGpBS0JnZ3Foa2pPUFFRRApBd05vQURCbEFqRUFsZXFZZ2Z0d0FRZFcxWnBDT0dKYk50VDVKVjBYeS9CUHpzcUFIYVMyN1hiUFpPMUx2VSt1Cjd4SnB1SDZubFBLRkFqQjJMRktsVC82OGNYdlBTV0xHRDNXN3ZOYS9MS1lCeHNGNFVtVHRMT1VuTE8ybHlXbHYKZGNYckcveVEyWlV5YmM4PQotLS0tLUVORCBDRVJUSUZJQ0FURS0tLS0tCg=="]}, "signatures": null, "envelopeHash": null, "payloadHash": null}}
2025-12-28T09:27:23.5474333Z integrated: {'108e9186e8c5677a73710c3b7d168b5d53be98d854cfd75673fcb844d8cd635d4ac82efff2578c8b': {'body': 'eyJhcGlWZXJzaW9uIjoiMC4wLjEiLCJraW5kIjoiZHNzZSIsInNwZWMiOnsiZW52ZWxvcGVIYXNoIjp7ImFsZ29yaXRobSI6InNoYTI1NiIsInZhbHVlIjoiYzdkYjI5ZmVhZTgxZWVhZTM2NjI5Y2VjN2VkOTYyNTRlOGZlMzU2NzVkYjRkYzJiNDc0YTlmNjdhNzczNTU1NyJ9LCJwYXlsb2FkSGFzaCI6eyJhbGdvcml0aG0iOiJzaGEyNTYiLCJ2YWx1ZSI6IjgxNzhiMzNmMzU1MWMyNjYxYmFlMDYyMTQxM2U3N2RlYWRmZDc3NjJlZTcxOGIxODI3ZTgxYzJmOGJkZmI2MjUifSwic2lnbmF0dXJlcyI6W3sic2lnbmF0dXJlIjoiTUVRQ0lFSWJVSUI2L3JvVWd1U3A5L0NLR1hhTmYrbmhNR2VLUXoxYkZCLzRUYVFSQWlCQ3VlNU1iWmVsQjg5NVZIVjEzUzQ3QzNtemd4SURXa0MvZlNIZStDVHhRUT09IiwidmVyaWZpZXIiOiJMUzB0TFMxQ1JVZEpUaUJEUlZKVVNVWkpRMEZVUlMwdExTMHRDazFKU1VjNWVrTkRRbTR5WjBGM1NVSkJaMGxWUW1seWVIaHdSMW96T0VaUFdtMVhkVzR4VGpRMU1uQlRkMDlyZDBObldVbExiMXBKZW1vd1JVRjNUWGNLVG5wRlZrMUNUVWRCTVZWRlEyaE5UV015Ykc1ak0xSjJZMjFWZFZwSFZqSk5ValIzU0VGWlJGWlJVVVJGZUZaNllWZGtlbVJIT1hsYVV6RndZbTVTYkFwamJURnNXa2RzYUdSSFZYZElhR05PVFdwVmVFMXFTVFJOUkd0NVRucEZOVmRvWTA1TmFsVjRUV3BKTkUxRWEzcE9la1UxVjJwQlFVMUdhM2RGZDFsSUNrdHZXa2w2YWpCRFFWRlpTVXR2V2tsNmFqQkVRVkZqUkZGblFVVm5kRzFzYjIxVE4xVnVaMGw1ZVdkb1RuSmlOMGc1T1VrMmFEZGxOSEp3UW5keGNVUUtOVVJuY0VSNU9IVjFla0poVEZRdk9HY3JNMGQxWlZaTWJ6SnhOakJNZVVONVZVWmpiWGxQYVRWRVlrOW5TR1ZhVVdGUFEwSmFkM2RuWjFkWlRVRTBSd3BCTVZWa1JIZEZRaTkzVVVWQmQwbElaMFJCVkVKblRsWklVMVZGUkVSQlMwSm5aM0pDWjBWR1FsRmpSRUY2UVdSQ1owNVdTRkUwUlVablVWVXJlV2R5Q2trNU5rNUdkMFk0UVZKSGEwNTBiVkIyUkN0TlZuZHJkMGgzV1VSV1VqQnFRa0puZDBadlFWVXpPVkJ3ZWpGWmEwVmFZalZ4VG1wd1MwWlhhWGhwTkZrS1drUTRkMkZSV1VSV1VqQlNRVkZJTDBKR09IZFlXVnBpWVVoU01HTklUVFpNZVRsdVlWaFNiMlJYU1hWWk1qbDBURE5DYkdSSVNtaGpNMXBzWXpOU2FBcGpibEpvWTNrNU0ySXlPV3RZTWpWb1ltMDRka3h0WkhCa1IyZ3hXV2s1TTJJelNuSmFiWGgyWkROTmRtTnRWbk5hVjBaNldsTTFOV0pYZUVGamJWWnRDbU41T1RCWlYyUjZURE5aZDB4cVRYVk5la0UxUW1kdmNrSm5SVVZCV1U4dlRVRkZRa0pEZEc5a1NGSjNZM3B2ZGt3elVuWmhNbFoxVEcxR2FtUkhiSFlLWW01TmRWb3liREJoU0ZacFpGaE9iR050VG5aaWJsSnNZbTVSZFZreU9YUk5Ra2xIUTJselIwRlJVVUpuTnpoM1FWRkpSVUpJUWpGak1tZDNUbWRaU3dwTGQxbENRa0ZIUkhaNlFVSkJkMUZ2V2xScmQwNVhWbTFQVkZaclRWUk9iVnBYVVhwWmJVcHFXWHBDYkU5WFVtcE9WMUpyVFhwU2FVOVhWVEphVjFwb0NrMVVaM2xQVkVGV1FtZHZja0puUlVWQldVOHZUVUZGUlVKQlpGTmFWM2hzV1ZoT2JFMURZMGREYVhOSFFWRlJRbWMzT0hkQlVWVkZSMWhDYkdSSVNtZ0tZek5hYkdNelVtaGpibEpvWTNrNU0ySXlPV3RZTWpWb1ltMDRkMGhuV1V0TGQxbENRa0ZIUkhaNlFVSkNaMUZSWTIxV2JXTjVPVEJaVjJSNlRETlpkd3BNYWsxMVRYcEJOMEpuYjNKQ1owVkZRVmxQTDAxQlJVbENRekJOU3pKb01HUklRbnBQYVRoMlpFYzVjbHBYTkhWWlYwNHdZVmM1ZFdONU5XNWhXRkp2Q21SWFNqRmpNbFo1V1RJNWRXUkhWblZrUXpWcVlqSXdkMkYzV1V0TGQxbENRa0ZIUkhaNlFVSkRVVkprUkVaMGIyUklVbmRqZW05MlRESmtjR1JIYURFS1dXazFhbUl5TUhaalIxWXdZMjFHZW1SdFZucGtSMFo1WkVkR2Vrd3paSFppTWxKbVltMUdkV0o1T0hWYU1td3dZVWhXYVV3elpIWmpiWFJ0WWtjNU13cGplVGw1V2xkNGJGbFlUbXhNYm14MFlrVkNlVnBYV25wTU0xSm9Xak5OZG1ScVFYVk5lVFI2VFVSblIwTnBjMGRCVVZGQ1p6YzRkMEZSYjBWTFozZHZDbHBVYTNkT1YxWnRUMVJXYTAxVVRtMWFWMUY2V1cxS2FsbDZRbXhQVjFKcVRsZFNhMDE2VW1sUFYxVXlXbGRhYUUxVVozbFBWRUZrUW1kdmNrSm5SVVVLUVZsUEwwMUJSVXhDUVRoTlJGZGtjR1JIYURGWmFURnZZak5PTUZwWFVYZFFRVmxMUzNkWlFrSkJSMFIyZWtGQ1JFRlJkVVJEZUc5a1NGSjNZM3B2ZGdwTU1tUndaRWRvTVZscE5XcGlNakIyWTBkV01HTnRSbnBrYlZaNlpFZEdlV1JIUm5wTU0yUjJZakpTWm1KdFJuVmlla0UwUW1kdmNrSm5SVVZCV1U4dkNrMUJSVTVDUTI5TlMwZFZOVTFFVm14YWFtc3hXa1JGZWxwdFZtdE5Na3BwV1RKTmQxcFViR3RaZWxacldrUk5NRmxxYkd4T2JWWnRXVlJGTkUxcWEzY0tTVUZaUzB0M1dVSkNRVWRFZG5wQlFrUm5VVk5FUWtKNVdsZGFla3d6VW1oYU0wMTJaR3BCZFUxNU5IcE5RbXRIUTJselIwRlJVVUpuTnpoM1FWRTRSUXBEZDNkS1RucG5NazE2WjNoT2VrVjRUVVJKUjBOcGMwZEJVVkZDWnpjNGQwRlNRVVZLUVhkcFlVaFNNR05JVFRaTWVUbHVZVmhTYjJSWFNYVlpNamwwQ2t3elFteGtTRXBvWXpOYWJHTXpVbWhqYmxKb1kzcEJXVUpuYjNKQ1owVkZRVmxQTDAxQlJWSkNRVzlOUTBSRk5FMUVSWHBQVkdjeFRVZHpSME5wYzBjS1FWRlJRbWMzT0hkQlVrbEZXRkY0WW1GSVVqQmpTRTAyVEhrNWJtRllVbTlrVjBsMVdUSTVkRXd6UW14a1NFcG9Zek5hYkdNelVtaGpibEpvWTNrNU13cGlNamxyV0RJMWFHSnRPSFpNYldSd1pFZG9NVmxwT1ROaU0wcHlXbTE0ZG1RelRYWmpiVlp6V2xkR2VscFROVFZpVjNoQlkyMVdiV041T1RCWlYyUjZDa3d6V1hkTWFrMTFUWHBCTkVKbmIzSkNaMFZGUVZsUEwwMUJSVlJDUTI5TlMwZFZOVTFFVm14YWFtc3hXa1JGZWxwdFZtdE5Na3BwV1RKTmQxcFViR3NLV1hwV2ExcEVUVEJaYW14c1RtMVdiVmxVUlRSTmFtdDNSa0ZaUzB0M1dVSkNRVWRFZG5wQlFrWkJVVWRFUVZKM1pGaE9iMDFIUVVkRGFYTkhRVkZSUWdwbk56aDNRVkpWUlZWbmVGRmhTRkl3WTBoTk5reDVPVzVoV0ZKdlpGZEpkVmt5T1hSTU0wSnNaRWhLYUdNeldteGpNMUpvWTI1U2FHTjVPVE5pTWpsckNsZ3lOV2hpYlRoMldWZE9NR0ZYT1hWamVUbDVaRmMxZWt4NlNYZE9WRlY0VG1wWmVrMVVhM2xNTWtZd1pFZFdkR05JVW5wTWVrVjNSbWRaUzB0M1dVSUtRa0ZIUkhaNlFVSkdaMUZKUkVGYWQyUlhTbk5oVjAxM1JrRlpTMHQzV1VKQ1FVZEVkbnBCUWtaM1VVZEVRVkozWlZoQ2NFMUpSMHhDWjI5eVFtZEZSUXBCWkZvMVFXZFJRMEpJTUVWbGQwSTFRVWhqUVROVU1IZGhjMkpJUlZSS2FrZFNOR050VjJNelFYRktTMWh5YW1WUVN6TXZhRFJ3ZVdkRE9IQTNielJCQ2tGQlIySmFSV2xtYUhkQlFVSkJUVUZUUkVKSFFXbEZRWE5CUm5vclZsZFFTRE5tY0RaSE9FVTVRamRZVWk5aFNYSjZkeXR4UTJGWU4yNTJUa1JPZW1VS05HaDNRMGxSUkRoVVNWUkNhbkJxTDJsTmJVNUlLM05TUzNSaFVsYzNjbEJHVlVkS2VWaEpielJ3T0VjMVVYZFFTR3BCUzBKblozRm9hMnBQVUZGUlJBcEJkMDV2UVVSQ2JFRnFSVUZzWlhGWloyWjBkMEZSWkZjeFduQkRUMGRLWWs1MFZEVktWakJZZVM5Q1VIcHpjVUZJWVZNeU4xaGlVRnBQTVV4MlZTdDFDamQ0U25CMVNEWnViRkJMUmtGcVFqSk1Sa3RzVkM4Mk9HTllkbEJUVjB4SFJETlhOM1pPWVM5TVMxbENlSE5HTkZWdFZIUk1UMVZ1VEU4eWJIbFhiSFlLWkdOWWNrY3ZlVkV5V2xWNVltTTRQUW90TFMwdExVVk9SQ0JEUlZKVVNVWkpRMEZVUlMwdExTMHRDZz09In1dfX0=', 'integratedTime': 1766914043, 'logID': 'c0d23d6ad406973f9559f3ba2d1ca01f84147d8ffc5b8445c224f98b9591801d', 'logIndex': 780720623, 'verification': {'inclusionProof': {'checkpoint': 'rekor.sigstore.dev - 1193050959916656506\n658816362\nnfY+D82P7qybLyXR4VZKbGuycK3N0uj9nBB7upQuDjU=\n\n— rekor.sigstore.dev wNI9ajBFAiAv5zCb8BMW4x0akuhlwOfxD3ChawtTRadXFefjVj//CwIhAL0teAtgHLsysV+J2j77VBqoJ+bJIZjxTOkbMFk7DIGu\n', 'hashes': ['128f25c4f32d38b0453645b4d5391cee22e7f5404fc20f13768411b78406ebde', 'de9ae41adfd08ce245127022583485067931342bdc01a55c6c6299b3f748f425', '4478bb83752d62a89b71e7e64c7af11383eaa9ae02108662df0e866c62da6154', '9d1c7154d1036550d3d43ef4697db75136ccd3c1bf9595b3db35b75f130c4bd6', 'f50493dbc0ad96333b6eb90ced3388eb058d26863ff4649ddfdd29b748ebc752', 'e75b9cf267d98d0de2085151bea791bcd2cd96681186908bcb3bfff448707fc0', 'c022e710ba18142e87fa06d6768ed4737631aff3eba0585eaeac63d885ea1553', '4f34b2fafdc154dce8a8af76138c0f2d8b5a30f1421b25eba216743c9c4d9422', '0ded781a98b92cc48690b35b3440d2605b51821ab786d6afe54d25bda8c9db50', '53da579c09be9fda11f450e4119f2c554593a5d7af1c8388cdc6839a8df28e4f', '4337dd8cdc86a768eae779a378d22a47d02ee919a2430ed1704a9641e598306f', 'df9138e7262fd4d912b223b3931dbdb10aea00eba1dda60b171d9066e3cf10f3', 'cfbba0a0230e6f1b5481a31253b9ca76258578880a7c83047591c76a1e0d0dba', '5fabe4c73d29a312b60c8951babffb2db11dcf78835e3e5063f80b93f7b05e30', '6665246241c1cb507bdb726b12088abdea5374762b3facb66b8a0e0d8be2e556', '4f80ea583e36840b4dfaf5fc8ca096aa80b899e13825e908f4bc5818270fcb53'], 'logIndex': 658816361, 'rootHash': '9df63e0fcd8feeac9b2f25d1e1564a6c6bb270adcdd2e8fd9c107bba942e0e35', 'treeSize': 658816362}, 'signedEntryTimestamp': 'MEQCIDo7F1XR0v1djSoBMwCLAEq0EOrJdDiwz5DoL4FvPkeOAiBC6TFCJBrE72/k9ojj2m1MqS0pTLpZrp4VwVtasVbW6A=='}}}
2025-12-28T09:27:23.5678376Z Transparency log entry created with index: 780720623
2025-12-28T09:27:23.5680020Z DSSE PAE: b'DSSEv1 28 application/vnd.in-toto+json 286 {"_type":"https://in-toto.io/Statement/v1","subject":[{"name":"wood_nano-0.3.3-cp39-cp39-manylinux_2_28_x86_64.whl","digest":{"sha256":"22e0b65bbc8cb04565e897195cabcef7dfe822da077f13c47d683761a687adc5"}}],"predicateType":"https://docs.pypi.org/attestations/publish/v1","predicate":null}'
2025-12-28T09:27:23.5771714Z proposed: {"apiVersion": "0.0.1", "kind": "dsse", "spec": {"proposedContent": {"envelope": "{\"payload\": \"eyJfdHlwZSI6Imh0dHBzOi8vaW4tdG90by5pby9TdGF0ZW1lbnQvdjEiLCJzdWJqZWN0IjpbeyJuYW1lIjoid29vZF9uYW5vLTAuMy4zLWNwMzktY3AzOS1tYW55bGludXhfMl8yOF94ODZfNjQud2hsIiwiZGlnZXN0Ijp7InNoYTI1NiI6IjIyZTBiNjViYmM4Y2IwNDU2NWU4OTcxOTVjYWJjZWY3ZGZlODIyZGEwNzdmMTNjNDdkNjgzNzYxYTY4N2FkYzUifX1dLCJwcmVkaWNhdGVUeXBlIjoiaHR0cHM6Ly9kb2NzLnB5cGkub3JnL2F0dGVzdGF0aW9ucy9wdWJsaXNoL3YxIiwicHJlZGljYXRlIjpudWxsfQ==\", \"payloadType\": \"application/vnd.in-toto+json\", \"signatures\": [{\"sig\": \"MEUCIEPPgrA2zah3zhmU2LCZzC4HUhSWA1pDfD6+SF1qog05AiEA+Ci3TQ0MQFrg6XJFm5iA0CrW4euA7bpPSoTm6yaH9iA=\"}]}", "verifiers": ["LS0tLS1CRUdJTiBDRVJUSUZJQ0FURS0tLS0tCk1JSUc5ekNDQm4yZ0F3SUJBZ0lVQmlyeHhwR1ozOEZPWm1XdW4xTjQ1MnBTd09rd0NnWUlLb1pJemowRUF3TXcKTnpFVk1CTUdBMVVFQ2hNTWMybG5jM1J2Y21VdVpHVjJNUjR3SEFZRFZRUURFeFZ6YVdkemRHOXlaUzFwYm5SbApjbTFsWkdsaGRHVXdIaGNOTWpVeE1qSTRNRGt5TnpFNVdoY05NalV4TWpJNE1Ea3pOekU1V2pBQU1Ga3dFd1lICktvWkl6ajBDQVFZSUtvWkl6ajBEQVFjRFFnQUVndG1sb21TN1VuZ0l5eWdoTnJiN0g5OUk2aDdlNHJwQndxcUQKNURncER5OHV1ekJhTFQvOGcrM0d1ZVZMbzJxNjBMeUN5VUZjbXlPaTVEYk9nSGVaUWFPQ0Jad3dnZ1dZTUE0RwpBMVVkRHdFQi93UUVBd0lIZ0RBVEJnTlZIU1VFRERBS0JnZ3JCZ0VGQlFjREF6QWRCZ05WSFE0RUZnUVUreWdyCkk5Nk5Gd0Y4QVJHa050bVB2RCtNVndrd0h3WURWUjBqQkJnd0ZvQVUzOVBwejFZa0VaYjVxTmpwS0ZXaXhpNFkKWkQ4d2FRWURWUjBSQVFIL0JGOHdYWVpiYUhSMGNITTZMeTluYVhSb2RXSXVZMjl0TDNCbGRISmhjM1psYzNSaApjblJoY3k5M2IyOWtYMjVoYm04dkxtZHBkR2gxWWk5M2IzSnJabXh2ZDNNdmNtVnNaV0Z6WlM1NWJXeEFjbVZtCmN5OTBZV2R6TDNZd0xqTXVNekE1QmdvckJnRUVBWU8vTUFFQkJDdG9kSFJ3Y3pvdkwzUnZhMlZ1TG1GamRHbHYKYm5NdVoybDBhSFZpZFhObGNtTnZiblJsYm5RdVkyOXRNQklHQ2lzR0FRUUJnNzh3QVFJRUJIQjFjMmd3TmdZSwpLd1lCQkFHRHZ6QUJBd1FvWlRrd05XVm1PVFZrTVRObVpXUXpZbUpqWXpCbE9XUmpOV1JrTXpSaU9XVTJaV1poCk1UZ3lPVEFWQmdvckJnRUVBWU8vTUFFRUJBZFNaV3hsWVhObE1DY0dDaXNHQVFRQmc3OHdBUVVFR1hCbGRISmgKYzNabGMzUmhjblJoY3k5M2IyOWtYMjVoYm04d0hnWUtLd1lCQkFHRHZ6QUJCZ1FRY21WbWN5OTBZV2R6TDNZdwpMak11TXpBN0Jnb3JCZ0VFQVlPL01BRUlCQzBNSzJoMGRIQnpPaTh2ZEc5clpXNHVZV04wYVc5dWN5NW5hWFJvCmRXSjFjMlZ5WTI5dWRHVnVkQzVqYjIwd2F3WUtLd1lCQkFHRHZ6QUJDUVJkREZ0b2RIUndjem92TDJkcGRHaDEKWWk1amIyMHZjR1YwY21GemRtVnpkR0Z5ZEdGekwzZHZiMlJmYm1GdWJ5OHVaMmwwYUhWaUwzZHZjbXRtYkc5MwpjeTl5Wld4bFlYTmxMbmx0YkVCeVpXWnpMM1JoWjNNdmRqQXVNeTR6TURnR0Npc0dBUVFCZzc4d0FRb0VLZ3dvClpUa3dOV1ZtT1RWa01UTm1aV1F6WW1Kall6QmxPV1JqTldSa016UmlPV1UyWldaaE1UZ3lPVEFkQmdvckJnRUUKQVlPL01BRUxCQThNRFdkcGRHaDFZaTFvYjNOMFpXUXdQQVlLS3dZQkJBR0R2ekFCREFRdURDeG9kSFJ3Y3pvdgpMMmRwZEdoMVlpNWpiMjB2Y0dWMGNtRnpkbVZ6ZEdGeWRHRnpMM2R2YjJSZmJtRnViekE0QmdvckJnRUVBWU8vCk1BRU5CQ29NS0dVNU1EVmxaamsxWkRFelptVmtNMkppWTJNd1pUbGtZelZrWkRNMFlqbGxObVZtWVRFNE1qa3cKSUFZS0t3WUJCQUdEdnpBQkRnUVNEQkJ5WldaekwzUmhaM012ZGpBdU15NHpNQmtHQ2lzR0FRUUJnNzh3QVE4RQpDd3dKTnpnMk16Z3hOekV4TURJR0Npc0dBUVFCZzc4d0FSQUVKQXdpYUhSMGNITTZMeTluYVhSb2RXSXVZMjl0CkwzQmxkSEpoYzNabGMzUmhjblJoY3pBWUJnb3JCZ0VFQVlPL01BRVJCQW9NQ0RFNE1ERXpPVGcxTUdzR0Npc0cKQVFRQmc3OHdBUklFWFF4YmFIUjBjSE02THk5bmFYUm9kV0l1WTI5dEwzQmxkSEpoYzNabGMzUmhjblJoY3k5MwpiMjlrWDI1aGJtOHZMbWRwZEdoMVlpOTNiM0pyWm14dmQzTXZjbVZzWldGelpTNTViV3hBY21WbWN5OTBZV2R6CkwzWXdMak11TXpBNEJnb3JCZ0VFQVlPL01BRVRCQ29NS0dVNU1EVmxaamsxWkRFelptVmtNMkppWTJNd1pUbGsKWXpWa1pETTBZamxsTm1WbVlURTRNamt3RkFZS0t3WUJCQUdEdnpBQkZBUUdEQVJ3ZFhOb01HQUdDaXNHQVFRQgpnNzh3QVJVRVVneFFhSFIwY0hNNkx5OW5hWFJvZFdJdVkyOXRMM0JsZEhKaGMzWmxjM1JoY25SaGN5OTNiMjlrClgyNWhibTh2WVdOMGFXOXVjeTl5ZFc1ekx6SXdOVFV4TmpZek1Ua3lMMkYwZEdWdGNIUnpMekV3RmdZS0t3WUIKQkFHRHZ6QUJGZ1FJREFad2RXSnNhV013RkFZS0t3WUJCQUdEdnpBQkZ3UUdEQVJ3ZVhCcE1JR0xCZ29yQmdFRQpBZFo1QWdRQ0JIMEVld0I1QUhjQTNUMHdhc2JIRVRKakdSNGNtV2MzQXFKS1hyamVQSzMvaDRweWdDOHA3bzRBCkFBR2JaRWlmaHdBQUJBTUFTREJHQWlFQXNBRnorVldQSDNmcDZHOEU5QjdYUi9hSXJ6dytxQ2FYN252TkROemUKNGh3Q0lRRDhUSVRCanBqL2lNbU5IK3NSS3RhUlc3clBGVUdKeVhJbzRwOEc1UXdQSGpBS0JnZ3Foa2pPUFFRRApBd05vQURCbEFqRUFsZXFZZ2Z0d0FRZFcxWnBDT0dKYk50VDVKVjBYeS9CUHpzcUFIYVMyN1hiUFpPMUx2VSt1Cjd4SnB1SDZubFBLRkFqQjJMRktsVC82OGNYdlBTV0xHRDNXN3ZOYS9MS1lCeHNGNFVtVHRMT1VuTE8ybHlXbHYKZGNYckcveVEyWlV5YmM4PQotLS0tLUVORCBDRVJUSUZJQ0FURS0tLS0tCg=="]}, "signatures": null, "envelopeHash": null, "payloadHash": null}}
2025-12-28T09:27:23.8405843Z integrated: {'108e9186e8c5677aa187555cc9f1525dcdb32b794cd30329638d5fe75cded3d101bff93f54a08331': {'body': 'eyJhcGlWZXJzaW9uIjoiMC4wLjEiLCJraW5kIjoiZHNzZSIsInNwZWMiOnsiZW52ZWxvcGVIYXNoIjp7ImFsZ29yaXRobSI6InNoYTI1NiIsInZhbHVlIjoiNjY5MzNiZjM2N2U3ZjEwYjk2MTViMjViZGY4MTgzZDg4MDA4OThhODE5NDZlMDRhOWNhYjAxNDRhZmE4NTBhYSJ9LCJwYXlsb2FkSGFzaCI6eyJhbGdvcml0aG0iOiJzaGEyNTYiLCJ2YWx1ZSI6IjM0MzdkMjRkMTJiMjAyMzVlNjYwNWE2M2UwMzUzY2M3N2FhMDJhNzM0MzUyNGYwNTA5NjYwOWI1OTdiZjQ0NTkifSwic2lnbmF0dXJlcyI6W3sic2lnbmF0dXJlIjoiTUVVQ0lFUFBnckEyemFoM3pobVUyTENaekM0SFVoU1dBMXBEZkQ2K1NGMXFvZzA1QWlFQStDaTNUUTBNUUZyZzZYSkZtNWlBMENyVzRldUE3YnBQU29UbTZ5YUg5aUE9IiwidmVyaWZpZXIiOiJMUzB0TFMxQ1JVZEpUaUJEUlZKVVNVWkpRMEZVUlMwdExTMHRDazFKU1VjNWVrTkRRbTR5WjBGM1NVSkJaMGxWUW1seWVIaHdSMW96T0VaUFdtMVhkVzR4VGpRMU1uQlRkMDlyZDBObldVbExiMXBKZW1vd1JVRjNUWGNLVG5wRlZrMUNUVWRCTVZWRlEyaE5UV015Ykc1ak0xSjJZMjFWZFZwSFZqSk5ValIzU0VGWlJGWlJVVVJGZUZaNllWZGtlbVJIT1hsYVV6RndZbTVTYkFwamJURnNXa2RzYUdSSFZYZElhR05PVFdwVmVFMXFTVFJOUkd0NVRucEZOVmRvWTA1TmFsVjRUV3BKTkUxRWEzcE9la1UxVjJwQlFVMUdhM2RGZDFsSUNrdHZXa2w2YWpCRFFWRlpTVXR2V2tsNmFqQkVRVkZqUkZGblFVVm5kRzFzYjIxVE4xVnVaMGw1ZVdkb1RuSmlOMGc1T1VrMmFEZGxOSEp3UW5keGNVUUtOVVJuY0VSNU9IVjFla0poVEZRdk9HY3JNMGQxWlZaTWJ6SnhOakJNZVVONVZVWmpiWGxQYVRWRVlrOW5TR1ZhVVdGUFEwSmFkM2RuWjFkWlRVRTBSd3BCTVZWa1JIZEZRaTkzVVVWQmQwbElaMFJCVkVKblRsWklVMVZGUkVSQlMwSm5aM0pDWjBWR1FsRmpSRUY2UVdSQ1owNVdTRkUwUlVablVWVXJlV2R5Q2trNU5rNUdkMFk0UVZKSGEwNTBiVkIyUkN0TlZuZHJkMGgzV1VSV1VqQnFRa0puZDBadlFWVXpPVkJ3ZWpGWmEwVmFZalZ4VG1wd1MwWlhhWGhwTkZrS1drUTRkMkZSV1VSV1VqQlNRVkZJTDBKR09IZFlXVnBpWVVoU01HTklUVFpNZVRsdVlWaFNiMlJYU1hWWk1qbDBURE5DYkdSSVNtaGpNMXBzWXpOU2FBcGpibEpvWTNrNU0ySXlPV3RZTWpWb1ltMDRka3h0WkhCa1IyZ3hXV2s1TTJJelNuSmFiWGgyWkROTmRtTnRWbk5hVjBaNldsTTFOV0pYZUVGamJWWnRDbU41T1RCWlYyUjZURE5aZDB4cVRYVk5la0UxUW1kdmNrSm5SVVZCV1U4dlRVRkZRa0pEZEc5a1NGSjNZM3B2ZGt3elVuWmhNbFoxVEcxR2FtUkhiSFlLWW01TmRWb3liREJoU0ZacFpGaE9iR050VG5aaWJsSnNZbTVSZFZreU9YUk5Ra2xIUTJselIwRlJVVUpuTnpoM1FWRkpSVUpJUWpGak1tZDNUbWRaU3dwTGQxbENRa0ZIUkhaNlFVSkJkMUZ2V2xScmQwNVhWbTFQVkZaclRWUk9iVnBYVVhwWmJVcHFXWHBDYkU5WFVtcE9WMUpyVFhwU2FVOVhWVEphVjFwb0NrMVVaM2xQVkVGV1FtZHZja0puUlVWQldVOHZUVUZGUlVKQlpGTmFWM2hzV1ZoT2JFMURZMGREYVhOSFFWRlJRbWMzT0hkQlVWVkZSMWhDYkdSSVNtZ0tZek5hYkdNelVtaGpibEpvWTNrNU0ySXlPV3RZTWpWb1ltMDRkMGhuV1V0TGQxbENRa0ZIUkhaNlFVSkNaMUZSWTIxV2JXTjVPVEJaVjJSNlRETlpkd3BNYWsxMVRYcEJOMEpuYjNKQ1owVkZRVmxQTDAxQlJVbENRekJOU3pKb01HUklRbnBQYVRoMlpFYzVjbHBYTkhWWlYwNHdZVmM1ZFdONU5XNWhXRkp2Q21SWFNqRmpNbFo1V1RJNWRXUkhWblZrUXpWcVlqSXdkMkYzV1V0TGQxbENRa0ZIUkhaNlFVSkRVVkprUkVaMGIyUklVbmRqZW05MlRESmtjR1JIYURFS1dXazFhbUl5TUhaalIxWXdZMjFHZW1SdFZucGtSMFo1WkVkR2Vrd3paSFppTWxKbVltMUdkV0o1T0hWYU1td3dZVWhXYVV3elpIWmpiWFJ0WWtjNU13cGplVGw1V2xkNGJGbFlUbXhNYm14MFlrVkNlVnBYV25wTU0xSm9Xak5OZG1ScVFYVk5lVFI2VFVSblIwTnBjMGRCVVZGQ1p6YzRkMEZSYjBWTFozZHZDbHBVYTNkT1YxWnRUMVJXYTAxVVRtMWFWMUY2V1cxS2FsbDZRbXhQVjFKcVRsZFNhMDE2VW1sUFYxVXlXbGRhYUUxVVozbFBWRUZrUW1kdmNrSm5SVVVLUVZsUEwwMUJSVXhDUVRoTlJGZGtjR1JIYURGWmFURnZZak5PTUZwWFVYZFFRVmxMUzNkWlFrSkJSMFIyZWtGQ1JFRlJkVVJEZUc5a1NGSjNZM3B2ZGdwTU1tUndaRWRvTVZscE5XcGlNakIyWTBkV01HTnRSbnBrYlZaNlpFZEdlV1JIUm5wTU0yUjJZakpTWm1KdFJuVmlla0UwUW1kdmNrSm5SVVZCV1U4dkNrMUJSVTVDUTI5TlMwZFZOVTFFVm14YWFtc3hXa1JGZWxwdFZtdE5Na3BwV1RKTmQxcFViR3RaZWxacldrUk5NRmxxYkd4T2JWWnRXVlJGTkUxcWEzY0tTVUZaUzB0M1dVSkNRVWRFZG5wQlFrUm5VVk5FUWtKNVdsZGFla3d6VW1oYU0wMTJaR3BCZFUxNU5IcE5RbXRIUTJselIwRlJVVUpuTnpoM1FWRTRSUXBEZDNkS1RucG5NazE2WjNoT2VrVjRUVVJKUjBOcGMwZEJVVkZDWnpjNGQwRlNRVVZLUVhkcFlVaFNNR05JVFRaTWVUbHVZVmhTYjJSWFNYVlpNamwwQ2t3elFteGtTRXBvWXpOYWJHTXpVbWhqYmxKb1kzcEJXVUpuYjNKQ1owVkZRVmxQTDAxQlJWSkNRVzlOUTBSRk5FMUVSWHBQVkdjeFRVZHpSME5wYzBjS1FWRlJRbWMzT0hkQlVrbEZXRkY0WW1GSVVqQmpTRTAyVEhrNWJtRllVbTlrVjBsMVdUSTVkRXd6UW14a1NFcG9Zek5hYkdNelVtaGpibEpvWTNrNU13cGlNamxyV0RJMWFHSnRPSFpNYldSd1pFZG9NVmxwT1ROaU0wcHlXbTE0ZG1RelRYWmpiVlp6V2xkR2VscFROVFZpVjNoQlkyMVdiV041T1RCWlYyUjZDa3d6V1hkTWFrMTFUWHBCTkVKbmIzSkNaMFZGUVZsUEwwMUJSVlJDUTI5TlMwZFZOVTFFVm14YWFtc3hXa1JGZWxwdFZtdE5Na3BwV1RKTmQxcFViR3NLV1hwV2ExcEVUVEJaYW14c1RtMVdiVmxVUlRSTmFtdDNSa0ZaUzB0M1dVSkNRVWRFZG5wQlFrWkJVVWRFUVZKM1pGaE9iMDFIUVVkRGFYTkhRVkZSUWdwbk56aDNRVkpWUlZWbmVGRmhTRkl3WTBoTk5reDVPVzVoV0ZKdlpGZEpkVmt5T1hSTU0wSnNaRWhLYUdNeldteGpNMUpvWTI1U2FHTjVPVE5pTWpsckNsZ3lOV2hpYlRoMldWZE9NR0ZYT1hWamVUbDVaRmMxZWt4NlNYZE9WRlY0VG1wWmVrMVVhM2xNTWtZd1pFZFdkR05JVW5wTWVrVjNSbWRaUzB0M1dVSUtRa0ZIUkhaNlFVSkdaMUZKUkVGYWQyUlhTbk5oVjAxM1JrRlpTMHQzV1VKQ1FVZEVkbnBCUWtaM1VVZEVRVkozWlZoQ2NFMUpSMHhDWjI5eVFtZEZSUXBCWkZvMVFXZFJRMEpJTUVWbGQwSTFRVWhqUVROVU1IZGhjMkpJUlZSS2FrZFNOR050VjJNelFYRktTMWh5YW1WUVN6TXZhRFJ3ZVdkRE9IQTNielJCQ2tGQlIySmFSV2xtYUhkQlFVSkJUVUZUUkVKSFFXbEZRWE5CUm5vclZsZFFTRE5tY0RaSE9FVTVRamRZVWk5aFNYSjZkeXR4UTJGWU4yNTJUa1JPZW1VS05HaDNRMGxSUkRoVVNWUkNhbkJxTDJsTmJVNUlLM05TUzNSaFVsYzNjbEJHVlVkS2VWaEpielJ3T0VjMVVYZFFTR3BCUzBKblozRm9hMnBQVUZGUlJBcEJkMDV2UVVSQ2JFRnFSVUZzWlhGWloyWjBkMEZSWkZjeFduQkRUMGRLWWs1MFZEVktWakJZZVM5Q1VIcHpjVUZJWVZNeU4xaGlVRnBQTVV4MlZTdDFDamQ0U25CMVNEWnViRkJMUmtGcVFqSk1Sa3RzVkM4Mk9HTllkbEJUVjB4SFJETlhOM1pPWVM5TVMxbENlSE5HTkZWdFZIUk1UMVZ1VEU4eWJIbFhiSFlLWkdOWWNrY3ZlVkV5V2xWNVltTTRQUW90TFMwdExVVk9SQ0JEUlZKVVNVWkpRMEZVUlMwdExTMHRDZz09In1dfX0=', 'integratedTime': 1766914043, 'logID': 'c0d23d6ad406973f9559f3ba2d1ca01f84147d8ffc5b8445c224f98b9591801d', 'logIndex': 780720624, 'verification': {'inclusionProof': {'checkpoint': 'rekor.sigstore.dev - 1193050959916656506\n658816363\nNdwqK//ZE+sqQFBmLv7ubHLg4Wv7ieEitH49VUKFkU0=\n\n— rekor.sigstore.dev wNI9ajBEAiApZQWYOgzgbGR6uHJcJe0tMXUXSg87cs97wVuBUZCuIwIgR2hKmOOnv3ysCAvoqcqr6ty0UAfH2O2BK9xrTGXPj5A=\n', 'hashes': ['bc4059d86e68e3edcfe317a2806b85e685013e72356be775bfa8c22e0d6cdcbd', 'de9ae41adfd08ce245127022583485067931342bdc01a55c6c6299b3f748f425', '4478bb83752d62a89b71e7e64c7af11383eaa9ae02108662df0e866c62da6154', '9d1c7154d1036550d3d43ef4697db75136ccd3c1bf9595b3db35b75f130c4bd6', 'f50493dbc0ad96333b6eb90ced3388eb058d26863ff4649ddfdd29b748ebc752', 'e75b9cf267d98d0de2085151bea791bcd2cd96681186908bcb3bfff448707fc0', 'c022e710ba18142e87fa06d6768ed4737631aff3eba0585eaeac63d885ea1553', '4f34b2fafdc154dce8a8af76138c0f2d8b5a30f1421b25eba216743c9c4d9422', '0ded781a98b92cc48690b35b3440d2605b51821ab786d6afe54d25bda8c9db50', '53da579c09be9fda11f450e4119f2c554593a5d7af1c8388cdc6839a8df28e4f', '4337dd8cdc86a768eae779a378d22a47d02ee919a2430ed1704a9641e598306f', 'df9138e7262fd4d912b223b3931dbdb10aea00eba1dda60b171d9066e3cf10f3', 'cfbba0a0230e6f1b5481a31253b9ca76258578880a7c83047591c76a1e0d0dba', '5fabe4c73d29a312b60c8951babffb2db11dcf78835e3e5063f80b93f7b05e30', '6665246241c1cb507bdb726b12088abdea5374762b3facb66b8a0e0d8be2e556', '4f80ea583e36840b4dfaf5fc8ca096aa80b899e13825e908f4bc5818270fcb53'], 'logIndex': 658816362, 'rootHash': '35dc2a2bffd913eb2a4050662efeee6c72e0e16bfb89e122b47e3d554285914d', 'treeSize': 658816363}, 'signedEntryTimestamp': 'MEUCIQDQa5ghP7Jw0DZoNiJboQCricrp6rp6NSX0cJgB1+4e6wIgcw/PYCDN8YKjuYqYMnUyGnnI8rQlrfzItLihDzKp3eA='}}}
2025-12-28T09:27:23.8607895Z Transparency log entry created with index: 780720624
2025-12-28T09:27:24.5739439Z Uploading distributions to https://upload.pypi.org/legacy/
2025-12-28T09:27:25.6499303Z Uploading wood_nano-0.3.3-cp310-cp310-macosx_11_0_arm64.whl
2025-12-28T09:27:26.1431003Z [33mWARNING [0m Error during upload. Retry with the --verbose option for more details. 
2025-12-28T09:27:26.1437815Z [31mERROR   [0m HTTPError: 400 Bad Request from https://upload.pypi.org/legacy/        
2025-12-28T09:27:26.1438661Z          Invalid distribution file. ZIP archive not accepted: Mis-matched data  
2025-12-28T09:27:26.1439233Z          size. See https://docs.pypi.org/archives for more information          
2025-12-28T09:27:26.2711718Z Post job cleanup.
2025-12-28T09:27:26.2750887Z Evaluate and set environment url
2025-12-28T09:27:26.2753655Z Evaluated environment url: https://pypi.org/project/wood_nano
2025-12-28T09:27:26.2754536Z Cleaning up orphan processes
