2025-12-28T09:10:40.5661717Z Current runner version: '2.330.0'
2025-12-28T09:10:40.5689247Z ##[group]Runner Image Provisioner
2025-12-28T09:10:40.5690369Z Hosted Compute Agent
2025-12-28T09:10:40.5691115Z Version: 20251211.462
2025-12-28T09:10:40.5692014Z Commit: 6cbad8c2bb55d58165063d031ccabf57e2d2db61
2025-12-28T09:10:40.5692752Z Build Date: 2025-12-11T16:28:49Z
2025-12-28T09:10:40.5693366Z Worker ID: {3b2870ad-29b7-4baa-a45e-340a37350ca2}
2025-12-28T09:10:40.5694134Z ##[endgroup]
2025-12-28T09:10:40.5694615Z ##[group]Operating System
2025-12-28T09:10:40.5695170Z Ubuntu
2025-12-28T09:10:40.5695642Z 24.04.3
2025-12-28T09:10:40.5696111Z LTS
2025-12-28T09:10:40.5696528Z ##[endgroup]
2025-12-28T09:10:40.5697083Z ##[group]Runner Image
2025-12-28T09:10:40.5698017Z Image: ubuntu-24.04
2025-12-28T09:10:40.5698495Z Version: 20251215.174.1
2025-12-28T09:10:40.5699548Z Included Software: https://github.com/actions/runner-images/blob/ubuntu24/20251215.174/images/ubuntu/Ubuntu2404-Readme.md
2025-12-28T09:10:40.5701061Z Image Release: https://github.com/actions/runner-images/releases/tag/ubuntu24%2F20251215.174
2025-12-28T09:10:40.5702066Z ##[endgroup]
2025-12-28T09:10:40.5703234Z ##[group]GITHUB_TOKEN Permissions
2025-12-28T09:10:40.5705600Z Contents: read
2025-12-28T09:10:40.5706256Z Metadata: read
2025-12-28T09:10:40.5706744Z Packages: read
2025-12-28T09:10:40.5707219Z ##[endgroup]
2025-12-28T09:10:40.5709503Z Secret source: Actions
2025-12-28T09:10:40.5710238Z Prepare workflow directory
2025-12-28T09:10:40.6127017Z Prepare all required actions
2025-12-28T09:10:40.6182607Z Getting action download info
2025-12-28T09:10:40.9172193Z Download action repository 'actions/checkout@v4' (SHA:34e114876b0b11c390a56381ad16ebd13914f8d5)
2025-12-28T09:10:41.0173995Z Download action repository 'actions/upload-artifact@v4' (SHA:ea165f8d65b6e75b540449e92b4886f43607fa02)
2025-12-28T09:10:41.2287037Z Complete job name: Build source distribution
2025-12-28T09:10:41.2970068Z ##[group]Run actions/checkout@v4
2025-12-28T09:10:41.2970886Z with:
2025-12-28T09:10:41.2971269Z   fetch-depth: 0
2025-12-28T09:10:41.2971686Z   submodules: recursive
2025-12-28T09:10:41.2972132Z   repository: petrasvestartas/wood_nano
2025-12-28T09:10:41.2972781Z   token: ***
2025-12-28T09:10:41.2973153Z   ssh-strict: true
2025-12-28T09:10:41.2973537Z   ssh-user: git
2025-12-28T09:10:41.2973927Z   persist-credentials: true
2025-12-28T09:10:41.2974373Z   clean: true
2025-12-28T09:10:41.2974761Z   sparse-checkout-cone-mode: true
2025-12-28T09:10:41.2975229Z   fetch-tags: false
2025-12-28T09:10:41.2975624Z   show-progress: true
2025-12-28T09:10:41.2976011Z   lfs: false
2025-12-28T09:10:41.2976384Z   set-safe-directory: true
2025-12-28T09:10:41.2977010Z ##[endgroup]
2025-12-28T09:10:41.4039055Z Syncing repository: petrasvestartas/wood_nano
2025-12-28T09:10:41.4040794Z ##[group]Getting Git version info
2025-12-28T09:10:41.4041618Z Working directory is '/home/runner/work/wood_nano/wood_nano'
2025-12-28T09:10:41.4042634Z [command]/usr/bin/git version
2025-12-28T09:10:41.4109436Z git version 2.52.0
2025-12-28T09:10:41.4135667Z ##[endgroup]
2025-12-28T09:10:41.4149727Z Temporarily overriding HOME='/home/runner/work/_temp/b5c531b1-9cd8-4d00-97ae-ee5cb31d359f' before making global git config changes
2025-12-28T09:10:41.4161732Z Adding repository directory to the temporary git global config as a safe directory
2025-12-28T09:10:41.4162882Z [command]/usr/bin/git config --global --add safe.directory /home/runner/work/wood_nano/wood_nano
2025-12-28T09:10:41.4199295Z Deleting the contents of '/home/runner/work/wood_nano/wood_nano'
2025-12-28T09:10:41.4202769Z ##[group]Initializing the repository
2025-12-28T09:10:41.4206549Z [command]/usr/bin/git init /home/runner/work/wood_nano/wood_nano
2025-12-28T09:10:41.4306704Z hint: Using 'master' as the name for the initial branch. This default branch name
2025-12-28T09:10:41.4308120Z hint: will change to "main" in Git 3.0. To configure the initial branch name
2025-12-28T09:10:41.4309627Z hint: to use in all of your new repositories, which will suppress this warning,
2025-12-28T09:10:41.4311075Z hint: call:
2025-12-28T09:10:41.4311644Z hint:
2025-12-28T09:10:41.4312548Z hint: 	git config --global init.defaultBranch <name>
2025-12-28T09:10:41.4313317Z hint:
2025-12-28T09:10:41.4313857Z hint: Names commonly chosen instead of 'master' are 'main', 'trunk' and
2025-12-28T09:10:41.4314734Z hint: 'development'. The just-created branch can be renamed via this command:
2025-12-28T09:10:41.4315404Z hint:
2025-12-28T09:10:41.4315778Z hint: 	git branch -m <name>
2025-12-28T09:10:41.4316208Z hint:
2025-12-28T09:10:41.4316938Z hint: Disable this message with "git config set advice.defaultBranchName false"
2025-12-28T09:10:41.4318404Z Initialized empty Git repository in /home/runner/work/wood_nano/wood_nano/.git/
2025-12-28T09:10:41.4322974Z [command]/usr/bin/git remote add origin https://github.com/petrasvestartas/wood_nano
2025-12-28T09:10:41.4355603Z ##[endgroup]
2025-12-28T09:10:41.4356315Z ##[group]Disabling automatic garbage collection
2025-12-28T09:10:41.4359715Z [command]/usr/bin/git config --local gc.auto 0
2025-12-28T09:10:41.4387847Z ##[endgroup]
2025-12-28T09:10:41.4388522Z ##[group]Setting up auth
2025-12-28T09:10:41.4394421Z [command]/usr/bin/git config --local --name-only --get-regexp core\.sshCommand
2025-12-28T09:10:41.4424107Z [command]/usr/bin/git submodule foreach --recursive sh -c "git config --local --name-only --get-regexp 'core\.sshCommand' && git config --local --unset-all 'core.sshCommand' || :"
2025-12-28T09:10:41.4825225Z [command]/usr/bin/git config --local --name-only --get-regexp http\.https\:\/\/github\.com\/\.extraheader
2025-12-28T09:10:41.4861599Z [command]/usr/bin/git submodule foreach --recursive sh -c "git config --local --name-only --get-regexp 'http\.https\:\/\/github\.com\/\.extraheader' && git config --local --unset-all 'http.https://github.com/.extraheader' || :"
2025-12-28T09:10:41.5095174Z [command]/usr/bin/git config --local --name-only --get-regexp ^includeIf\.gitdir:
2025-12-28T09:10:41.5126056Z [command]/usr/bin/git submodule foreach --recursive git config --local --show-origin --name-only --get-regexp remote.origin.url
2025-12-28T09:10:41.5380073Z [command]/usr/bin/git config --local http.https://github.com/.extraheader AUTHORIZATION: basic ***
2025-12-28T09:10:41.7077922Z ##[endgroup]
2025-12-28T09:10:41.7079528Z ##[group]Fetching the repository
2025-12-28T09:10:41.7089347Z [command]/usr/bin/git -c protocol.version=2 fetch --prune --no-recurse-submodules origin +refs/heads/*:refs/remotes/origin/* +refs/tags/*:refs/tags/*
2025-12-28T09:10:41.9990140Z From https://github.com/petrasvestartas/wood_nano
2025-12-28T09:10:41.9991692Z  * [new branch]      main       -> origin/main
2025-12-28T09:10:41.9992764Z  * [new tag]         v0.3.0     -> v0.3.0
2025-12-28T09:10:41.9993763Z  * [new tag]         v0.3.1     -> v0.3.1
2025-12-28T09:10:41.9994758Z  * [new tag]         v0.3.2     -> v0.3.2
2025-12-28T09:10:41.9995898Z  * [new tag]         v0.3.3     -> v0.3.3
2025-12-28T09:10:42.0041599Z [command]/usr/bin/git tag --list v0.3.3
2025-12-28T09:10:42.0069780Z v0.3.3
2025-12-28T09:10:42.0080216Z [command]/usr/bin/git rev-parse refs/tags/v0.3.3
2025-12-28T09:10:42.0101391Z e905ef95d13fed3bbcc0e9dc5dd34b9e6efa1829
2025-12-28T09:10:42.0110279Z ##[endgroup]
2025-12-28T09:10:42.0111424Z ##[group]Determining the checkout info
2025-12-28T09:10:42.0112670Z ##[endgroup]
2025-12-28T09:10:42.0113922Z [command]/usr/bin/git sparse-checkout disable
2025-12-28T09:10:42.0155502Z [command]/usr/bin/git config --local --unset-all extensions.worktreeConfig
2025-12-28T09:10:42.0183047Z ##[group]Checking out the ref
2025-12-28T09:10:42.0187782Z [command]/usr/bin/git checkout --progress --force refs/tags/v0.3.3
2025-12-28T09:10:42.0244849Z Note: switching to 'refs/tags/v0.3.3'.
2025-12-28T09:10:42.0245810Z 
2025-12-28T09:10:42.0246356Z You are in 'detached HEAD' state. You can look around, make experimental
2025-12-28T09:10:42.0248016Z changes and commit them, and you can discard any commits you make in this
2025-12-28T09:10:42.0250172Z state without impacting any branches by switching back to a branch.
2025-12-28T09:10:42.0251825Z 
2025-12-28T09:10:42.0252630Z If you want to create a new branch to retain commits you create, you may
2025-12-28T09:10:42.0254514Z do so (now or later) by using -c with the switch command. Example:
2025-12-28T09:10:42.0255602Z 
2025-12-28T09:10:42.0256055Z   git switch -c <new-branch-name>
2025-12-28T09:10:42.0256891Z 
2025-12-28T09:10:42.0257650Z Or undo this operation with:
2025-12-28T09:10:42.0258451Z 
2025-12-28T09:10:42.0259263Z   git switch -
2025-12-28T09:10:42.0259718Z 
2025-12-28T09:10:42.0260304Z Turn off this advice by setting config variable advice.detachedHead to false
2025-12-28T09:10:42.0261174Z 
2025-12-28T09:10:42.0261452Z HEAD is now at e905ef9 Release v0.3.3
2025-12-28T09:10:42.0263410Z ##[endgroup]
2025-12-28T09:10:42.0264400Z ##[group]Setting up auth for fetching submodules
2025-12-28T09:10:42.0266077Z [command]/usr/bin/git config --global http.https://github.com/.extraheader AUTHORIZATION: basic ***
2025-12-28T09:10:42.0301195Z [command]/usr/bin/git config --global --unset-all url.https://github.com/.insteadOf
2025-12-28T09:10:42.0330173Z [command]/usr/bin/git config --global --add url.https://github.com/.insteadOf git@github.com:
2025-12-28T09:10:42.0357741Z [command]/usr/bin/git config --global --add url.https://github.com/.insteadOf org-18013985@github.com:
2025-12-28T09:10:42.0382924Z ##[endgroup]
2025-12-28T09:10:42.0384342Z ##[group]Fetching submodules
2025-12-28T09:10:42.0385789Z [command]/usr/bin/git submodule sync --recursive
2025-12-28T09:10:42.0614805Z [command]/usr/bin/git -c protocol.version=2 submodule update --init --force --recursive
2025-12-28T09:10:42.0830062Z Submodule 'src/wood' (https://github.com/petrasvestartas/wood) registered for path 'src/wood'
2025-12-28T09:10:42.0854134Z Cloning into '/home/runner/work/wood_nano/wood_nano/src/wood'...
2025-12-28T09:10:45.1813319Z Submodule path 'src/wood': checked out 'f5197f5b7b66c53f9fb39da08c6cf4b39ebb67b5'
2025-12-28T09:10:45.1832856Z Submodule 'docs/doxygen-awesome-css' (https://github.com/jothepro/doxygen-awesome-css.git) registered for path 'src/wood/docs/doxygen-awesome-css'
2025-12-28T09:10:45.1859342Z Cloning into '/home/runner/work/wood_nano/wood_nano/src/wood/docs/doxygen-awesome-css'...
2025-12-28T09:10:45.5999798Z Submodule path 'src/wood/docs/doxygen-awesome-css': checked out 'df88fe4fdd97714fadfd3ef17de0b4401f804052'
2025-12-28T09:10:45.6034714Z [command]/usr/bin/git submodule foreach --recursive git config --local gc.auto 0
2025-12-28T09:10:45.6250544Z Entering 'src/wood'
2025-12-28T09:10:45.6285479Z Entering 'src/wood/docs/doxygen-awesome-css'
2025-12-28T09:10:45.6332084Z ##[endgroup]
2025-12-28T09:10:45.6332541Z ##[group]Persisting credentials for submodules
2025-12-28T09:10:45.6338453Z [command]/usr/bin/git submodule foreach --recursive sh -c "git config --local --name-only --get-regexp 'url\.https\:\/\/github\.com\/\.insteadOf' && git config --local --unset-all 'url.https://github.com/.insteadOf' || :"
2025-12-28T09:10:45.6540231Z Entering 'src/wood'
2025-12-28T09:10:45.6581325Z Entering 'src/wood/docs/doxygen-awesome-css'
2025-12-28T09:10:45.6636310Z [command]/usr/bin/git submodule foreach --recursive sh -c "git config --local 'http.https://github.com/.extraheader' 'AUTHORIZATION: basic ***' && git config --local --show-origin --name-only --get-regexp remote.origin.url"
2025-12-28T09:10:45.6837174Z Entering 'src/wood'
2025-12-28T09:10:45.6874981Z file:/home/runner/work/wood_nano/wood_nano/.git/modules/src/wood/config	remote.origin.url
2025-12-28T09:10:45.6893552Z Entering 'src/wood/docs/doxygen-awesome-css'
2025-12-28T09:10:45.6931485Z file:/home/runner/work/wood_nano/wood_nano/.git/modules/src/wood/modules/docs/doxygen-awesome-css/config	remote.origin.url
2025-12-28T09:10:45.6976173Z [command]/usr/bin/git submodule foreach --recursive git config --local --add 'url.https://github.com/.insteadOf' 'git@github.com:'
2025-12-28T09:10:45.7179466Z Entering 'src/wood'
2025-12-28T09:10:45.7214181Z Entering 'src/wood/docs/doxygen-awesome-css'
2025-12-28T09:10:45.7268071Z [command]/usr/bin/git submodule foreach --recursive git config --local --add 'url.https://github.com/.insteadOf' 'org-18013985@github.com:'
2025-12-28T09:10:45.7488890Z Entering 'src/wood'
2025-12-28T09:10:45.7524913Z Entering 'src/wood/docs/doxygen-awesome-css'
2025-12-28T09:10:45.7572381Z ##[endgroup]
2025-12-28T09:10:45.7613766Z [command]/usr/bin/git log -1 --format=%H
2025-12-28T09:10:45.7636953Z e905ef95d13fed3bbcc0e9dc5dd34b9e6efa1829
2025-12-28T09:10:45.7821558Z ##[group]Run pipx run build --sdist
2025-12-28T09:10:45.7821921Z [36;1mpipx run build --sdist[0m
2025-12-28T09:10:45.7858408Z shell: /usr/bin/bash -e {0}
2025-12-28T09:10:45.7858683Z ##[endgroup]
2025-12-28T09:10:46.1119695Z creating virtual environment...
2025-12-28T09:10:46.2498119Z installing build...
2025-12-28T09:10:49.2308523Z * Creating isolated environment: venv+pip...
2025-12-28T09:10:49.2344073Z * Installing packages in isolated environment:
2025-12-28T09:10:50.1863434Z   - nanobind >=1.3.2
2025-12-28T09:10:50.1863939Z   - scikit-build-core >=0.10
2025-12-28T09:10:50.1864394Z * Getting build dependencies for sdist...
2025-12-28T09:10:50.3661769Z * Building sdist...
2025-12-28T09:10:50.5339065Z *** scikit-build-core 0.11.6 (sdist)
2025-12-28T09:11:19.1420470Z Successfully built wood_nano-0.3.3.tar.gz
2025-12-28T09:11:19.1606282Z ##[group]Run actions/upload-artifact@v4
2025-12-28T09:11:19.1606554Z with:
2025-12-28T09:11:19.1606713Z   name: sdist
2025-12-28T09:11:19.1606876Z   path: dist/*.tar.gz
2025-12-28T09:11:19.1607079Z   if-no-files-found: warn
2025-12-28T09:11:19.1607433Z   compression-level: 6
2025-12-28T09:11:19.1607620Z   overwrite: false
2025-12-28T09:11:19.1607804Z   include-hidden-files: false
2025-12-28T09:11:19.1608008Z ##[endgroup]
2025-12-28T09:11:19.3808271Z With the provided path, there will be 1 file uploaded
2025-12-28T09:11:19.3809133Z Artifact name is valid!
2025-12-28T09:11:19.3809496Z Root directory input is valid!
2025-12-28T09:11:19.4870811Z Beginning upload of artifact content to blob storage
2025-12-28T09:11:20.0380132Z Uploaded bytes 8388608
2025-12-28T09:11:20.2316617Z Uploaded bytes 16777216
2025-12-28T09:11:20.4993361Z Uploaded bytes 25165824
2025-12-28T09:11:20.8137815Z Uploaded bytes 33554432
2025-12-28T09:11:21.0067748Z Uploaded bytes 41943040
2025-12-28T09:11:21.2610067Z Uploaded bytes 50331648
2025-12-28T09:11:21.4124933Z Uploaded bytes 58720256
2025-12-28T09:11:21.7418137Z Uploaded bytes 67108864
2025-12-28T09:11:21.9193005Z Uploaded bytes 75497472
2025-12-28T09:11:22.1566333Z Uploaded bytes 83886080
2025-12-28T09:11:22.4631876Z Uploaded bytes 92274688
2025-12-28T09:11:22.6894670Z Uploaded bytes 100663296
2025-12-28T09:11:22.7816749Z Uploaded bytes 103385371
2025-12-28T09:11:22.8022975Z Finished uploading artifact content to blob storage!
2025-12-28T09:11:22.8025865Z SHA256 digest of uploaded artifact zip is 6ff45e74626116038b925d96c4de906fe94a17cec7dd60c124507e7f3e4b0337
2025-12-28T09:11:22.8028377Z Finalizing artifact upload
2025-12-28T09:11:22.8899881Z Artifact sdist.zip successfully finalized. Artifact ID 4978067913
2025-12-28T09:11:22.8901077Z Artifact sdist has been successfully uploaded! Final size is 103385371 bytes. Artifact ID is 4978067913
2025-12-28T09:11:22.8910283Z Artifact download URL: https://github.com/petrasvestartas/wood_nano/actions/runs/20551663192/artifacts/4978067913
2025-12-28T09:11:22.9161404Z Post job cleanup.
2025-12-28T09:11:23.0090628Z [command]/usr/bin/git version
2025-12-28T09:11:23.0126378Z git version 2.52.0
2025-12-28T09:11:23.0170206Z Temporarily overriding HOME='/home/runner/work/_temp/5f9ed0ae-91ff-4541-aaf1-fac1d9f98249' before making global git config changes
2025-12-28T09:11:23.0171505Z Adding repository directory to the temporary git global config as a safe directory
2025-12-28T09:11:23.0176437Z [command]/usr/bin/git config --global --add safe.directory /home/runner/work/wood_nano/wood_nano
2025-12-28T09:11:23.0211751Z [command]/usr/bin/git config --local --name-only --get-regexp core\.sshCommand
2025-12-28T09:11:23.0243636Z [command]/usr/bin/git submodule foreach --recursive sh -c "git config --local --name-only --get-regexp 'core\.sshCommand' && git config --local --unset-all 'core.sshCommand' || :"
2025-12-28T09:11:23.0447874Z Entering 'src/wood'
2025-12-28T09:11:23.0488821Z Entering 'src/wood/docs/doxygen-awesome-css'
2025-12-28T09:11:23.0550758Z [command]/usr/bin/git config --local --name-only --get-regexp http\.https\:\/\/github\.com\/\.extraheader
2025-12-28T09:11:23.0570994Z http.https://github.com/.extraheader
2025-12-28T09:11:23.0582043Z [command]/usr/bin/git config --local --unset-all http.https://github.com/.extraheader
2025-12-28T09:11:23.0611944Z [command]/usr/bin/git submodule foreach --recursive sh -c "git config --local --name-only --get-regexp 'http\.https\:\/\/github\.com\/\.extraheader' && git config --local --unset-all 'http.https://github.com/.extraheader' || :"
2025-12-28T09:11:23.0815597Z Entering 'src/wood'
2025-12-28T09:11:23.0839288Z http.https://github.com/.extraheader
2025-12-28T09:11:23.0871278Z Entering 'src/wood/docs/doxygen-awesome-css'
2025-12-28T09:11:23.0895369Z http.https://github.com/.extraheader
2025-12-28T09:11:23.0945054Z [command]/usr/bin/git config --local --name-only --get-regexp ^includeIf\.gitdir:
2025-12-28T09:11:23.0976072Z [command]/usr/bin/git submodule foreach --recursive git config --local --show-origin --name-only --get-regexp remote.origin.url
2025-12-28T09:11:23.1196219Z Entering 'src/wood'
2025-12-28T09:11:23.1215035Z file:/home/runner/work/wood_nano/wood_nano/.git/modules/src/wood/config	remote.origin.url
2025-12-28T09:11:23.1232205Z Entering 'src/wood/docs/doxygen-awesome-css'
2025-12-28T09:11:23.1251580Z file:/home/runner/work/wood_nano/wood_nano/.git/modules/src/wood/modules/docs/doxygen-awesome-css/config	remote.origin.url
2025-12-28T09:11:23.1287081Z [command]/usr/bin/git config --file /home/runner/work/wood_nano/wood_nano/.git/modules/src/wood/config --name-only --get-regexp ^includeIf\.gitdir:
2025-12-28T09:11:23.1318058Z [command]/usr/bin/git config --file /home/runner/work/wood_nano/wood_nano/.git/modules/src/wood/modules/docs/doxygen-awesome-css/config --name-only --get-regexp ^includeIf\.gitdir:
2025-12-28T09:11:23.1456690Z Cleaning up orphan processes
